05-23 23:07:31.363   512   512 D CompatibilityChangeReporter: Compat change id reported: 135549675; UID 10074; state: ENABLED
05-23 23:07:31.363   512   512 D CompatibilityChangeReporter: Compat change id reported: 135549675; UID 10068; state: ENABLED
05-23 23:07:31.363   512   512 D CompatibilityChangeReporter: Compat change id reported: 135549675; UID 10075; state: ENABLED
05-23 23:07:31.363   512   512 W PackageManager: Failed to parse /system/framework/arm64: Missing base APK in /system/framework/arm64
05-23 23:07:31.363   512   512 W PackageManager: Failed to parse /system/framework/oat: Missing base APK in /system/framework/oat/arm64
05-23 23:07:31.373   512   512 D CompatibilityChangeReporter: Compat change id reported: 135549675; UID 1000; state: ENABLED
05-23 23:07:31.376   512   512 D CompatibilityChangeReporter: Compat change id reported: 135549675; UID 10077; state: ENABLED
05-23 23:07:31.376   512   512 D CompatibilityChangeReporter: Compat change id reported: 135549675; UID 10076; state: ENABLED
05-23 23:07:31.377   512   512 D CompatibilityChangeReporter: Compat change id reported: 135549675; UID 1001; state: ENABLED
05-23 23:07:31.378   512   512 D CompatibilityChangeReporter: Compat change id reported: 135549675; UID 10078; state: ENABLED
05-23 23:07:31.379   512   512 D CompatibilityChangeReporter: Compat change id reported: 135549675; UID 10079; state: ENABLED
05-23 23:07:31.382   512   512 D CompatibilityChangeReporter: Compat change id reported: 135549675; UID 1073; state: ENABLED
05-23 23:07:31.383   512   512 D CompatibilityChangeReporter: Compat change id reported: 135549675; UID 10080; state: ENABLED
05-23 23:07:31.384   512   512 D CompatibilityChangeReporter: Compat change id reported: 135549675; UID 10082; state: ENABLED
05-23 23:07:31.384   512   512 D CompatibilityChangeReporter: Compat change id reported: 135549675; UID 10081; state: ENABLED
05-23 23:07:31.385   512   512 D CompatibilityChangeReporter: Compat change id reported: 135549675; UID 10083; state: ENABLED
05-23 23:07:31.385   512   512 D CompatibilityChangeReporter: Compat change id reported: 135549675; UID 10084; state: ENABLED
05-23 23:07:31.387   512   512 D CompatibilityChangeReporter: Compat change id reported: 135549675; UID 10085; state: ENABLED
05-23 23:07:31.388   512   512 D CompatibilityChangeReporter: Compat change id reported: 135549675; UID 10087; state: ENABLED
05-23 23:07:31.388   512   512 D CompatibilityChangeReporter: Compat change id reported: 135549675; UID 10086; state: ENABLED
05-23 23:07:31.390   512   512 D CompatibilityChangeReporter: Compat change id reported: 135549675; UID 10088; state: ENABLED
05-23 23:07:31.391   512   512 D CompatibilityChangeReporter: Compat change id reported: 135549675; UID 10089; state: ENABLED
05-23 23:07:31.394   512   512 D CompatibilityChangeReporter: Compat change id reported: 135549675; UID 10090; state: ENABLED
05-23 23:07:31.396   512   512 D CompatibilityChangeReporter: Compat change id reported: 135549675; UID 10091; state: ENABLED
05-23 23:07:31.398   512   512 D CompatibilityChangeReporter: Compat change id reported: 135549675; UID 2000; state: ENABLED
05-23 23:07:31.398   512   512 D CompatibilityChangeReporter: Compat change id reported: 135549675; UID 10092; state: ENABLED
05-23 23:07:31.402   512   512 D CompatibilityChangeReporter: Compat change id reported: 135549675; UID 10093; state: ENABLED
05-23 23:07:31.403   512   559 W PackageParsing: No actions in intent-filter at /system/app/CarrierDefaultApp/CarrierDefaultApp.apk Binary XML file line #43
05-23 23:07:31.403   512   512 D CompatibilityChangeReporter: Compat change id reported: 135549675; UID 10095; state: ENABLED
05-23 23:07:31.404   512   512 D CompatibilityChangeReporter: Compat change id reported: 135549675; UID 10094; state: ENABLED
05-23 23:07:31.405   512   512 D CompatibilityChangeReporter: Compat change id reported: 135549675; UID 10096; state: ENABLED
05-23 23:07:31.406   512   512 D CompatibilityChangeReporter: Compat change id reported: 135549675; UID 10097; state: ENABLED
05-23 23:07:31.407   512   512 D CompatibilityChangeReporter: Compat change id reported: 135549675; UID 1002; state: ENABLED
05-23 23:07:31.407   512   512 D CompatibilityChangeReporter: Compat change id reported: 143539591; UID -1; state: DISABLED
05-23 23:07:31.407   512   512 D CompatibilityChangeReporter: Compat change id reported: 135549675; UID 10106; state: DISABLED
05-23 23:07:31.408   512   512 D CompatibilityChangeReporter: Compat change id reported: 135549675; UID 10098; state: ENABLED
05-23 23:07:31.408   512   512 D CompatibilityChangeReporter: Compat change id reported: 135549675; UID 10100; state: ENABLED
05-23 23:07:31.409   512   512 D CompatibilityChangeReporter: Compat change id reported: 135549675; UID 10101; state: ENABLED
05-23 23:07:31.410   512   512 D CompatibilityChangeReporter: Compat change id reported: 135549675; UID 10102; state: ENABLED
05-23 23:07:31.410   512   512 D CompatibilityChangeReporter: Compat change id reported: 135549675; UID 10099; state: ENABLED
05-23 23:07:31.442   512   512 D CompatibilityChangeReporter: Compat change id reported: 135549675; UID 10103; state: ENABLED
05-23 23:07:31.442   512   512 D CompatibilityChangeReporter: Compat change id reported: 135549675; UID 10104; state: DISABLED
05-23 23:07:31.443   512   512 D CompatibilityChangeReporter: Compat change id reported: 135549675; UID 10108; state: ENABLED
05-23 23:07:31.443   512   512 D CompatibilityChangeReporter: Compat change id reported: 135549675; UID 10105; state: ENABLED
05-23 23:07:31.443   512   512 D CompatibilityChangeReporter: Compat change id reported: 135549675; UID 10107; state: DISABLED
05-23 23:07:31.444   512   512 D CompatibilityChangeReporter: Compat change id reported: 135549675; UID 1068; state: ENABLED
05-23 23:07:31.445   512   512 D CompatibilityChangeReporter: Compat change id reported: 135549675; UID 10109; state: ENABLED
05-23 23:07:31.446   512   512 D CompatibilityChangeReporter: Compat change id reported: 135549675; UID 10110; state: ENABLED
05-23 23:07:31.446   512   512 D CompatibilityChangeReporter: Compat change id reported: 135549675; UID 1027; state: ENABLED
05-23 23:07:31.450   512   512 D CompatibilityChangeReporter: Compat change id reported: 135549675; UID 10111; state: DISABLED
05-23 23:07:31.450   512   512 D CompatibilityChangeReporter: Compat change id reported: 135549675; UID 10112; state: DISABLED
05-23 23:07:31.451   512   512 D CompatibilityChangeReporter: Compat change id reported: 135549675; UID 10113; state: DISABLED
05-23 23:07:31.458   512   560 W PackageParsing: Unknown element under <manifest>: meta-data at /product/priv-app/Dialer/Dialer.apk Binary XML file line #115
05-23 23:07:31.459   512   512 D CompatibilityChangeReporter: Compat change id reported: 135549675; UID 10114; state: DISABLED
05-23 23:07:31.459   512   512 D CompatibilityChangeReporter: Compat change id reported: 135549675; UID 10115; state: DISABLED
05-23 23:07:31.460   512   512 D CompatibilityChangeReporter: Compat change id reported: 135549675; UID 10116; state: DISABLED
05-23 23:07:31.460   512   512 D CompatibilityChangeReporter: Compat change id reported: 135549675; UID 10117; state: ENABLED
05-23 23:07:31.463   512   512 D CompatibilityChangeReporter: Compat change id reported: 135549675; UID 10118; state: ENABLED
05-23 23:07:31.464   512   512 D CompatibilityChangeReporter: Compat change id reported: 135549675; UID 10119; state: DISABLED
05-23 23:07:31.465   512   558 W PackageParsing: No actions in intent-filter at /product/priv-app/Contacts/Contacts.apk Binary XML file line #412
05-23 23:07:31.467   512   512 D CompatibilityChangeReporter: Compat change id reported: 135549675; UID 10120; state: DISABLED
05-23 23:07:31.467   512   559 W PackageParsing: No actions in intent-filter at /product/priv-app/AndroidAutoFullPrebuilt/AndroidAutoFullPrebuilt.apk Binary XML file line #834
05-23 23:07:31.468   512   512 D CompatibilityChangeReporter: Compat change id reported: 135549675; UID 10121; state: DISABLED
05-23 23:07:31.488   512   512 W PackageManager: Failed to scan /product/priv-app/Phonesky: Package com.android.vending at /product/priv-app/Phonesky ignored: updated version 84613920 better than this 82302110
05-23 23:07:31.490   512   512 W PackageManager: Failed to scan /product/priv-app/PrebuiltGmsCore: Package com.google.android.gms at /product/priv-app/PrebuiltGmsCore ignored: updated version 251833022 better than this 201817019
05-23 23:07:31.493   512   561 W PackageParsing: No actions in intent-filter at /product/priv-app/Velvet/Velvet.apk Binary XML file line #472
05-23 23:07:31.496   512   512 W PackageManager: Failed to scan /product/priv-app/Velvet: Package com.google.android.googlequicksearchbox at /product/priv-app/Velvet ignored: updated version 301515018 better than this 301090654
05-23 23:07:31.498   512   512 D CompatibilityChangeReporter: Compat change id reported: 135549675; UID 10126; state: ENABLED
05-23 23:07:31.498   512   512 D CompatibilityChangeReporter: Compat change id reported: 135549675; UID 10125; state: DISABLED
05-23 23:07:31.505   512   512 D CompatibilityChangeReporter: Compat change id reported: 135549675; UID 10127; state: DISABLED
05-23 23:07:31.505   512   512 D CompatibilityChangeReporter: Compat change id reported: 135549675; UID 10128; state: DISABLED
05-23 23:07:31.515   512   558 W PackageParsing: No actions in intent-filter at /product/app/Photos/Photos.apk Binary XML file line #1084
05-23 23:07:31.515   512   512 D CompatibilityChangeReporter: Compat change id reported: 135549675; UID 10131; state: DISABLED
05-23 23:07:31.515   512   512 D CompatibilityChangeReporter: Compat change id reported: 135549675; UID 10130; state: ENABLED
05-23 23:07:31.516   512   512 D CompatibilityChangeReporter: Compat change id reported: 135549675; UID 10137; state: ENABLED
05-23 23:07:31.518   512   512 D CompatibilityChangeReporter: Compat change id reported: 135549675; UID 10133; state: DISABLED
05-23 23:07:31.518   512   512 W PackageManager: Failed to scan /product/app/YouTubeMusicPrebuilt: Package com.google.android.apps.youtube.music at /product/app/YouTubeMusicPrebuilt ignored: updated version 81952240 better than this 36951240
05-23 23:07:31.520   512   560 W PackageParsing: Unknown element under <manifest>: meta-data at /product/app/YouTube/YouTube.apk Binary XML file line #113
05-23 23:07:31.521   512   512 D CompatibilityChangeReporter: Compat change id reported: 135549675; UID 10134; state: ENABLED
05-23 23:07:31.521   512   512 D CompatibilityChangeReporter: Compat change id reported: 135549675; UID 10135; state: DISABLED
05-23 23:07:31.525   512   512 D CompatibilityChangeReporter: Compat change id reported: 135549675; UID 10136; state: DISABLED
05-23 23:07:31.526   512   512 W PackageManager: Failed to scan /product/app/YouTube: Package com.google.android.youtube at /product/app/YouTube ignored: updated version 1553202624 better than this 1512439256
05-23 23:07:31.532   512   512 D CompatibilityChangeReporter: Compat change id reported: 135549675; UID 10138; state: DISABLED
05-23 23:07:31.533   512   558 W PackageParsing: No actions in intent-filter at /product/app/PrebuiltGmail/PrebuiltGmail.apk Binary XML file line #555
05-23 23:07:31.533   512   558 W PackageParsing: No actions in intent-filter at /product/app/PrebuiltGmail/PrebuiltGmail.apk Binary XML file line #576
05-23 23:07:31.535   512   512 D CompatibilityChangeReporter: Compat change id reported: 135549675; UID 10140; state: ENABLED
05-23 23:07:31.536   512   512 D CompatibilityChangeReporter: Compat change id reported: 135549675; UID 10141; state: DISABLED
05-23 23:07:31.536   512   512 D CompatibilityChangeReporter: Compat change id reported: 135549675; UID 10142; state: ENABLED
05-23 23:07:31.540   512   512 D CompatibilityChangeReporter: Compat change id reported: 135549675; UID 10139; state: ENABLED
05-23 23:07:31.541   512   559 W PackageParsing: No actions in intent-filter at /product/app/Duo/Duo.apk Binary XML file line #117
05-23 23:07:31.542   512   512 D CompatibilityChangeReporter: Compat change id reported: 135549675; UID 10143; state: DISABLED
05-23 23:07:31.544   512   561 W PackageParsing: No actions in intent-filter at /product/app/PrebuiltBugle/PrebuiltBugle.apk Binary XML file line #638
05-23 23:07:31.544   512   558 W PackageParsing: No actions in intent-filter at /product/app/CalendarGooglePrebuilt/CalendarGooglePrebuilt.apk Binary XML file line #626
05-23 23:07:31.545   512   512 D CompatibilityChangeReporter: Compat change id reported: 135549675; UID 10146; state: DISABLED
05-23 23:07:31.545   512   512 D CompatibilityChangeReporter: Compat change id reported: 135549675; UID 10145; state: DISABLED
05-23 23:07:31.545   512   512 D CompatibilityChangeReporter: Compat change id reported: 135549675; UID 10144; state: DISABLED
05-23 23:07:31.549   512   512 D CompatibilityChangeReporter: Compat change id reported: 135549675; UID 10147; state: ENABLED
05-23 23:07:31.552   512   512 D CompatibilityChangeReporter: Compat change id reported: 135549675; UID 10148; state: ENABLED
05-23 23:07:31.554   512   512 D CompatibilityChangeReporter: Compat change id reported: 135549675; UID 10150; state: ENABLED
05-23 23:07:31.555   512   512 D CompatibilityChangeReporter: Compat change id reported: 135549675; UID 10149; state: ENABLED
05-23 23:07:31.555   512   512 D CompatibilityChangeReporter: Compat change id reported: 135549675; UID 10151; state: ENABLED
05-23 23:07:31.556   512   512 D CompatibilityChangeReporter: Compat change id reported: 135549675; UID 10152; state: ENABLED
05-23 23:07:31.557   512   512 D CompatibilityChangeReporter: Compat change id reported: 135549675; UID 10153; state: DISABLED
05-23 23:07:31.561   512   512 W PackageManager: Skipping provider name com.android.car.ui.CarUiInstaller (in package com.google.android.gsf): name already used by com.android.managedprovisioning
05-23 23:07:31.561   512   512 D CompatibilityChangeReporter: Compat change id reported: 135549675; UID 10123; state: ENABLED
05-23 23:07:31.563   512   512 D CompatibilityChangeReporter: Compat change id reported: 135549675; UID 10154; state: ENABLED
05-23 23:07:31.564   512   512 D CompatibilityChangeReporter: Compat change id reported: 135549675; UID 10155; state: ENABLED
05-23 23:07:31.564   512   512 D CompatibilityChangeReporter: Compat change id reported: 135549675; UID 10156; state: ENABLED
05-23 23:07:31.565   512   512 D CompatibilityChangeReporter: Compat change id reported: 135549675; UID 10157; state: DISABLED
05-23 23:07:31.574   512   559 W PackageParsing: Ignoring duplicate uses-permissions/uses-permissions-sdk-m: android.permission.CONFIGURE_WIFI_DISPLAY in package: com.android.systemui at: Binary XML file line #155
05-23 23:07:31.576   512   512 D CompatibilityChangeReporter: Compat change id reported: 135549675; UID 10158; state: ENABLED
05-23 23:07:31.591   512   560 W PackageParsing: Ignoring duplicate uses-permissions/uses-permissions-sdk-m: android.permission.READ_PRIVILEGED_PHONE_STATE in package: com.android.settings at: Binary XML file line #48
05-23 23:07:31.600   512   512 D CompatibilityChangeReporter: Compat change id reported: 135549675; UID 10159; state: ENABLED
05-23 23:07:31.602   512   512 D CompatibilityChangeReporter: Compat change id reported: 135549675; UID 10163; state: ENABLED
05-23 23:07:31.605   512   512 D CompatibilityChangeReporter: Compat change id reported: 135549675; UID 10164; state: ENABLED
05-23 23:07:31.607   512   512 D CompatibilityChangeReporter: Compat change id reported: 135549675; UID 10167; state: ENABLED
05-23 23:07:31.610   512   512 D CompatibilityChangeReporter: Compat change id reported: 135549675; UID 1073; state: DISABLED
05-23 23:07:31.613   512   512 D CompatibilityChangeReporter: Compat change id reported: 135549675; UID 10162; state: ENABLED
05-23 23:07:31.619   512   512 D CompatibilityChangeReporter: Compat change id reported: 135549675; UID 10166; state: DISABLED
05-23 23:07:31.623   512   512 D CompatibilityChangeReporter: Compat change id reported: 135549675; UID 10165; state: ENABLED
05-23 23:07:31.625   512   512 D CompatibilityChangeReporter: Compat change id reported: 135549675; UID 10160; state: DISABLED
05-23 23:07:31.626   512   512 D CompatibilityChangeReporter: Compat change id reported: 135549675; UID 10161; state: DISABLED
05-23 23:07:31.628   512   512 I PackageManager: Finished scanning system apps. Time: 619 ms, packageCount: 197 , timePerPackage: 3 , cached: 0
05-23 23:07:31.633   512   512 W android.permission.PermissionManager: Missing ActivityManager; assuming 1000 holds android.permission.READ_COMPAT_CHANGE_CONFIG
05-23 23:07:31.633   512   512 W android.permission.PermissionManager: Missing ActivityManager; assuming 1000 holds android.permission.LOG_COMPAT_CHANGE
05-23 23:07:31.633   512   512 D CompatibilityChangeReporter: Compat change id reported: 133396946; UID -1; state: DISABLED
05-23 23:07:31.635   512   512 D CompatibilityChangeReporter: Compat change id reported: 135549675; UID 10168; state: DISABLED
05-23 23:07:31.660   512   559 W PackageParsing: Unknown element under <application>: property at /data/app/~~r7HvUt9kJ0jEojm6hbYBzw==/com.google.android.youtube-boZuVmfnSvcbN-nUFdICiA==/base.apk Binary XML file line #445
05-23 23:07:31.663   512   512 W PackageManager: Relax SCAN_REQUIRE_KNOWN requirement for package com.google.android.youtube
05-23 23:07:31.664   512   512 D CompatibilityChangeReporter: Compat change id reported: 135549675; UID 10132; state: ENABLED
05-23 23:07:31.665   512   560 W PackageParsing: Unknown element under <application>: property at /data/app/~~Rp521oKmp1ZKWfrI2J9LSg==/com.android.vending--c_FeECRZrZ9iBlFVbZCUg==/base.apk Binary XML file line #593
05-23 23:07:31.666   512   560 W PackageParsing: Unknown element under <application>: property at /data/app/~~Rp521oKmp1ZKWfrI2J9LSg==/com.android.vending--c_FeECRZrZ9iBlFVbZCUg==/base.apk Binary XML file line #1332
05-23 23:07:31.668   512   560 W PackageParsing: Unknown element under <manifest>: uses-sdk at /data/app/~~Rp521oKmp1ZKWfrI2J9LSg==/com.android.vending--c_FeECRZrZ9iBlFVbZCUg==/base.apk Binary XML file line #9
05-23 23:07:31.668   512   560 W PackageParsing: Unknown element under <manifest>: module at /data/app/~~Rp521oKmp1ZKWfrI2J9LSg==/com.android.vending--c_FeECRZrZ9iBlFVbZCUg==/base.apk Binary XML file line #11
05-23 23:07:31.669   512   512 W PackageManager: Relax SCAN_REQUIRE_KNOWN requirement for package com.android.vending
05-23 23:07:31.670   512   512 D CompatibilityChangeReporter: Compat change id reported: 135549675; UID 10122; state: ENABLED
05-23 23:07:31.680   512   559 W PackageParsing: Unknown element under <application>: property at /data/app/~~ERKUddD7zdRpM0c0zGElBw==/com.google.android.apps.youtube.music-DY9XRybAJYjBQcgV8c8QcQ==/base.apk Binary XML file line #333
05-23 23:07:31.682   512   559 W PackageParsing: Unknown element under <activity>: property at /data/app/~~ERKUddD7zdRpM0c0zGElBw==/com.google.android.apps.youtube.music-DY9XRybAJYjBQcgV8c8QcQ==/base.apk Binary XML file line #1052
05-23 23:07:31.684   512   512 W PackageManager: Relax SCAN_REQUIRE_KNOWN requirement for package com.google.android.apps.youtube.music
05-23 23:07:31.684   512   512 D CompatibilityChangeReporter: Compat change id reported: 135549675; UID 10129; state: ENABLED
05-23 23:07:31.693   512   559 W android.permission.PermissionManager: Missing ActivityManager; assuming 1000 holds android.permission.READ_COMPAT_CHANGE_CONFIG
05-23 23:07:31.693   512   559 W android.permission.PermissionManager: Missing ActivityManager; assuming 1000 holds android.permission.LOG_COMPAT_CHANGE
05-23 23:07:31.693   512   559 D CompatibilityChangeReporter: Compat change id reported: 132742131; UID -1; state: DISABLED
05-23 23:07:31.694   512   512 W android.permission.PermissionManager: Missing ActivityManager; assuming 1000 holds android.permission.READ_COMPAT_CHANGE_CONFIG
05-23 23:07:31.694   512   512 W android.permission.PermissionManager: Missing ActivityManager; assuming 1000 holds android.permission.LOG_COMPAT_CHANGE
05-23 23:07:31.695   512   512 D CompatibilityChangeReporter: Compat change id reported: 135549675; UID 10170; state: DISABLED
05-23 23:07:31.701   512   560 W PackageParsing: Unknown element under <application>: property at /data/app/~~Io3f_vYCONPAlStSX1ZbEw==/com.netease.cloudmusic-tn4tkTZa5l059akdxGI36A==/base.apk Binary XML file line #539
05-23 23:07:31.701   512   560 W PackageParsing: Unknown element under <application>: property at /data/app/~~Io3f_vYCONPAlStSX1ZbEw==/com.netease.cloudmusic-tn4tkTZa5l059akdxGI36A==/base.apk Binary XML file line #542
05-23 23:07:31.702   512   560 W PackageParsing: Unknown element under <application>: uses-native-library at /data/app/~~Io3f_vYCONPAlStSX1ZbEw==/com.netease.cloudmusic-tn4tkTZa5l059akdxGI36A==/base.apk Binary XML file line #619
05-23 23:07:31.702   512   560 W PackageParsing: Unknown element under <application>: uses-native-library at /data/app/~~Io3f_vYCONPAlStSX1ZbEw==/com.netease.cloudmusic-tn4tkTZa5l059akdxGI36A==/base.apk Binary XML file line #622
05-23 23:07:31.702   512   560 W PackageParsing: Unknown element under <application>: uses-native-library at /data/app/~~Io3f_vYCONPAlStSX1ZbEw==/com.netease.cloudmusic-tn4tkTZa5l059akdxGI36A==/base.apk Binary XML file line #625
05-23 23:07:31.704   512   560 W PackageParsing: Unknown element under <activity>: property at /data/app/~~Io3f_vYCONPAlStSX1ZbEw==/com.netease.cloudmusic-tn4tkTZa5l059akdxGI36A==/base.apk Binary XML file line #2492
05-23 23:07:31.706   512   558 W PackageParsing: Unknown element under <application>: property at /data/app/~~UCyGwRmUJt9nUQM2-9ic6g==/com.google.android.gms-UA1Bti-hH8r-nQQdn7ts7g==/base.apk Binary XML file line #1737
05-23 23:07:31.708   512   512 W android.permission.PermissionManager: Missing ActivityManager; assuming 1000 holds android.permission.READ_COMPAT_CHANGE_CONFIG
05-23 23:07:31.708   512   512 W android.permission.PermissionManager: Missing ActivityManager; assuming 1000 holds android.permission.LOG_COMPAT_CHANGE
05-23 23:07:31.708   512   512 D CompatibilityChangeReporter: Compat change id reported: 133396946; UID -1; state: ENABLED
05-23 23:07:31.710   512   512 W PackageManager: Skipping provider name com.netease.cloudmusic.fileprovider (in package com.netease.cloudmusic): name already used by com.netease.cloudmusic
05-23 23:07:31.710   512   512 W PackageManager: Skipping provider name com.netease.cloudmusic.fileprovider (in package com.netease.cloudmusic): name already used by com.netease.cloudmusic
05-23 23:07:31.710   512   512 D CompatibilityChangeReporter: Compat change id reported: 135549675; UID 10169; state: ENABLED
05-23 23:07:31.712   512   561 W PackageParsing: Unknown element under <application>: property at /data/app/~~ZYZE0xEpB47pNcXW6KG1fQ==/com.google.android.googlequicksearchbox-CadozQ7NhLkFDy7C3C7jRw==/base.apk Binary XML file line #1904
05-23 23:07:31.712   512   561 W PackageParsing: Unknown element under <application>: property at /data/app/~~ZYZE0xEpB47pNcXW6KG1fQ==/com.google.android.googlequicksearchbox-CadozQ7NhLkFDy7C3C7jRw==/base.apk Binary XML file line #1911
05-23 23:07:31.712   512   561 W PackageParsing: No actions in intent-filter at /data/app/~~ZYZE0xEpB47pNcXW6KG1fQ==/com.google.android.googlequicksearchbox-CadozQ7NhLkFDy7C3C7jRw==/base.apk Binary XML file line #2361
05-23 23:07:31.714   512   561 W PackageParsing: Unknown element under service: property at /data/app/~~ZYZE0xEpB47pNcXW6KG1fQ==/com.google.android.googlequicksearchbox-CadozQ7NhLkFDy7C3C7jRw==/base.apk Binary XML file line #3593
05-23 23:07:31.714   512   561 W PackageParsing: No actions in intent-filter at /data/app/~~ZYZE0xEpB47pNcXW6KG1fQ==/com.google.android.googlequicksearchbox-CadozQ7NhLkFDy7C3C7jRw==/base.apk Binary XML file line #3995
05-23 23:07:31.714   512   561 W PackageParsing: Unknown element under <application>: property at /data/app/~~ZYZE0xEpB47pNcXW6KG1fQ==/com.google.android.googlequicksearchbox-CadozQ7NhLkFDy7C3C7jRw==/base.apk Binary XML file line #4164
05-23 23:07:31.715   512   561 W PackageParsing: Unknown element under <application>: property at /data/app/~~ZYZE0xEpB47pNcXW6KG1fQ==/com.google.android.googlequicksearchbox-CadozQ7NhLkFDy7C3C7jRw==/base.apk Binary XML file line #6018
05-23 23:07:31.715   512   561 W PackageParsing: Unknown element under <application>: property at /data/app/~~ZYZE0xEpB47pNcXW6KG1fQ==/com.google.android.googlequicksearchbox-CadozQ7NhLkFDy7C3C7jRw==/base.apk Binary XML file line #6025
05-23 23:07:31.715   512   558 W PackageParsing: Unknown element under <manifest>: uses-sdk at /data/app/~~UCyGwRmUJt9nUQM2-9ic6g==/com.google.android.gms-UA1Bti-hH8r-nQQdn7ts7g==/base.apk Binary XML file line #10
05-23 23:07:31.715   512   558 W PackageParsing: Unknown element under <manifest>: module at /data/app/~~UCyGwRmUJt9nUQM2-9ic6g==/com.google.android.gms-UA1Bti-hH8r-nQQdn7ts7g==/base.apk Binary XML file line #14
05-23 23:07:31.715   512   558 W PackageParsing: Unknown element under <manifest>: uses-sdk at /data/app/~~UCyGwRmUJt9nUQM2-9ic6g==/com.google.android.gms-UA1Bti-hH8r-nQQdn7ts7g==/base.apk Binary XML file line #10
05-23 23:07:31.715   512   558 W PackageParsing: Unknown element under <manifest>: module at /data/app/~~UCyGwRmUJt9nUQM2-9ic6g==/com.google.android.gms-UA1Bti-hH8r-nQQdn7ts7g==/base.apk Binary XML file line #14
05-23 23:07:31.715   512   558 W PackageParsing: Unknown element under <manifest>: permission at /data/app/~~UCyGwRmUJt9nUQM2-9ic6g==/com.google.android.gms-UA1Bti-hH8r-nQQdn7ts7g==/base.apk Binary XML file line #24
05-23 23:07:31.715   512   558 W PackageParsing: Unknown element under <manifest>: uses-sdk at /data/app/~~UCyGwRmUJt9nUQM2-9ic6g==/com.google.android.gms-UA1Bti-hH8r-nQQdn7ts7g==/base.apk Binary XML file line #10
05-23 23:07:31.715   512   558 W PackageParsing: Unknown element under <manifest>: module at /data/app/~~UCyGwRmUJt9nUQM2-9ic6g==/com.google.android.gms-UA1Bti-hH8r-nQQdn7ts7g==/base.apk Binary XML file line #14
05-23 23:07:31.715   512   558 W PackageParsing: Unknown element under <manifest>: permission at /data/app/~~UCyGwRmUJt9nUQM2-9ic6g==/com.google.android.gms-UA1Bti-hH8r-nQQdn7ts7g==/base.apk Binary XML file line #24
05-23 23:07:31.716   512   558 W PackageParsing: Unknown element under <manifest>: uses-sdk at /data/app/~~UCyGwRmUJt9nUQM2-9ic6g==/com.google.android.gms-UA1Bti-hH8r-nQQdn7ts7g==/base.apk Binary XML file line #10
05-23 23:07:31.716   512   558 W PackageParsing: Unknown element under <manifest>: module at /data/app/~~UCyGwRmUJt9nUQM2-9ic6g==/com.google.android.gms-UA1Bti-hH8r-nQQdn7ts7g==/base.apk Binary XML file line #14
05-23 23:07:31.716   512   558 W PackageParsing: Unknown element under <manifest>: permission at /data/app/~~UCyGwRmUJt9nUQM2-9ic6g==/com.google.android.gms-UA1Bti-hH8r-nQQdn7ts7g==/base.apk Binary XML file line #24
05-23 23:07:31.716   512   558 W PackageParsing: Unknown element under <manifest>: uses-sdk at /data/app/~~UCyGwRmUJt9nUQM2-9ic6g==/com.google.android.gms-UA1Bti-hH8r-nQQdn7ts7g==/base.apk Binary XML file line #10
05-23 23:07:31.716   512   558 W PackageParsing: Unknown element under <manifest>: module at /data/app/~~UCyGwRmUJt9nUQM2-9ic6g==/com.google.android.gms-UA1Bti-hH8r-nQQdn7ts7g==/base.apk Binary XML file line #14
05-23 23:07:31.716   512   558 W PackageParsing: Unknown element under <manifest>: uses-feature at /data/app/~~UCyGwRmUJt9nUQM2-9ic6g==/com.google.android.gms-UA1Bti-hH8r-nQQdn7ts7g==/base.apk Binary XML file line #24
05-23 23:07:31.716   512   558 W PackageParsing: Unknown element under <manifest>: queries at /data/app/~~UCyGwRmUJt9nUQM2-9ic6g==/com.google.android.gms-UA1Bti-hH8r-nQQdn7ts7g==/base.apk Binary XML file line #28
05-23 23:07:31.716   512   558 W PackageParsing: Unknown element under <manifest>: permission at /data/app/~~UCyGwRmUJt9nUQM2-9ic6g==/com.google.android.gms-UA1Bti-hH8r-nQQdn7ts7g==/base.apk Binary XML file line #34
05-23 23:07:31.716   512   558 W PackageParsing: Unknown element under <manifest>: uses-sdk at /data/app/~~UCyGwRmUJt9nUQM2-9ic6g==/com.google.android.gms-UA1Bti-hH8r-nQQdn7ts7g==/base.apk Binary XML file line #10
05-23 23:07:31.716   512   558 W PackageParsing: Unknown element under <manifest>: module at /data/app/~~UCyGwRmUJt9nUQM2-9ic6g==/com.google.android.gms-UA1Bti-hH8r-nQQdn7ts7g==/base.apk Binary XML file line #14
05-23 23:07:31.716   512   558 W PackageParsing: Unknown element under <manifest>: permission at /data/app/~~UCyGwRmUJt9nUQM2-9ic6g==/com.google.android.gms-UA1Bti-hH8r-nQQdn7ts7g==/base.apk Binary XML file line #24
05-23 23:07:31.717   512   558 W PackageParsing: Unknown element under <manifest>: uses-sdk at /data/app/~~UCyGwRmUJt9nUQM2-9ic6g==/com.google.android.gms-UA1Bti-hH8r-nQQdn7ts7g==/base.apk Binary XML file line #10
05-23 23:07:31.717   512   558 W PackageParsing: Unknown element under <manifest>: module at /data/app/~~UCyGwRmUJt9nUQM2-9ic6g==/com.google.android.gms-UA1Bti-hH8r-nQQdn7ts7g==/base.apk Binary XML file line #14
05-23 23:07:31.717   512   558 W PackageParsing: Unknown element under <manifest>: permission at /data/app/~~UCyGwRmUJt9nUQM2-9ic6g==/com.google.android.gms-UA1Bti-hH8r-nQQdn7ts7g==/base.apk Binary XML file line #24
05-23 23:07:31.717   512   512 W PackageManager: Relax SCAN_REQUIRE_KNOWN requirement for package com.google.android.googlequicksearchbox
05-23 23:07:31.717   512   558 W PackageParsing: Unknown element under <manifest>: uses-sdk at /data/app/~~UCyGwRmUJt9nUQM2-9ic6g==/com.google.android.gms-UA1Bti-hH8r-nQQdn7ts7g==/base.apk Binary XML file line #10
05-23 23:07:31.717   512   558 W PackageParsing: Unknown element under <manifest>: module at /data/app/~~UCyGwRmUJt9nUQM2-9ic6g==/com.google.android.gms-UA1Bti-hH8r-nQQdn7ts7g==/base.apk Binary XML file line #14
05-23 23:07:31.717   512   558 W PackageParsing: Unknown element under <manifest>: permission at /data/app/~~UCyGwRmUJt9nUQM2-9ic6g==/com.google.android.gms-UA1Bti-hH8r-nQQdn7ts7g==/base.apk Binary XML file line #24
05-23 23:07:31.718   512   512 D CompatibilityChangeReporter: Compat change id reported: 135549675; UID 10124; state: ENABLED
05-23 23:07:31.719   512   512 W PackageManager: Relax SCAN_REQUIRE_KNOWN requirement for package com.google.android.gms
05-23 23:07:31.723   512   512 I PackageManager: Finished scanning non-system apps. Time: 94 ms, packageCount: 8 , timePerPackage: 11 , cached: 0
05-23 23:07:31.724   512   512 E PackageManager: Shared lib without setting: SharedLibraryInfo{name:com.google.android.trichromelibrary, type:static, version:447211484}
05-23 23:07:31.724   512   512 E PackageManager: Shared lib without setting: SharedLibraryInfo{name:com.google.android.trichromelibrary, type:static, version:447211484}
05-23 23:07:31.724   512   512 I PackageManager: Time to scan packages: 0.715 seconds
05-23 23:07:31.724   512   512 I PackageManager: Permission ownership changed. Updating all permissions.
05-23 23:07:31.727   512   512 V PackageManager: reconcileAppsData for null u0 0x1 migrateAppData=true
05-23 23:07:31.736   512   512 V PackageManager: reconcileAppsData finished 22 packages
05-23 23:07:31.736   512   512 I PackageManagerTiming: write settings
05-23 23:07:31.736   512   576 I SystemServerTimingAsync: InitThreadPoolExec:prepareAppData
05-23 23:07:31.748   512   512 I PackageManagerTiming: GC
05-23 23:07:31.762   512   512 V UserManagerService: Checking that all system packages are whitelisted.
05-23 23:07:31.762   512   512 W UserManagerService: checkWhitelistedSystemPackages(mode=ENFORCE|IMPLICIT_WHITELIST|IMPLICIT_WHITELIST_SYSTEM) has 2 warnings:
05-23 23:07:31.762   512   512 W UserManagerService: com.android.wallpapercropper is whitelisted but not present.
05-23 23:07:31.762   512   512 W UserManagerService: com.android.wallpaperpicker is whitelisted but not present.
05-23 23:07:31.762   512   512 I Watchdog: Resuming HandlerChecker: main thread for reason: packagemanagermain. Pause count: 0
05-23 23:07:31.762   512   512 I SystemServerDexLoadReporter: Configuring system server dex reporter
05-23 23:07:31.764   512   512 I SystemServerTiming: StartOtaDexOptService
05-23 23:07:31.764   512   512 I Watchdog: Pausing HandlerChecker: main thread for reason: moveab. Pause count: 1
05-23 23:07:31.765   512   512 D OTADexopt: No upgrade, skipping A/B artifacts check.
05-23 23:07:31.765   512   512 I Watchdog: Resuming HandlerChecker: main thread for reason: moveab. Pause count: 0
05-23 23:07:31.765   512   512 I SystemServerTiming: StartUserManagerService
05-23 23:07:31.765   512   512 I SystemServiceManager: Starting com.android.server.pm.UserManagerService$LifeCycle
05-23 23:07:31.765   512   512 I SystemServerTiming: InitAttributerCache
05-23 23:07:31.765   512   512 I SystemServerTiming: SetSystemProcess
05-23 23:07:31.766   512   530 E HistoricalRegistry: Interaction before persistence initialized
05-23 23:07:31.768   512   542 I ActivityManager: Connection with lmkd established
05-23 23:07:31.768   512   512 I SystemServerTiming: InitWatchdog
05-23 23:07:31.780   512   530 E HistoricalRegistry: Interaction before persistence initialized
05-23 23:07:31.795   512   512 I SystemServerTiming: StartOverlayManagerService
05-23 23:07:31.835   391   584 I storaged: storaged: Start
05-23 23:07:31.837   512   512 I SystemServerTiming: StartSensorPrivacyService
05-23 23:07:31.837   512   512 I SystemServerTiming: startCoreServices
05-23 23:07:31.837   512   512 I SystemServerTiming: StartSystemConfigService
05-23 23:07:31.837   512   512 I SystemServiceManager: Starting com.android.server.SystemConfigService
05-23 23:07:31.837   512   586 I SystemServerTimingAsync: InitThreadPoolExec:StartSensorService
05-23 23:07:31.837   512   586 I SystemServerTimingAsync: StartSensorService
05-23 23:07:31.837   512   512 I SystemServerTiming: StartBatteryService
05-23 23:07:31.837   512   512 I SystemServiceManager: Starting com.android.server.BatteryService
05-23 23:07:31.840   512   586 E HistoricalRegistry: Interaction before persistence initialized
05-23 23:07:31.840   512   546 I BatteryStatsImpl: Resetting battery stats: level=100 status=4 dischargeLevel=100 lowAmount=0 highAmount=0
05-23 23:07:31.843   512   512 I HealthServiceWrapper: health: HealthServiceWrapper listening to instance default
05-23 23:07:31.843   512   512 I BatteryService: health: Waited 0ms and received the update.
05-23 23:07:31.843   512   512 I SystemServerTiming: StartUsageService
05-23 23:07:31.843   512   512 I SystemServiceManager: Starting com.android.server.usage.UsageStatsService
05-23 23:07:31.845   512   512 I SystemServerTiming: StartWebViewUpdateService
05-23 23:07:31.845   512   512 I SystemServiceManager: Starting com.android.server.webkit.WebViewUpdateService
05-23 23:07:31.845   512   512 I SystemServerTiming: StartCachedDeviceStateService
05-23 23:07:31.845   512   512 I SystemServiceManager: Starting com.android.server.CachedDeviceStateService
05-23 23:07:31.845   512   512 I SystemServerTiming: StartBinderCallsStatsService
05-23 23:07:31.845   512   512 I SystemServiceManager: Starting com.android.server.BinderCallsStatsService$LifeCycle
05-23 23:07:31.846   512   512 I SystemServerTiming: StartLooperStatsService
05-23 23:07:31.846   512   512 I SystemServiceManager: Starting com.android.server.LooperStatsService$Lifecycle
05-23 23:07:31.846   512   512 I SystemServerTiming: StartRollbackManagerService
05-23 23:07:31.846   512   512 I SystemServiceManager: Starting com.android.server.rollback.RollbackManagerService
05-23 23:07:31.846   512   512 I PackageWatchdog: Syncing state, reason: added new observer
05-23 23:07:31.846   512   512 I PackageWatchdog: Not pruning observers, elapsed time: 0ms
05-23 23:07:31.846   512   512 I PackageWatchdog: Cancelling state sync, nothing to sync
05-23 23:07:31.847   512   539 I PackageWatchdog: Saving observer state to file
05-23 23:07:31.847   512   512 I SystemServerTiming: StartBugreportManagerService
05-23 23:07:31.847   512   512 I SystemServiceManager: Starting com.android.server.os.BugreportManagerService
05-23 23:07:31.848   512   512 I SystemServerTiming: GpuService
05-23 23:07:31.848   512   512 I SystemServiceManager: Starting com.android.server.gpu.GpuService
05-23 23:07:31.848   512   512 I SystemServerTiming: startOtherServices
05-23 23:07:31.848   512   512 I SystemServerTiming: StartKeyAttestationApplicationIdProviderService
05-23 23:07:31.848   512   596 I SystemServerTimingAsync: InitThreadPoolExec:SecondaryZygotePreload
05-23 23:07:31.848   512   596 I SystemServer: SecondaryZygotePreload
05-23 23:07:31.848   512   596 I SystemServerTimingAsync: SecondaryZygotePreload
05-23 23:07:31.848   512   512 I SystemServerTiming: StartKeyChainSystemService
05-23 23:07:31.848   512   512 I SystemServiceManager: Starting com.android.server.security.KeyChainSystemService
05-23 23:07:31.848   512   512 I SystemServerTiming: StartSchedulingPolicyService
05-23 23:07:31.848   512   538 I SystemServerTimingAsync: InitThreadPoolExec:SchedulingPolicyService.<init>
05-23 23:07:31.848   512   512 I SystemServerTiming: StartTelecomLoaderService
05-23 23:07:31.848   512   512 I SystemServiceManager: Starting com.android.server.telecom.TelecomLoaderService
05-23 23:07:31.848   512   512 I SystemServerTiming: StartTelephonyRegistry
05-23 23:07:31.848   512   512 I SystemServerTiming: StartEntropyMixer
05-23 23:07:31.849   512   596 E SystemServer: Exception preloading default resources
05-23 23:07:31.849   512   596 E SystemServer: java.lang.ArrayIndexOutOfBoundsException: length=0; index=0
05-23 23:07:31.849   512   596 E SystemServer: 	at com.android.server.SystemServer.lambda$startOtherServices$1(SystemServer.java:1068)
05-23 23:07:31.849   512   596 E SystemServer: 	at com.android.server.-$$Lambda$SystemServer$VBGb9VpEls6bUcVBPwYLtX7qDTs.run(Unknown Source:0)
05-23 23:07:31.849   512   596 E SystemServer: 	at com.android.server.SystemServerInitThreadPool.lambda$submitTask$0$SystemServerInitThreadPool(SystemServerInitThreadPool.java:103)
05-23 23:07:31.849   512   596 E SystemServer: 	at com.android.server.-$$Lambda$SystemServerInitThreadPool$o2_GLo0lnkotYmRdTfg66UETEwQ.run(Unknown Source:6)
05-23 23:07:31.849   512   596 E SystemServer: 	at java.util.concurrent.Executors$RunnableAdapter.call(Executors.java:462)
05-23 23:07:31.849   512   596 E SystemServer: 	at java.util.concurrent.FutureTask.run(FutureTask.java:266)
05-23 23:07:31.849   512   596 E SystemServer: 	at java.util.concurrent.ThreadPoolExecutor.runWorker(ThreadPoolExecutor.java:1167)
05-23 23:07:31.849   512   596 E SystemServer: 	at java.util.concurrent.ThreadPoolExecutor$Worker.run(ThreadPoolExecutor.java:641)
05-23 23:07:31.849   512   596 E SystemServer: 	at com.android.internal.util.ConcurrentUtils$1$1.run(ConcurrentUtils.java:65)
05-23 23:07:31.855   512   576 I PackageManager: Deferred reconcileAppsData finished 183 packages
05-23 23:07:31.859   512   512 I EntropyMixer: Added HW RNG output to entropy pool
05-23 23:07:31.860   512   512 I EntropyMixer: Writing entropy...
05-23 23:07:31.861   512   512 I SystemServerTiming: StartAccountManagerService
05-23 23:07:31.861   512   512 I SystemServiceManager: Starting com.android.server.accounts.AccountManagerService$Lifecycle
05-23 23:07:31.861   512   512 I SystemServerTiming: StartContentService
05-23 23:07:31.861   512   512 I SystemServiceManager: Starting com.android.server.content.ContentService$Lifecycle
05-23 23:07:31.862   512   512 I SystemServerTiming: InstallSystemProviders
05-23 23:07:31.871   512   512 I SystemServerTiming: StartDropBoxManager
05-23 23:07:31.871   512   512 I SystemServiceManager: Starting com.android.server.DropBoxManagerService
05-23 23:07:31.871   512   512 I SystemServerTiming: StartVibratorService
05-23 23:07:31.872   512   512 I SystemServerTiming: StartDynamicSystemService
05-23 23:07:31.872   512   512 I SystemServerTiming: StartConsumerIrService
05-23 23:07:31.873   512   512 I SystemServerTiming: StartAlarmManagerService
05-23 23:07:31.873   512   512 E HistoricalRegistry: Interaction before persistence initialized
05-23 23:07:31.873   512   512 I SystemServerTiming: StartInputManagerService
05-23 23:07:31.873   512   512 I InputManager: Initializing input manager, mUseDevInputEventForAudioJack=true
05-23 23:07:31.874   512   512 I SystemServerTiming: StartWindowManagerService
05-23 23:07:31.875   512   534 I WindowManager: No existing display settings, starting empty
05-23 23:07:31.877   512   512 I SystemServerTiming: SetWindowManagerService
05-23 23:07:31.882   512   512 I ActivityTaskManager: Loaded persisted task ids for user 0
05-23 23:07:31.882   512   512 I SystemServerTiming: WindowManagerServiceOnInitReady
05-23 23:07:31.885   512   512 I SystemServerTiming: StartInputManager
05-23 23:07:31.885   512   512 I InputManager: Starting input manager
05-23 23:07:31.885   512   586 I SystemServerTimingAsync: InitThreadPoolExec:StartHidlServices
05-23 23:07:31.885   512   586 I SystemServerTimingAsync: StartHidlServices
05-23 23:07:31.885   512   512 I SystemServerTiming: DisplayManagerWindowManagerAndInputReady
05-23 23:07:31.885   512   512 I SystemServerTiming: StartBluetoothService
05-23 23:07:31.885   512   512 I SystemServiceManager: Starting com.android.server.BluetoothService
05-23 23:07:31.887   512   512 D BluetoothManagerService: Loading stored name and address
05-23 23:07:31.887   512   512 D BluetoothManagerService: Stored bluetooth Name=sdk_gphone_arm64,Address=3C:5A:B4:01:02:03
05-23 23:07:31.887   512   512 D BluetoothManagerService: Bluetooth persisted state: 1
05-23 23:07:31.887   512   512 D BluetoothManagerService: Startup: Bluetooth persisted state is ON.
05-23 23:07:31.887   512   512 D BluetoothManagerService: Detected SystemUiUid: 10158
05-23 23:07:31.887   512   512 I SystemServerTiming: IpConnectivityMetrics
05-23 23:07:31.887   512   512 I SystemServiceManager: Starting com.android.server.connectivity.IpConnectivityMetrics
05-23 23:07:31.887   512   512 I SystemServerTiming: NetworkWatchlistService
05-23 23:07:31.887   512   512 I SystemServiceManager: Starting com.android.server.net.watchlist.NetworkWatchlistService$Lifecycle
05-23 23:07:31.888   512   512 I WatchlistSettings: Reload watchlist settings done
05-23 23:07:31.889   512   606 I WatchlistLoggingHandler: Last report time is larger than current time, reset report
05-23 23:07:31.889   512   512 I SystemServerTiming: PinnerService
05-23 23:07:31.889   512   512 I SystemServiceManager: Starting com.android.server.PinnerService
05-23 23:07:31.889   512   512 E HistoricalRegistry: Interaction before persistence initialized
05-23 23:07:31.889   512   512 I SystemServerTiming: IorapForwardingService
05-23 23:07:31.889   512   512 I SystemServiceManager: Starting com.google.android.startop.iorap.IorapForwardingService
05-23 23:07:31.890   512   540 I DropBoxManagerService: add tag=system_server_wtf isTagEnabled=true flags=0x2
05-23 23:07:31.890   512   512 I SystemServerTiming: SignedConfigService
05-23 23:07:31.890   512   512 I SystemServerTiming: AppIntegrityService
05-23 23:07:31.890   512   512 I SystemServiceManager: Starting com.android.server.integrity.AppIntegrityManagerService
05-23 23:07:31.891   512   512 E IntegrityFileManager: Error creating staging and rules directory
05-23 23:07:31.892   512   606 I WatchlistLoggingHandler: No need to aggregate record yet.
05-23 23:07:31.892   512   606 I WatchlistLoggingHandler: Milliseconds spent on tryAggregateRecords(): 3
05-23 23:07:31.894   512   512 I WindowManager: SAFE MODE not enabled
05-23 23:07:31.894   512   512 I SystemServerTiming: StartInputMethodManagerLifecycle
05-23 23:07:31.894   512   512 I SystemServiceManager: Starting com.android.server.inputmethod.InputMethodManagerService$Lifecycle
05-23 23:07:31.894   512   512 I SystemServerTiming: StartAccessibilityManagerService
05-23 23:07:31.894   512   512 I SystemServiceManager: Starting com.android.server.accessibility.AccessibilityManagerService$Lifecycle
05-23 23:07:31.895   512   512 I SystemServerTiming: MakeDisplayReady
05-23 23:07:31.895   512   512 I ActivityTaskManager: Config changes=20005df8 {1.0 ?mcc?mnc [en_US] ldltr sw411dp w411dp h659dp 420dpi nrml port ?uimode ?night -touch qwerty/v/v dpad/v winConfig={ mBounds=Rect(0, 0 - 1080, 1920) mAppBounds=Rect(0, 0 - 1080, 1794) mWindowingMode=fullscreen mDisplayWindowingMode=fullscreen mActivityType=undefined mAlwaysOnTop=undefined mRotation=ROTATION_0} s.2}
05-23 23:07:31.896   512   512 I WindowManager: Override config changes=60007dfc {1.0 ?mcc?mnc [en_US] ldltr sw411dp w411dp h659dp 420dpi nrml port ?uimode ?night -touch qwerty/v/v dpad/v winConfig={ mBounds=Rect(0, 0 - 1080, 1920) mAppBounds=Rect(0, 0 - 1080, 1794) mWindowingMode=fullscreen mDisplayWindowingMode=fullscreen mActivityType=undefined mAlwaysOnTop=undefined mRotation=ROTATION_0} s.2} for displayId=0
05-23 23:07:31.897   512   512 I ActivityTaskManager: Config changes=8 {1.0 ?mcc?mnc [en_US] ldltr sw411dp w411dp h659dp 420dpi nrml port ?uimode ?night finger qwerty/v/v dpad/v winConfig={ mBounds=Rect(0, 0 - 1080, 1920) mAppBounds=Rect(0, 0 - 1080, 1794) mWindowingMode=fullscreen mDisplayWindowingMode=fullscreen mActivityType=undefined mAlwaysOnTop=undefined mRotation=ROTATION_0} s.4}
05-23 23:07:31.897   512   512 I WindowManager: Override config changes=8 {1.0 ?mcc?mnc [en_US] ldltr sw411dp w411dp h659dp 420dpi nrml port ?uimode ?night finger qwerty/v/v dpad/v winConfig={ mBounds=Rect(0, 0 - 1080, 1920) mAppBounds=Rect(0, 0 - 1080, 1794) mWindowingMode=fullscreen mDisplayWindowingMode=fullscreen mActivityType=undefined mAlwaysOnTop=undefined mRotation=ROTATION_0} s.4} for displayId=0
05-23 23:07:31.897   512   512 I SystemServerTiming: StartStorageManagerService
05-23 23:07:31.897   512   512 I SystemServiceManager: Starting com.android.server.StorageManagerService$Lifecycle
05-23 23:07:31.899   512   611 D StorageManagerService: Thinking about init, mBootCompleted=false, mDaemonConnected=true
05-23 23:07:31.899   512   611 D StorageManagerService: Thinking about reset, mBootCompleted=false, mDaemonConnected=true
05-23 23:07:31.899   512   611 D StorageManagerService: Thinking about init, mBootCompleted=false, mDaemonConnected=true
05-23 23:07:31.899   512   611 D StorageManagerService: Thinking about reset, mBootCompleted=false, mDaemonConnected=true
05-23 23:07:31.900   512   512 I SystemServerTiming: StartStorageStatsService
05-23 23:07:31.900   512   512 I SystemServiceManager: Starting com.android.server.usage.StorageStatsService$Lifecycle
05-23 23:07:31.900   512   512 I SystemServerTiming: StartUiModeManager
05-23 23:07:31.900   512   512 I SystemServiceManager: Starting com.android.server.UiModeManagerService
05-23 23:07:31.901   512   596 I SystemServerTimingAsync: InitThreadPoolExec:UiModeManager.onStart
05-23 23:07:31.901   512   512 I SystemServerTiming: UpdatePackagesIfNeeded
05-23 23:07:31.901   512   512 I Watchdog: Pausing HandlerChecker: main thread for reason: dexopt. Pause count: 1
05-23 23:07:31.901   512   512 I Watchdog: Resuming HandlerChecker: main thread for reason: dexopt. Pause count: 0
05-23 23:07:31.901   512   512 I SystemServerTiming: PerformFstrimIfNeeded
05-23 23:07:31.901   512   512 I SystemServerTiming: StartLockSettingsService
05-23 23:07:31.901   512   512 I SystemServiceManager: Starting com.android.server.locksettings.LockSettingsService$Lifecycle
05-23 23:07:31.904   512   512 I SystemServerTiming: StartTestHarnessMode
05-23 23:07:31.904   512   512 I SystemServiceManager: Starting com.android.server.testharness.TestHarnessModeService
05-23 23:07:31.905   512   512 I OemLock : OemLock HAL not present on device
05-23 23:07:31.905   512   512 I SystemServerTiming: StartDeviceIdleController
05-23 23:07:31.905   512   512 I SystemServiceManager: Starting com.android.server.DeviceIdleController
05-23 23:07:31.905   512   512 I SystemServerTiming: StartDevicePolicyManager
05-23 23:07:31.905   512   512 I SystemServiceManager: Starting com.android.server.devicepolicy.DevicePolicyManagerService$Lifecycle
05-23 23:07:31.912   512   512 I DevicePolicyManager: Set ro.organization_owned property to false
05-23 23:07:31.912   512   512 I SystemServerTiming: StartStatusBarManagerService
05-23 23:07:31.913   512   512 I SystemServerTiming: StartContentCaptureService
05-23 23:07:31.913   512   512 I SystemServiceManager: Starting com.android.server.contentcapture.ContentCaptureManagerService
05-23 23:07:31.914   512   512 D SystemServer: AttentionService is not configured on this device
05-23 23:07:31.914   512   512 I SystemServerTiming: StartSystemCaptionsManagerService
05-23 23:07:31.914   512   512 I SystemServiceManager: Starting com.android.server.systemcaptions.SystemCaptionsManagerService
05-23 23:07:31.914   512   512 I SystemServerTiming: StartAppPredictionService
05-23 23:07:31.914   512   512 I SystemServiceManager: Starting com.android.server.appprediction.AppPredictionManagerService
05-23 23:07:31.914   512   512 I SystemServerTiming: StartContentSuggestionsService
05-23 23:07:31.914   512   512 I SystemServiceManager: Starting com.android.server.contentsuggestions.ContentSuggestionsManagerService
05-23 23:07:31.914   512   512 I SystemServerTiming: InitConnectivityModuleConnector
05-23 23:07:31.914   512   512 D ConnectivityModuleConnector: Network stack init
05-23 23:07:31.915   512   512 I SystemServerTiming: InitNetworkStackClient
05-23 23:07:31.915   512   512 I SystemServerTiming: StartNetworkManagementService
05-23 23:07:31.917   512   512 I SystemServerTiming: StartIpSecService
05-23 23:07:31.918   512   512 I SystemServerTiming: StartTextServicesManager
05-23 23:07:31.918   512   512 I SystemServiceManager: Starting com.android.server.textservices.TextServicesManagerService$Lifecycle
