05-24 16:27:58.782   898   898 D PhoneSwitcherNetworkRequstListener: got request NetworkRequest [ TRACK_DEFAULT id=49, [ Capabilities: INTERNET&NOT_RESTRICTED&TRUSTED Uid: 10146 AdministratorUids: [] RequestorUid: 10146 RequestorPackageName: com.google.android.apps.messaging] ] with score 50 and providerId 2
05-24 16:27:58.783   512   622 D ConnectivityService: NetReassign [no changes]
05-24 16:27:58.784  1172  3620 I NearbyPresence: (REDACTED) %s: Start BleAdvertiseBluetoothProvider.
05-24 16:27:58.784   691   691 V KeyguardUpdateMonitor: onSubscriptionInfoChanged()
05-24 16:27:58.785   898   898 D Telephony: isEmergencyPreferredAccount: subId=1, activeData=1
05-24 16:27:58.785   898   898 D Telephony: isEmergencyPreferredAccount: Device does not require preference.
05-24 16:27:58.786   691   691 V KeyguardUpdateMonitor: SubInfo:{id=1 iccId=890141032[****] simSlotIndex=0 carrierId=1 displayName=T-Mobile carrierName=T-Mobile nameSource=3 iconTint=-16746133 number=[****] dataRoaming=0 iconBitmap=android.graphics.Bitmap@b718ef5 mcc=310 mnc=260 countryIso=us isEmbedded=false nativeAccessRules=null cardString=890141032[****] cardId=-1 isOpportunistic=false groupUUID=null isGroupDisabled=false profileClass=-1 ehplmns=null hplmns=null subscriptionType=0 groupOwner=null carrierConfigAccessRules=null areUiccApplicationsEnabled=true}
05-24 16:27:58.791  1580  2012 I asvq    : Scheduling growth periodic tasks
05-24 16:27:58.791  1580  2012 I aqkv    : #onDeviceInstallOrBoot(): Starting PCP calendar tasks.
05-24 16:27:58.793  1580  1936 D WM-Processor: Processor cancelling 6b47291e-37e2-4a53-8a9e-3880f376122c
05-24 16:27:58.793  1580  1936 D WM-Processor: WorkerWrapper could not be found for 6b47291e-37e2-4a53-8a9e-3880f376122c
05-24 16:27:58.796  1580  1936 D WM-GreedyScheduler: Cancelling work ID 6b47291e-37e2-4a53-8a9e-3880f376122c
05-24 16:27:58.809  2202  2323 I cn_CronetLibraryLoader: Cronet version: 136.0.7091.2, arch: aarch64
05-24 16:27:58.821  1580  1580 I aytv    : processValidityUpdateForAllData
05-24 16:27:58.822   512   542 I libprocessgroup: Successfully killed process cgroup uid 10147 pid 3018 in 51ms
05-24 16:27:58.823  1580  2127 I ajqo    : listener created
05-24 16:27:58.828  1580  2127 I etkh    : (REDACTED) %s TNG App is logging Clearcut event named %s with the %s account state (zwieback available: %b) and %s source
05-24 16:27:58.844  2202  3584 I BugleDataModel: PendingMessagesProcessor: process from FixupMessageStatusOnStartupAction due to connectivity changed with queues:
05-24 16:27:58.844  2202  3584 I BugleDataModel: ProcessPendingMessagesTimers: cleared next retry time for channel sms_send 
05-24 16:27:58.844  2202  3584 I BugleDataModel: ProcessPendingMessagesTimers: cleared next retry time for channel mms_send 
05-24 16:27:58.844  2202  3584 I BugleDataModel: ProcessPendingMessagesTimers: cleared next retry time for channel mms_download 
05-24 16:27:58.844  2202  3584 I BugleDataModel: ProcessPendingMessagesTimers: cleared next retry time for channel rcs_send 
05-24 16:27:58.844  2202  3584 I BugleDataModel: ProcessPendingMessagesTimers: cleared next retry time for channel rcs_ft_upload 
05-24 16:27:58.844  2202  3584 I BugleDataModel: ProcessPendingMessagesTimers: cleared next retry time for channel rcs_ft_download 
05-24 16:27:58.844  2202  3584 I BugleDataModel: ProcessPendingMessagesTimers: cleared next retry time for channel cloud_sync_send 
05-24 16:27:58.844  2202  3584 I BugleDataModel: ProcessPendingMessagesTimers: cleared next retry time for channel cloud_sync_attachment_download 
05-24 16:27:58.851  2202  3584 I BugleDataModel: PendingMessagesProcessor: process from ProcessPendingMessagesAction due to scheduled processing with queues:
05-24 16:27:58.856  1400  1915 I HomeStub: Updating Home module request state at home stub init [CONTEXT service_id=336 ]
05-24 16:27:58.858  1400  3569 I SpotInitializer: All Finder use cases are disabled. [CONTEXT service_id=284 ]
05-24 16:27:58.865  1580  1936 D WM-SystemJobScheduler: Scheduling work ID a3d25104-e38a-4fdb-8f80-a7603772e3ddJob ID 164
05-24 16:27:58.865   512   624 D NsdService: mdnssd [start-service]
05-24 16:27:58.868  1580  1936 D WM-GreedyScheduler: Ignoring {WorkSpec: 9cabcd4a-dc04-4548-b850-6be9b081bc16}. Requires device idle.
05-24 16:27:58.868  1580  1936 D WM-GreedyScheduler: Starting work for a3d25104-e38a-4fdb-8f80-a7603772e3dd
05-24 16:27:58.868  1580  1936 D WM-GreedyScheduler: Starting tracking for 82afe2a9-bf1b-4c2a-b876-165356dcff67,5b5efa08-8262-4e6b-992a-87ffe860dfee,b2d929bb-fab6-4a12-8d7a-cb925e5d404b,54565d17-2b82-45fa-b754-06b4d1185683,fbfb9fd8-5134-4afa-b424-333d2727131b,5ac99492-2c17-4d10-8d46-f99d68f9adfb,14aab908-022b-4eed-aa30-1c6fefa9b9c8
05-24 16:27:58.871  3080  3637 I chatty  : uid=10169(com.netease.cloudmusic) expire 3 lines
05-24 16:27:58.880   512   624 E NsdService: Failed to execute mdnssd [start-service]
05-24 16:27:58.880   512   624 E NsdService: com.android.server.NativeDaemonConnector$NativeDaemonFailureException: command '1 mdnssd start-service' failed with '402 1 Service already running'
05-24 16:27:58.880   512   624 E NsdService: 	at com.android.server.NativeDaemonConnector.executeForList(NativeDaemonConnector.java:516)
05-24 16:27:58.880   512   624 E NsdService: 	at com.android.server.NativeDaemonConnector.execute(NativeDaemonConnector.java:412)
05-24 16:27:58.880   512   624 E NsdService: 	at com.android.server.NativeDaemonConnector.execute(NativeDaemonConnector.java:407)
05-24 16:27:58.880   512   624 E NsdService: 	at com.android.server.NsdService$DaemonConnection.execute(NsdService.java:695)
05-24 16:27:58.880   512   624 E NsdService: 	at com.android.server.NsdService$DaemonConnection.start(NsdService.java:704)
05-24 16:27:58.880   512   624 E NsdService: 	at com.android.server.NsdService$NsdStateMachine$EnabledState.processMessage(NsdService.java:257)
05-24 16:27:58.880   512   624 E NsdService: 	at com.android.internal.util.StateMachine$SmHandler.processMsg(StateMachine.java:992)
05-24 16:27:58.880   512   624 E NsdService: 	at com.android.internal.util.StateMachine$SmHandler.handleMessage(StateMachine.java:809)
05-24 16:27:58.880   512   624 E NsdService: 	at android.os.Handler.dispatchMessage(Handler.java:106)
05-24 16:27:58.880   512   624 E NsdService: 	at android.os.Looper.loop(Looper.java:223)
05-24 16:27:58.880   512   624 E NsdService: 	at android.os.HandlerThread.run(HandlerThread.java:67)
05-24 16:27:58.880   512   624 D NsdService: New client listening to asynchronous messages
05-24 16:27:58.880   512   624 D NsdService: New client, channel: com.android.internal.util.AsyncChannel@5e42893 messenger: android.os.Messenger@b3440d0
05-24 16:27:58.881  1172  3620 I NearbyPresence: (REDACTED) %s verified [!=] new request %s does not equal to the old request %s
05-24 16:27:58.881  1172  3620 I NearbyPresence: (REDACTED) %s verified [!=] new request %s does not equal to the old request %s
05-24 16:27:58.882  1580  1936 D WM-Processor: lsi: processing WorkGenerationalId(workSpecId=a3d25104-e38a-4fdb-8f80-a7603772e3dd, generation=0)
05-24 16:27:58.884  1580  1580 D WM-WorkerWrapper: Starting work for com.google.apps.tiktok.contrib.work.TikTokListenableWorker
05-24 16:27:58.885  1580  2385 E akdb    : Couldn't get logged in Google account.
05-24 16:27:58.887  1580  1580 I asvt    : Start work
05-24 16:27:58.889  1580  2127 I dkjv    : (REDACTED) #maybeCreateTimeTrigger: time trigger= %s with start time=%d, stop time=%d in seconds.
05-24 16:27:58.890  1400  1855 I GmsModuleInitializer: Using ContainerGservicesDelegate
05-24 16:27:58.898  1400  1912 I Icing   : IndexChimeraService.getServiceInterface callingPackage=com.google.android.googlequicksearchbox componentName=AMBIENT_ASSISTANT serviceId=32
05-24 16:27:58.910  1580  1580 I berl    : (REDACTED) #onReceive:%s %d
05-24 16:27:58.910  1580  2249 I etkh    : (REDACTED) %s TNG App is logging Clearcut event named %s with the %s account state (zwieback available: %b) and %s source
05-24 16:27:58.916  2774  2894 W DynamiteModule: Local module descriptor class for providerinstaller not found.
05-24 16:27:58.918  1172  1345 I AppDoctorManager: Updating appdoctor Uri Permissions. [CONTEXT service_id=256 ]
05-24 16:27:58.918  1172  3620 I NearbyPresence: (REDACTED) %s verified [!=] new request %s does not equal to the old request %s
05-24 16:27:58.926  1400  1838 W ServiceBindIntentUtils: Dynamic lookup for intent failed for action: com.google.android.gms.homegraph.service.START
05-24 16:27:58.926   512  3636 W ActivityManager: Unable to start service Intent { act=com.google.android.gms.homegraph.service.START pkg=com.google.android.gms } U=0: not found
05-24 16:27:58.927   512  3636 W ActivityManager: Unbind failed: could not find connection for android.os.BinderProxy@65d86a6
05-24 16:27:58.927  1400  1838 W GmsClient: unable to connect to service: com.google.android.gms.homegraph.service.START on com.google.android.gms
05-24 16:27:58.932  1580  2011 D WM-SystemJobScheduler: Scheduling work ID 1cb0a0e4-4a6c-44cd-b92c-fa5e1f552451Job ID 165
05-24 16:27:58.935  1580  2011 D WM-GreedyScheduler: Ignoring {WorkSpec: 9cabcd4a-dc04-4548-b850-6be9b081bc16}. Requires device idle.
05-24 16:27:58.935  1580  2011 D WM-GreedyScheduler: Starting work for 1cb0a0e4-4a6c-44cd-b92c-fa5e1f552451
05-24 16:27:58.935  1580  2011 D WM-GreedyScheduler: Starting tracking for 82afe2a9-bf1b-4c2a-b876-165356dcff67,5b5efa08-8262-4e6b-992a-87ffe860dfee,b2d929bb-fab6-4a12-8d7a-cb925e5d404b,54565d17-2b82-45fa-b754-06b4d1185683,fbfb9fd8-5134-4afa-b424-333d2727131b,5ac99492-2c17-4d10-8d46-f99d68f9adfb,14aab908-022b-4eed-aa30-1c6fefa9b9c8
05-24 16:27:58.942  1580  2249 I etkh    : (REDACTED) %s TNG App is logging Clearcut event named %s with the %s account state (zwieback available: %b) and %s source
05-24 16:27:58.942  1580  1580 I cgow    : #onReceive GeofenceRecoveryReceiver
05-24 16:27:58.943  1580  2011 I WM-WorkerWrapper: Worker result SUCCESS for Work [ id=a3d25104-e38a-4fdb-8f80-a7603772e3dd, tags={ com.google.apps.tiktok.contrib.work.TikTokListenableWorker,TikTokWorker#com.google.android.apps.gsa.staticplugins.opa.worker.nudgeui.ResetOpaNgaQueryCounterTask } ]
05-24 16:27:58.944  1172  3620 I NearbyPresence: MdnsServerProviderController is not enabled or requested [CONTEXT service_id=317 ]
05-24 16:27:58.944  1172  3620 I NearbyPresence: (REDACTED) BleAdvertiseProviderController: request.isRequested() %s
05-24 16:27:58.944  1172  3620 I NearbyPresence: (REDACTED) %s: Overriding the broadcastV1 request to : %s
05-24 16:27:58.944  1172  3620 I NearbyPresence: (REDACTED) %s: Enabling engine.
05-24 16:27:58.947  1400  1915 I HomeStubModuleLoader: Stub sees download_always flag FALSE. [CONTEXT service_id=336 ]
05-24 16:27:58.947  1400  1915 I HomeStubModuleLoader: No home module present. Stub will not request/register homegraph. [CONTEXT service_id=336 ]
05-24 16:27:58.948  1400  1915 I HomeStubModuleLoader: Thread download is not enabled. [CONTEXT service_id=336 ]
05-24 16:27:58.948  1172  3620 I NearbyPresence: (REDACTED) %s verified [!=] new request %s does not equal to the old request %s
05-24 16:27:58.953  1580  1580 I GnpSdk  : (REDACTED) Intent received for action [%s] package [%s].
05-24 16:27:58.954  1580  1936 D WM-Processor: lsi: processing WorkGenerationalId(workSpecId=1cb0a0e4-4a6c-44cd-b92c-fa5e1f552451, generation=0)
05-24 16:27:58.954  1580  1580 I GnpSdk  : Phenotype initialized.
05-24 16:27:58.956  1172  3620 W NearbyPresence: TidepoolIdentityProvider: Main Tidepool status toggle not enabled! Returned empty local credentials. [CONTEXT service_id=317 ]
05-24 16:27:58.956  1172  3620 W NearbyPresence: TidepoolIdentityProvider: Main Tidepool status toggle not enabled! Returned empty shared credentials. [CONTEXT service_id=317 ]
05-24 16:27:58.957  1172  3620 I NearbyPresence: (REDACTED) %s: register with identity provider name %s broadcast size %s discover size %s
05-24 16:27:58.959   512   622 D ConnectivityService: NetReassign [no changes]
05-24 16:27:58.959  1172  3620 I NearbyPresence: NetworkMonitorImpl started. [CONTEXT service_id=317 ]
05-24 16:27:58.966  1400  3648 I KidsAuth: (REDACTED) [KidsAuthInitIntentOperation] Received intent to recover supervision setup: %s
05-24 16:27:58.986  1172  1172 D BoundBrokerSvc: onBind: Intent { act=com.google.android.gms.nearby.connection.service.START pkg=com.google.android.gms }
05-24 16:27:58.986  1172  1172 D BoundBrokerSvc: Loading bound service for intent: Intent { act=com.google.android.gms.nearby.connection.service.START pkg=com.google.android.gms }
05-24 16:27:58.986  1400  1915 I Auth    : [WorkAccount] update authenticator enabled for boot or update
05-24 16:27:58.989  1172  3620 I NearbyPresence: (REDACTED) Scheduled Presence server sync periodic task with period %s seconds.
05-24 16:27:58.993  2202  2202 D CompatibilityChangeReporter: Compat change id reported: 119147584; UID 10146; state: DISABLED
05-24 16:27:59.009  1400  1905 I Icing   : Usage reports ok 0, Failed Usage reports 0, indexed 0, rejected 0
05-24 16:27:59.024  1400  1855 I Trustlet_Onbody: (REDACTED) onbodyAlreadySet: %s
05-24 16:27:59.024  1400  1855 I Trustlet_Onbody: (REDACTED) isOnbodySuggestionEnabledByPhenotype: %s
05-24 16:27:59.024  1400  1855 I Trustlet_Onbody: (REDACTED) isTrustAgentEnabled: %s
05-24 16:27:59.025  1580  1580 I GnpSdk  : (REDACTED) Validation OK for action [%s].
05-24 16:27:59.026  1580  1580 I GnpSdk  : (REDACTED) Submitting Broadcast execution [%d] to tiktok executor.
05-24 16:27:59.028  1400  1400 W ChimeraUtils: Module com.google.android.gms.kids_auth missing resource null(0)
05-24 16:27:59.029  1580  1580 D WM-Processor: lsi a3d25104-e38a-4fdb-8f80-a7603772e3dd executed; reschedule = false
05-24 16:27:59.029  1580  1580 D WM-WorkerWrapper: Starting work for com.google.apps.tiktok.contrib.work.TikTokListenableWorker
05-24 16:27:59.029  1580  2385 I GnpSdk  : (REDACTED) Executing action in BroadcastReceiver [%s].
05-24 16:27:59.031  1172  2889 W ProviderHelper: Unknown dynamite feature providerinstaller
05-24 16:27:59.034  1400  1855 I Trustlet_Onbody: Trustlet onbody is supported. [CONTEXT service_id=294 ]
05-24 16:27:59.034  1400  1855 I Trustlet_Onbody: (REDACTED) isSupported: %s
05-24 16:27:59.034  1400  1855 I Trustlet_Onbody: (REDACTED) isChromeOsDevice: %s
05-24 16:27:59.036  1172  3621 I NearbySharing: There is no account metadata, return default instance.
05-24 16:27:59.038  1400  1400 W ChimeraUtils: Module com.google.android.gms.kids_auth missing resource null(0)
05-24 16:27:59.039  1400  1400 W ChimeraUtils: Module com.google.android.gms.kids_auth missing resource null(0)
05-24 16:27:59.048  1172  1172 E GmsCoreLogger: Missing account for FACET_USAGE_GAIA_UNSAMPLED [CONTEXT service_id=299 ]
05-24 16:27:59.048  1172  3620 I Multidevice: (REDACTED) [cjrc] Multidevice Sync Response: %s
05-24 16:27:59.048  1172  3620 I Multidevice: [cjxb] presenceClient.sync( [CONTEXT service_id=348 ]
05-24 16:27:59.048  1172  3621 W NearbySharing: No supported accounts found.
05-24 16:27:59.049  1172  3620 I Multidevice: (REDACTED) [cjxb]     multideviceEnabled: %s
05-24 16:27:59.049  1172  3620 I Multidevice: (REDACTED) [cjxb]     deviceName: %s
05-24 16:27:59.049  1172  3620 I Multidevice: (REDACTED) [cjxb]     accountListForSync: %s
05-24 16:27:59.049  1172  3620 I Multidevice: [cjxb] ) [CONTEXT service_id=348 ]
05-24 16:27:59.050  1172  3621 I NearbySharing: There is no account metadata, return default instance.
05-24 16:27:59.051  1172  3621 I chatty  : uid=10123(com.google.android.gms) identical 1 line
05-24 16:27:59.051  1172  3621 I NearbySharing: There is no account metadata, return default instance.
05-24 16:27:59.051  1172  1612 I Multidevice: (REDACTED) [cjrc] Multidevice Sync Response: %s
05-24 16:27:59.052  1172  3621 W NearbySharing: Cannot set visibility on DisabledNearbySharingProvider.
05-24 16:27:59.053  1172  3621 I NearbySharing: Not qualified for default opt-in. Multiple accounts are found.
05-24 16:27:59.056  1172  3621 I NearbySharing: Broadcasting NearbySharing state change.
05-24 16:27:59.057  2774  2894 W ProviderInstaller: Failed to load providerinstaller module: No acceptable module found. Local version is 0 and remote version is 0.
05-24 16:27:59.059  1172  3621 I NearbySharing: Screen is unlocked
05-24 16:27:59.060  1172  3621 I NearbySharing: Location is enabled
05-24 16:27:59.060  1172  3621 I NearbySharing: Uwb feature is off.
05-24 16:27:59.060  1172  3621 I NearbySharing: Stopping scanning because Bluetooth is disabled.
05-24 16:27:59.062  1172  3621 I NearbySharing: Stopping Fast Init advertisement because Bluetooth is off.
05-24 16:27:59.062  1172  3621 I NearbySharing: Stopping advertising because Bluetooth is disabled.
05-24 16:27:59.062  1172  3621 I NearbySharing: There is no account metadata, return default instance.
05-24 16:27:59.070  1400  1905 I KidsAuth: (REDACTED) [SupervisionSetupChimeraService] [%s] Processing command[id=%s][flags=%s]: %s
05-24 16:27:59.076  1172  3621 I NearbySharing: Fast Initiation Scanning has stopped
05-24 16:27:59.076  1172  3621 I NearbySharing: Stopping FastInitiation scanning because Bluetooth is disabled.
05-24 16:27:59.076  1172  3621 I NearbySharing: Dismissing HUN as there's no device nearby.
05-24 16:27:59.077  1400  3569 I SystemUpdate: [Installation,ReceiverIntentOperation] Received intent: Intent { act=com.google.android.gms.update.BASE_MODULE_INIT cat=[targeted_intent_op_prefix:.update.control.ReceiverIntentOperation] cmp=com.google.android.gms/.chimera.GmsIntentOperationService }.
05-24 16:27:59.078  1580  2012 D WM-GreedyScheduler: Cancelling work ID a3d25104-e38a-4fdb-8f80-a7603772e3dd
05-24 16:27:59.078  1400  1855 W SystemServiceRegistry: No service published for: persistent_data_block
05-24 16:27:59.079  1400  3648 I FRP     : (REDACTED) [FrpUpdateIntentOperation] Intent received: %s
05-24 16:27:59.081  1400  3648 W FRP     : [FrpUpdateIntentOperation] FRP is not supported for this device / user [CONTEXT service_id=341 ]
05-24 16:27:59.081   177   177 E libprocessgroup: set_timerslack_ns write failed: No such process
05-24 16:27:59.081  1172  1172 D BluetoothAdapter: isLeEnabled(): ON
05-24 16:27:59.081   177   177 I lowmemorykiller: Kill 'com.google.android.apps.docs' (2774), uid 10131, oom_adj 955 to free 64396kB; reason: low watermark is breached and thrashing (60%)
05-24 16:27:59.086  1580  2012 D WM-SystemJobScheduler: Scheduling work ID a3d25104-e38a-4fdb-8f80-a7603772e3ddJob ID 166
05-24 16:27:59.088  1172  1172 V NFC     : this device does not have NFC support
05-24 16:27:59.088  1172  1172 W NearbyMediums: Failed to retrieve default NfcAdapter, NFC is unsupported.
05-24 16:27:59.094  1172  1612 I Nearby  : (REDACTED) Beginning attempt #%d out of %d for %s...
05-24 16:27:59.097  1172  1612 I NearbyMediums: BluetoothAdapter's name was not set by Nearby Connections, ignoring call to restore default scan mode.
05-24 16:27:59.099  1172  1612 I NearbyMediums: BluetoothAdapter's name was not set by Nearby Connections, ignoring call to restore device name
05-24 16:27:59.102   512   903 I ActivityManager: Process com.google.android.apps.docs (pid 2774) has died: cch+25 CEM 
05-24 16:27:59.102   512   542 I libprocessgroup: Successfully killed process cgroup uid 10131 pid 2774 in 0ms
05-24 16:27:59.102  1580  2012 D WM-GreedyScheduler: Ignoring {WorkSpec: 9cabcd4a-dc04-4548-b850-6be9b081bc16}. Requires device idle.
05-24 16:27:59.102  1580  2012 D WM-GreedyScheduler: Starting tracking for 82afe2a9-bf1b-4c2a-b876-165356dcff67,5b5efa08-8262-4e6b-992a-87ffe860dfee,b2d929bb-fab6-4a12-8d7a-cb925e5d404b,54565d17-2b82-45fa-b754-06b4d1185683,fbfb9fd8-5134-4afa-b424-333d2727131b,5ac99492-2c17-4d10-8d46-f99d68f9adfb,14aab908-022b-4eed-aa30-1c6fefa9b9c8
05-24 16:27:59.102   291   291 I Zygote  : Process 2774 exited due to signal 9 (Killed)
05-24 16:27:59.103  1580  2012 D WM-GreedyScheduler: Ignoring {WorkSpec: 9cabcd4a-dc04-4548-b850-6be9b081bc16}. Requires device idle.
05-24 16:27:59.103  1580  2012 D WM-GreedyScheduler: Starting tracking for 82afe2a9-bf1b-4c2a-b876-165356dcff67,5b5efa08-8262-4e6b-992a-87ffe860dfee,b2d929bb-fab6-4a12-8d7a-cb925e5d404b,54565d17-2b82-45fa-b754-06b4d1185683,fbfb9fd8-5134-4afa-b424-333d2727131b,5ac99492-2c17-4d10-8d46-f99d68f9adfb,14aab908-022b-4eed-aa30-1c6fefa9b9c8
05-24 16:27:59.109  1400  1400 D BoundBrokerSvc: onUnbind: Intent { act=com.google.android.gms.people.service.START pkg=com.google.android.gms }
05-24 16:27:59.111   512   624 D NsdService: New client listening to asynchronous messages
05-24 16:27:59.111   512   624 D NsdService: New client, channel: com.android.internal.util.AsyncChannel@517e519 messenger: android.os.Messenger@d5059de
05-24 16:27:59.114  1172  1172 W SystemServiceRegistry: No service published for: wifiaware
05-24 16:27:59.118  1580  3593 V ClearcutMetricXmitter: Transmission is done.
05-24 16:27:59.118  1580  3593 I chatty  : uid=10124(com.google.android.googlequicksearchbox) identical 1 line
05-24 16:27:59.120  1580  3593 V ClearcutMetricXmitter: Transmission is done.
05-24 16:27:59.122  1172  3621 I NearbySharing: Broadcasting NearbySharing state change.
05-24 16:27:59.122  1172  3621 I NearbySharing: Bluetooth is enabled
05-24 16:27:59.122  1172  3621 I NearbySharing: Uwb feature is off.
05-24 16:27:59.123  1172  3621 I NearbySharing: Stopping scanning because Nearby Sharing is disabled.
05-24 16:27:59.125  1172  3621 I NearbySharing: Stopping Fast Init advertisement because we're not scanning in the foreground.
05-24 16:27:59.126  1172  3621 I NearbySharing: Stopping advertising because Nearby Sharing is disabled.
05-24 16:27:59.127  1580  2012 I WM-WorkerWrapper: Worker result SUCCESS for Work [ id=1cb0a0e4-4a6c-44cd-b92c-fa5e1f552451, tags={ com.google.apps.tiktok.contrib.work.TikTokListenableWorker,TikTokWorker#com.google.android.apps.search.assistant.surfaces.notification.DelayedNotificationWorker } ]
05-24 16:27:59.128  1400  1413 I gle.android.gm: Background concurrent copying GC freed 335059(14MB) AllocSpace objects, 70(2968KB) LOS objects, 49% free, 14MB/29MB, paused 2.396ms total 203.232ms
05-24 16:27:59.129  1172  3621 I NearbySharing: There is no account metadata, return default instance.
05-24 16:27:59.129  1172  3621 I NearbySharing: There is no account metadata, return default instance.
05-24 16:27:59.129  1172  3621 I NearbySharing: Stopping FastInitiation scanning because visibility is hidden.
05-24 16:27:59.129  1580  1580 D WM-Processor: lsi 1cb0a0e4-4a6c-44cd-b92c-fa5e1f552451 executed; reschedule = false
05-24 16:27:59.129  1172  3621 I NearbySharing: Fast Initiation Scanning has stopped
05-24 16:27:59.129  1172  3621 I NearbySharing: Dismissing HUN as there's no device nearby.
05-24 16:27:59.130  1172  1172 I NearbyMediums: WifiNetwork registerPhoneStateListener failed.
05-24 16:27:59.130  1172  1172 E GmsCoreLogger: Missing account for FACET_USAGE_GAIA_UNSAMPLED [CONTEXT service_id=299 ]
05-24 16:27:59.132  1172  1172 D BoundBrokerSvc: onBind: Intent { act=com.google.android.gms.auth.account.workaccount.START dat=chimera-action: cmp=com.google.android.gms/.chimera.PersistentApiService }
05-24 16:27:59.132  1172  1172 D BoundBrokerSvc: Loading bound service for intent: Intent { act=com.google.android.gms.auth.account.workaccount.START dat=chimera-action: cmp=com.google.android.gms/.chimera.PersistentApiService }
05-24 16:27:59.134  1172  3621 I NearbySharing: Broadcasting NearbySharing state change.
05-24 16:27:59.138  2419  2647 I CarrierServices: [250] eav.a: Received Provisioning Event: [Bugle information (100)]
05-24 16:27:59.139   691   691 D TileServices: Couldn't find tile for ComponentInfo{com.google.android.gms/com.google.android.gms.nearby.sharing.SharingTileService}
05-24 16:27:59.139   691   691 I chatty  : uid=10158(com.android.systemui) identical 1 line
05-24 16:27:59.139   691   691 D TileServices: Couldn't find tile for ComponentInfo{com.google.android.gms/com.google.android.gms.nearby.sharing.SharingTileService}
05-24 16:27:59.139  2419  2647 I CarrierServices: [250] eav.a: JibeService is running, passing event to provisioning engine.
05-24 16:27:59.139  2419  2647 I CarrierServices: [250] dqc.a: Handling Provisioning Event: [Bugle information (100)]
05-24 16:27:59.139  1172  1172 D BoundBrokerSvc: onUnbind: Intent { act=com.google.android.gms.common.telemetry.service.START dat=chimera-action: cmp=com.google.android.gms/.chimera.PersistentApiService }
05-24 16:27:59.141  1580  2385 I GnpSdk  : (REDACTED) Finished Broadcast execution [%d].
05-24 16:27:59.142  1172  1191 I Auth    : [WorkAccountServiceImpl] init work authenticator
05-24 16:27:59.143  1580  1580 I efiq    : (REDACTED) #onReceive: %s
05-24 16:27:59.143  1580  2127 I etkh    : (REDACTED) %s TNG App is logging Clearcut event named %s with the %s account state (zwieback available: %b) and %s source
05-24 16:27:59.143  1580  2002 I edeu    : (REDACTED) Failed to find any valid flight records for process id %d
05-24 16:27:59.143  1580  2002 I chatty  : uid=10124(com.google.android.googlequicksearchbox) identical 3 lines
05-24 16:27:59.144  1580  2002 I edeu    : (REDACTED) Failed to find any valid flight records for process id %d
05-24 16:27:59.145  1580  2249 I etkh    : (REDACTED) %s TNG App is logging Clearcut event named %s with the %s account state (zwieback available: %b) and %s source
05-24 16:27:59.146  1580  2012 D WM-GreedyScheduler: Cancelling work ID 1cb0a0e4-4a6c-44cd-b92c-fa5e1f552451
05-24 16:27:59.148  1580  2012 D WM-GreedyScheduler: Ignoring {WorkSpec: 9cabcd4a-dc04-4548-b850-6be9b081bc16}. Requires device idle.
05-24 16:27:59.148  1580  2012 D WM-GreedyScheduler: Starting tracking for 82afe2a9-bf1b-4c2a-b876-165356dcff67,5b5efa08-8262-4e6b-992a-87ffe860dfee,b2d929bb-fab6-4a12-8d7a-cb925e5d404b,54565d17-2b82-45fa-b754-06b4d1185683,fbfb9fd8-5134-4afa-b424-333d2727131b,5ac99492-2c17-4d10-8d46-f99d68f9adfb,14aab908-022b-4eed-aa30-1c6fefa9b9c8
05-24 16:27:59.150  1580  1580 D WM-RescheduleReceiver: Received intent Intent { act=android.intent.action.BOOT_COMPLETED flg=0x89000010 cmp=com.google.android.googlequicksearchbox/androidx.work.impl.background.systemalarm.RescheduleReceiver (has extras) }
05-24 16:27:59.155  2419  2419 I CarrierServices: [2] CarrierServicesReleaseApp.b: Initialized already, return.
05-24 16:27:59.155  1580  2002 I edeu    : (REDACTED) Failed to find any valid flight records for process id %d
05-24 16:27:59.156  1580  2002 I edeu    : (REDACTED) Failed to find any valid flight records for process id %d
05-24 16:27:59.157  2419  2419 I CarrierServices: [2] BootCompletedReceiver.a: Boot completed, Triggering provisioning if needed.
05-24 16:27:59.158  2419  2419 I CarrierServices: [2] ehl.a: CarrierServices.apk is not sim call manager. Not enabling MMTel.
05-24 16:27:59.158  2419  2419 I CarrierServices: [2] dow.a: Should not enable MMTel. Not scheduling provisioning.
05-24 16:27:59.161  1580  2002 I edeu    : (REDACTED) Failed to find any valid flight records for process id %d
05-24 16:27:59.162  2419  2419 I CarrierServices: [2] RcsAutoStartReceiver.a: enableRcs changed from true to true
05-24 16:27:59.163  2419  2419 I CarrierServices: [2] RcsAutoStartReceiver.a: RcsAutoStartReceiver triggered. Fetching RCS State. Action: android.intent.action.BOOT_COMPLETED
05-24 16:27:59.163  1172  1315 I NearbyConnections: Client 88602763 requested setting downloads directory to null.
05-24 16:27:59.163  1400  1905 I KidsAuth: [SupervisionSetupState] No active setup found, moving to Idle. [CONTEXT service_id=42 ]
05-24 16:27:59.163  1400  3648 I SystemUpdate: [Execution,InstallationEventIntentOperation] Handling event of type 1.
05-24 16:27:59.164  2419  2419 I CarrierServices: [2] cyb.a: Migration binding to RcsMigrationService
05-24 16:27:59.164  1400  1915 I Auth    : [GoogleAccountDataTaskService] No accounts had their LSTs written to app data. [CONTEXT service_id=343 ]
05-24 16:27:59.164  1400  1915 I Auth    : [GoogleAccountDataTaskService] Scheduling periodic task to migrate LSTs to app data. [CONTEXT service_id=343 ]
05-24 16:27:59.164  1400  1905 I KidsAuth: (REDACTED) [SupervisionSetupChimeraService] Next state: %s
05-24 16:27:59.164  2419  2647 I CarrierServices: [250] dsd.a: RcsAvailabilityManager: Calculating Rcs Availability
05-24 16:27:59.164  1172  1315 I NearbyConnections: Client 88602763 with package name 0p:com.google.android.gms.nearby.presence and sdk version 251833000 has connected, downloads dir is set to null.
05-24 16:27:59.165  1172  1315 I NearbyConnections: Client 97878969 requested setting downloads directory to null.
05-24 16:27:59.165  1172  1315 I NearbyConnections: Client 97878969 with package name 0p:com.google.android.gms.nearby.sharing and sdk version 251833000 has connected, downloads dir is set to null.
05-24 16:27:59.166  1400  1400 I KidsAuth: [SupervisionSetupChimeraService] Service stopped [CONTEXT service_id=42 ]
05-24 16:27:59.168  1172  1315 I NearbyConnections: Add DeviceProvider of type 2.
05-24 16:27:59.168  1172  1315 I NearbyConnections: Successfully register device provider for endpointType 2 by client 88602763
05-24 16:27:59.168  1172  1315 I NearbyConnections: Client 97878969 requested setting downloads directory to Quick Share.
05-24 16:27:59.171  1400  3648 I SystemUpdate: [Execution,InstallationIntentOperation] Received intent: Intent { act=com.google.android.gms.update.INSTALL_UPDATE cat=[targeted_intent_op_prefix:.update.execution.InstallationIntentOperation] cmp=com.google.android.gms/.chimera.GmsIntentOperationService (has extras) }.
05-24 16:27:59.173  1580  2447 V ClearcutMetricXmitter: Transmission is done.
05-24 16:27:59.174  1400  3648 I SystemUpdate: [Execution,ExecutionManager] Start action execution: finished-execution
05-24 16:27:59.175  1400  3648 I SystemUpdate: [Execution,ExecutionManager] Action finished-execution executed for 0.00 seconds.
05-24 16:27:59.180  1400  3650 I adservices: Schedule privacy sandbox mendel properties daily job
05-24 16:27:59.181   512  2061 D CompatibilityChangeReporter: Compat change id reported: 135634846; UID 10150; state: DISABLED
05-24 16:27:59.181   512  2061 D CompatibilityChangeReporter: Compat change id reported: 135754954; UID 10150; state: ENABLED
05-24 16:27:59.181  2202  2202 I BugleDataModel: RcsMigrationService: Returning RCS state provider.
05-24 16:27:59.182   512   541 D CompatibilityChangeReporter: Compat change id reported: 143937733; UID 10150; state: ENABLED
05-24 16:27:59.186  1400  1855 I Ads     : Parental control value is stale. Refreshing.
05-24 16:27:59.187  2202  3587 I BugleRcsEngine: [251] xly.c: Checking if using CarrierServices.apk is possible. Enabled: true, isAtLeastM: true, runningInsideBugle: true
05-24 16:27:59.193  1400  3648 I Auth    : (REDACTED) [SupervisedAccountIntentOperationV2] onHandleIntent: %s
05-24 16:27:59.194  1400  1855 I Ads     : Initialized AdMob in container 25.18.33 (150400-756823100)
05-24 16:27:59.194  1400  1855 W Auth    : [PubsubPeriodicSyncherRuntimeInit] Initializing periodic tasks, IntentAction=android.intent.action.BOOT_COMPLETED, InitRuntimeState=2
05-24 16:27:59.201  3518  3518 I Endpoint: Created gRPC endpoint for service class com.google.frameworks.client.data.android.server.play.QuickLaunchProcessEndpointService
05-24 16:27:59.202  1371  1422 I LauncherIconVisibilityInitializerBase: LauncherIconVisibilityInitializerBase$1.run():51 doUpdate() : Visible = false
05-24 16:27:59.203   291   291 D Zygote  : Forked child process 3670
05-24 16:27:59.204   512   541 I ActivityManager: Start proc 3670:com.google.android.onetimeinitializer/u0a150 for broadcast {com.google.android.onetimeinitializer/com.google.android.onetimeinitializer.OneTimeInitializerReceiver}
05-24 16:27:59.206  2419  2647 I CarrierServices: [250] dtf.b: Bugle has minimum required RCS permissions: true
05-24 16:27:59.215  1400  2717 I NearbySharing: onBindSlice failed since shareTargets is empty
05-24 16:27:59.215  1400  3648 I RecoverableKeyStoreGms: [RecoverableKeyStoreGmsInitOperation] Initializing auth_folsom
05-24 16:27:59.223  3670  3670 E timeinitialize: Not starting debugger since process cannot load the jdwp agent.
05-24 16:27:59.224  1172  1172 D BoundBrokerSvc: onBind: Intent { act=com.google.android.gms.auth.proximity.devicesyncservice.START dat=chimera-action: cmp=com.google.android.gms/.chimera.PersistentBoundBrokerService }
05-24 16:27:59.224  1172  1172 D BoundBrokerSvc: Loading bound service for intent: Intent { act=com.google.android.gms.auth.proximity.devicesyncservice.START dat=chimera-action: cmp=com.google.android.gms/.chimera.PersistentBoundBrokerService }
05-24 16:27:59.225  1400  3672 W ChimeraUtils: Module com.google.android.gms.auth_authzen__phone missing resource null(0)
05-24 16:27:59.227  2419  2647 I CarrierServices: [250] dtf.a: Rcs is enabled from user settings: true
05-24 16:27:59.233  2419  2647 I CarrierServices: [250] dtf.c: Bugle is default SMS app: true
05-24 16:27:59.236  1172  1895 W EasyUnlock: [HostValidator] Invalid account list. [CONTEXT service_id=234 ]
05-24 16:27:59.238  2419  2647 W CarrierServices: [250] dvk.a: No config URL. RCS will be disabled!
05-24 16:27:59.241  1400  3648 I RecoverableKeyStoreGms: [RecoverableKeyStoreGmsInitOperation] com.google.android.gms.auth.folsom.service.FolsomPublicKeyUpdateService is already enabled. Ignore.
05-24 16:27:59.242  2202  3587 I RcsProvisioning: Failed to read config: no config found /data/user/0/com.google.android.apps.messaging/files/rcsconfig: open failed: ENOENT (No such file or directory)
05-24 16:27:59.243  1400  3648 I RecoverableKeyStoreGms: [RecoverableKeyStoreGmsInitOperation] com.google.android.gms.auth.folsom.service.GcmReceiverService is already enabled. Ignore.
05-24 16:27:59.244  1400  3672 I Authzen : [AuthZenEventHandler] Handling event: android.intent.action.BOOT_COMPLETED
05-24 16:27:59.244  1400  3672 I Authzen : [TransactionCache] Clearing transaction cache
05-24 16:27:59.245  2419  2647 I CarrierServices: [250] ekb.b: Checking if using CarrierServices.apk is possible. Enabled: true, isAtLeastM: true, runningInsideBugle: false
05-24 16:27:59.245  2419  2647 I CarrierServices: [250] chn.h: BindingManager: binding and reset P/H Flag stay same
05-24 16:27:59.245  2419  2647 I CarrierServices: [250] dsd.a: RcsAvailabilityManager: Rcs Availability still DISABLED_VIA_GSERVICES (RCS is disabled for this carrier by Google)
05-24 16:27:59.249  1172  1184 I .gms.persisten: Compiler allocated 4543KB to compile void atkr.f(android.content.Context)
05-24 16:27:59.249  1172  3621 I NearbySharing: Granted slice and uri permissions to com.samsung.android.app.nearbyshare.theme
05-24 16:27:59.250  1172  1172 D WearableService: Creating wearable service asynchronously.
05-24 16:27:59.252  1172  3621 I NearbySharing: Granted slice and uri permissions to com.google.location.nearby.apps.hellooemshare
05-24 16:27:59.253  2598  3590 I Finsky  : [292] lhd.a(65): Received content filters request from sharedUserId=com.google.uid.shared:10123
05-24 16:27:59.254  1400  1912 I Ads     : Successfully received play store parental controls the result.
05-24 16:27:59.256  1172  3621 I NearbySharing: Granted slice and uri permissions to android
05-24 16:27:59.258  1172  3621 I NearbySharing: Granted slice and uri permissions to com.fdi.nearbysharingextension
05-24 16:27:59.258  1172  3621 I NearbySharing: Granted slice and uri permissions to com.google.android.apps.nbu.files
05-24 16:27:59.259  1172  1316 I Wear_Controller: Wearable module requires a companion app to be installed.
05-24 16:27:59.259  1172  1316 I WearableService: onCreate: Wearable Services not starting. Wear is not available on this device.
05-24 16:27:59.259  3518  3518 I Finsky:quick_launch: [2] mol.o(304): This process start was not selected for Play memory metrics collection.
05-24 16:27:59.259  1172  3621 I NearbySharing: Granted slice and uri permissions to com.hihonor.android.instantshare
05-24 16:27:59.262  1172  1190 W WearableService: onGetService: Wear is not available on this device.
05-24 16:27:59.264  3518  3518 I Finsky:quick_launch: [2] aako.onTrimMemory(13): Memory trim requested to level 5
05-24 16:27:59.265  1172  3621 I NearbySharing: Granted slice and uri permissions to com.samsung.android.app.sharelive
05-24 16:27:59.265  3518  3518 I Finsky:quick_launch: [2] aako.onTrimMemory(13): Memory trim requested to level 15
05-24 16:27:59.265  3518  3518 I Finsky:quick_launch: [2] aako.onTrimMemory(13): Memory trim requested to level 10
05-24 16:27:59.265  3518  3518 I Finsky:quick_launch: [2] aako.onTrimMemory(13): Memory trim requested to level 15
05-24 16:27:59.266  1172  3621 I NearbySharing: com.google.android.gms.nearby.sharing.receive.SamsungQrCodeActivity enable=false
05-24 16:27:59.272   512  2061 V RecoverableKeyStoreMgr: Not updating secret types - same as old value.
05-24 16:27:59.274   691   691 D TileServices: Couldn't find tile for ComponentInfo{com.google.android.gms/com.google.android.gms.nearby.sharing.SharingTileService}
05-24 16:27:59.278  1172  1315 I NearbySharing: A new client has bound to the NearbySharingService ClientBridge for calling package com.google.android.gms and PID 1172
05-24 16:27:59.278  1172  1172 I NearbySharing: ReceiveSurfaceService created with vendorMetadata null
05-24 16:27:59.278  1172  1172 I NearbySharing: ReceiveSurfaceService started
05-24 16:27:59.280  1172  1172 I NearbySharing: SendSurfaceService started
05-24 16:27:59.281  1400  1855 I ProximityAuth: [FeatureLoader] auth_easyunlock module load status: 2
05-24 16:27:59.281  1172  1315 I NearbySharing: Package com.google.android.gms has requested to register a receive surface of type BACKGROUND
05-24 16:27:59.284  1172  3621 I NearbySharing: Broadcasting NearbySharing state change.
05-24 16:27:59.284  1172  1315 I NearbySharing: Package com.google.android.gms has requested to register a send surface of type BACKGROUND
05-24 16:27:59.285  1400  1400 D BoundBrokerSvc: onBind: Intent { act=com.google.android.gms.auth.cryptauth.cryptauthservice.START dat=chimera-action: cmp=com.google.android.gms/.chimera.GmsBoundBrokerService }
05-24 16:27:59.285  1400  1400 D BoundBrokerSvc: Loading bound service for intent: Intent { act=com.google.android.gms.auth.cryptauth.cryptauthservice.START dat=chimera-action: cmp=com.google.android.gms/.chimera.GmsBoundBrokerService }
05-24 16:27:59.289  1400  1915 I Auth    : [AuthManaged, PasswordComplexityHelperImpl] Updating password complexity components state.
05-24 16:27:59.289  1400  1915 I Auth    : [AuthManaged, PasswordComplexityHelperImpl] Disabling com.google.android.gms.auth.managed.admin.DeviceAdminReceiver
05-24 16:27:59.290  1400  1915 I Auth    : [AuthManaged, PasswordComplexityHelperImpl] Disabling com.google.android.gms.auth.managed.ui.SetNewPasswordActivity
05-24 16:27:59.292  1172  3621 I NearbySharing: There is no account metadata, return default instance.
05-24 16:27:59.292  1172  3621 I NearbySharing: Uwb feature is off.
05-24 16:27:59.292  1172  3621 I NearbySharing: Uwb feature is off.
05-24 16:27:59.292  1172  3621 I NearbySharing: Stopping scanning because Nearby Sharing is disabled.
05-24 16:27:59.293  1172  3621 I NearbySharing: Stopping Fast Init advertisement because we're not scanning in the foreground.
05-24 16:27:59.293  1172  3621 I NearbySharing: Stopping advertising because Nearby Sharing is disabled.
05-24 16:27:59.293  1172  3621 I NearbySharing: There is no account metadata, return default instance.
05-24 16:27:59.293  1172  3621 I NearbySharing: There is no account metadata, return default instance.
05-24 16:27:59.293  1172  3621 I NearbySharing: Stopping FastInitiation scanning because visibility is hidden.
05-24 16:27:59.293  1172  3621 I NearbySharing: Fast Initiation Scanning has stopped
05-24 16:27:59.293  1172  3621 I NearbySharing: Dismissing HUN as there's no device nearby.
05-24 16:27:59.294  1172  1172 I ProximityAuth: [PhoneHubService] Handling intent for PhoneHubChimeraService.
05-24 16:27:59.294  1400  3648 I RecoverableKeyStoreGms: [RecoverableKeyStoreGmsInitOperation] Setting vault handle
05-24 16:27:59.296   512  3636 V RecoverableKeyStoreMgr: Not updating server params - same as old value.
05-24 16:27:59.296   512  3442 I RecoverySnapshotLstnrs: Registered listener for agent with uid 10123
05-24 16:27:59.299  1172  1172 D BoundBrokerSvc: onBind: Intent { act=com.google.android.gms.auth.proximity.START dat=chimera-action: cmp=com.google.android.gms/.chimera.PersistentBoundBrokerService }
05-24 16:27:59.299  1172  1172 D BoundBrokerSvc: Loading bound service for intent: Intent { act=com.google.android.gms.auth.proximity.START dat=chimera-action: cmp=com.google.android.gms/.chimera.PersistentBoundBrokerService }
05-24 16:27:59.300  1172  3621 I NearbySharing: There is no account metadata, return default instance.
05-24 16:27:59.300  1172  3621 I NearbySharing: Not allowed to auto turn on device settings.
05-24 16:27:59.300  1172  3621 I NearbySharing: A ReceiveSurface(BACKGROUND) has been registered
05-24 16:27:59.303  1172  3621 I NearbySharing: Stopping advertising because Nearby Sharing is disabled.
05-24 16:27:59.304  1172  1895 I ProximityAuth: [PhoneHubService] No enabled account, stopping service
05-24 16:27:59.308  1172  3621 I NearbySharing: There is no account metadata, return default instance.
05-24 16:27:59.308  1172  3621 I NearbySharing: There is no account metadata, return default instance.
05-24 16:27:59.308  1172  3621 I NearbySharing: Stopping FastInitiation scanning because visibility is hidden.
05-24 16:27:59.309  1172  3621 I NearbySharing: Fast Initiation Scanning has stopped
05-24 16:27:59.309  1172  3621 I NearbySharing: Dismissing HUN as there's no device nearby.
05-24 16:27:59.309  1172  3621 I NearbySharing: Broadcasting NearbySharing state change.
05-24 16:27:59.314  1172  3621 I NearbySharing: A SendSurface(BACKGROUND) has been registered
05-24 16:27:59.314  1172  3621 I NearbySharing: Uwb feature is off.
05-24 16:27:59.317   177   177 I lowmemorykiller: Kill 'com.google.android.apps.messaging:rcs' (3150), uid 10146, oom_adj 995 to free 51184kB; reason: low watermark is breached and thrashing (41%)
05-24 16:27:59.319   291   291 I Zygote  : Process 3150 exited due to signal 9 (Killed)
05-24 16:27:59.319   512  1777 I ActivityManager: Process com.google.android.apps.messaging:rcs (pid 3150) has died: cch+95 CEM 
05-24 16:27:59.319  1172  1345 W ProximityAuth: [GetMyPublicKey] Failed to fetch public key.
05-24 16:27:59.320   512   542 I libprocessgroup: Successfully killed process cgroup uid 10146 pid 3150 in 0ms
05-24 16:27:59.321  3518  3518 I Finsky:quick_launch: [2] aako.onTrimMemory(13): Memory trim requested to level 10
05-24 16:27:59.321  2856  2856 I Finsky:background: [2] aako.onTrimMemory(13): Memory trim requested to level 10
05-24 16:27:59.322  1673  1673 D NeteaseMusicApplication: in onTrimMemory:10
05-24 16:27:59.325  1172  1172 E GmsCoreLogger: Missing account for FACET_USAGE_GAIA_UNSAMPLED [CONTEXT service_id=299 ]
05-24 16:27:59.325  1172  1172 I ProximityAuth: [PhoneHubService] Destroying PhoneHubChimeraService.
05-24 16:27:59.325  1172  1172 W ProximityAuth: [PhoneHubNotificationProcessor] shutdown(): context is null.
05-24 16:27:59.325  1172  1172 I ProximityAuth: [PhoneHubService] All devices have disconnected. Performing cleanup...
05-24 16:27:59.325  1172  1172 W ChimeraUtils: Module com.google.android.gms.auth_proximity missing resource null(0)
05-24 16:27:59.326  2598  2598 I Finsky  : [2] aako.onTrimMemory(13): Memory trim requested to level 10
05-24 16:27:59.333  1371  1371 I AppBase : AppBase.onTrimMemory():615 onTrimMemory(): 10
05-24 16:27:59.334  1400  1915 I Auth    : [AuthManaged, AuthManagedModuleInitIntentOperation] enabling com.google.android.gms.auth.managed.ui.EmmActivity
05-24 16:27:59.334  1371  1371 I GoogleInputMethodService: GoogleInputMethodService.onTrimMemory():4225 onTrimMemory(): 10
05-24 16:27:59.337  1400  1915 I Auth    : [AuthManaged, AuthManagedModuleInitIntentOperation] enabling com.google.android.gms.auth.managed.ui.PhoneskyDpcInstallActivity
05-24 16:27:59.338  1400  1915 W Auth    : [AuthManaged, SettingsSecurityDeviceOwnerChimeraActivity] device owner: n/a
05-24 16:27:59.338  1400  1915 I Auth    : [AuthManaged, AuthManagedModuleInitIntentOperation] disabling com.google.android.gms.auth.managed.ui.SettingsSecurityDeviceOwnerActivity
05-24 16:27:59.346  1172  3621 I NearbySharing: Stopping scanning because Nearby Sharing is disabled.
05-24 16:27:59.346  1172  3621 I NearbySharing: Stopping Fast Init advertisement because we're not scanning in the foreground.
05-24 16:27:59.346  1172  3621 I NearbySharing: Stopping advertising because Nearby Sharing is disabled.
05-24 16:27:59.347  1172  3621 I NearbySharing: There is no account metadata, return default instance.
05-24 16:27:59.347  1172  3621 I NearbySharing: There is no account metadata, return default instance.
05-24 16:27:59.347  1172  3621 I NearbySharing: Stopping FastInitiation scanning because visibility is hidden.
05-24 16:27:59.347  1172  3621 I NearbySharing: Fast Initiation Scanning has stopped
05-24 16:27:59.347  1172  3621 I NearbySharing: Dismissing HUN as there's no device nearby.
05-24 16:27:59.348  1172  3621 I NearbySharing: Broadcasting NearbySharing state change.
05-24 16:27:59.348  1172  3621 I NearbySharing: There is no account metadata, return default instance.
05-24 16:27:59.348  1172  3621 I NearbySharing: There is no account metadata, return default instance.
05-24 16:27:59.350  1172  1345 E fagd    : RuntimeException while executing runnable fags{agwr@7fd3bda} with executor MoreExecutors.directExecutor()
05-24 16:27:59.350  1172  1345 E fagd    : java.lang.NullPointerException: Attempt to get length of null array
05-24 16:27:59.350  1172  1345 E fagd    : 	at android.util.Base64.encode(Base64.java:496)
05-24 16:27:59.350  1172  1345 E fagd    : 	at android.util.Base64.encodeToString(Base64.java:458)
05-24 16:27:59.350  1172  1345 E fagd    : 	at com.google.android.gms.auth.proximity.RemoteDevice.a(:com.google.android.gms@251833022@25.18.33 (150400-756823100):3)
05-24 16:27:59.350  1172  1345 E fagd    : 	at agwr.b(:com.google.android.gms@251833022@25.18.33 (150400-756823100):3)
05-24 16:27:59.350  1172  1345 E fagd    : 	at fags.run(:com.google.android.gms@251833022@25.18.33 (150400-756823100):29)
05-24 16:27:59.350  1172  1345 E fagd    : 	at fafz.execute(:com.google.android.gms@251833022@25.18.33 (150400-756823100):1)
05-24 16:27:59.350  1172  1345 E fagd    : 	at fagd.c(:com.google.android.gms@251833022@25.18.33 (150400-756823100):1)
05-24 16:27:59.350  1172  1345 E fagd    : 	at fagd.b(:com.google.android.gms@251833022@25.18.33 (150400-756823100):32)
05-24 16:27:59.350  1172  1345 E fagd    : 	at avvp.done(:com.google.android.gms@251833022@25.18.33 (150400-756823100):6)
05-24 16:27:59.350  1172  1345 E fagd    : 	at java.util.concurrent.FutureTask.finishCompletion(FutureTask.java:383)
05-24 16:27:59.350  1172  1345 E fagd    : 	at java.util.concurrent.FutureTask.set(FutureTask.java:234)
05-24 16:27:59.350  1172  1345 E fagd    : 	at java.util.concurrent.FutureTask.run(FutureTask.java:274)
05-24 16:27:59.350  1172  1345 E fagd    : 	at avvk.c(:com.google.android.gms@251833022@25.18.33 (150400-756823100):50)
05-24 16:27:59.350  1172  1345 E fagd    : 	at avvk.run(:com.google.android.gms@251833022@25.18.33 (150400-756823100):70)
05-24 16:27:59.350  1172  1345 E fagd    : 	at java.util.concurrent.ThreadPoolExecutor.runWorker(ThreadPoolExecutor.java:1167)
05-24 16:27:59.350  1172  1345 E fagd    : 	at java.util.concurrent.ThreadPoolExecutor$Worker.run(ThreadPoolExecutor.java:641)
05-24 16:27:59.350  1172  1345 E fagd    : 	at awaz.run(:com.google.android.gms@251833022@25.18.33 (150400-756823100):8)
05-24 16:27:59.350  1172  1345 E fagd    : 	at java.lang.Thread.run(Thread.java:923)
05-24 16:27:59.351  1400  1915 I Auth    : [AuthManaged, PasswordComplexityHelperImpl] Updating password complexity components state.
05-24 16:27:59.351  1400  1915 I Auth    : [AuthManaged, PasswordComplexityHelperImpl] Disabling com.google.android.gms.auth.managed.admin.DeviceAdminReceiver
05-24 16:27:59.360  1400  1915 I Auth    : [AuthManaged, PasswordComplexityHelperImpl] Disabling com.google.android.gms.auth.managed.ui.SetNewPasswordActivity
05-24 16:27:59.366  1400  3648 W ActivityThread: ClassLoader.getResources: The class loader returned by Thread.getContextClassLoader() may fail for processes that host multiple applications. You should explicitly specify a context class loader. For example: Thread.setContextClassLoader(getClass().getClassLoader());
05-24 16:27:59.380  1400  1855 W ProximityAuth: [GetSyncedDevices] Attestation: No devices out of 0 passed verification.
05-24 16:27:59.385  1400  3648 I RecoverableKeyStoreGms: [EnrollmentManager] Returning certificates list from cache [CONTEXT service_id=172 ]
05-24 16:27:59.395  1400  3569 I GmsCoreXrpcWrapper: (REDACTED) Returning a channel provider with trafficStatsTag=%d trafficStatsUid=%d
05-24 16:27:59.399  1400  1855 W ChimeraUtils: Module com.google.android.gms.backup_g1 missing resource null(0)
05-24 16:27:59.401  1400  1855 I chatty  : uid=10123(com.google.android.gms) identical 1 line
05-24 16:27:59.408  1400  1855 W ChimeraUtils: Module com.google.android.gms.backup_g1 missing resource null(0)
05-24 16:27:59.416  1400  3569 I AutofillModuleInitInten: (REDACTED) AutofillModuleInitIntentOperation onInitRuntimeState(%s)
05-24 16:27:59.416  3670  3670 I timeinitialize: The ClassLoaderContext is a special shared library.
05-24 16:27:59.422   512  1777 I RecoverableKeyStoreMgr: The cert file serial number is the same, so skip updating.
05-24 16:27:59.422  1400  3648 I RecoverableKeyStoreGms: [EnrollmentManager] Recovery service is initialized. [CONTEXT service_id=172 ]
