05-23 23:07:32.246   512   512 D BluetoothManagerService: Creating new ProfileServiceConnections object for profile: 1
05-23 23:07:32.246   512   512 D BluetoothManagerService: Unable to bindService while Bluetooth is disabled
05-23 23:07:32.258   512   668 D ConnectivityService: requestNetwork for uid/pid:1073/852 NetworkRequest [ TRACK_DEFAULT id=10, [ Capabilities: INTERNET&NOT_RESTRICTED&TRUSTED Uid: 1073 AdministratorUids: [] RequestorUid: 1073 RequestorPackageName: com.google.android.networkstack] ]
05-23 23:07:32.258   512   541 I ActivityManager: Start proc 962:com.google.android.ext.services/u0a162 for service {com.google.android.ext.services/android.ext.services.autofill.InlineSuggestionRenderServiceImpl}
05-23 23:07:32.261   512   541 D CompatibilityChangeReporter: Compat change id reported: 143937733; UID 10152; state: ENABLED
05-23 23:07:32.261   512   622 D ConnectivityService: NetReassign [no changes]
05-23 23:07:32.261   512   622 D ConnectivityService: NetReassign [no changes]
05-23 23:07:32.261   512   946 I Telecom : BluetoothRouteManager: getBluetoothAudioConnectedDevice: no service available.
05-23 23:07:32.263   512   512 I Telecom : SystemStateHelper: Registering car mode receiver: android.content.IntentFilter@3107101: TS.init@AAA
05-23 23:07:32.269   512   541 I ActivityManager: Start proc 986:com.google.android.apps.nexuslauncher/u0a152 for service {com.google.android.apps.nexuslauncher/com.android.quickstep.TouchInteractionService}
05-23 23:07:32.275   512   983 I Telecom : Logging.Events: Non-call EVENT: AUDIO_ROUTE, Entering state QuiescentSpeakerRoute
05-23 23:07:32.275   512   983 I Telecom : BluetoothRouteManager: getBluetoothAudioConnectedDevice: no service available.
05-23 23:07:32.285   512  1012 I Telecom : CallAudioModeStateMachine: Message received: null.: TS.init->CAMSM.pM_1@AAA
05-23 23:07:32.287   512   512 I Telecom : MissedCallNotifierImpl: reloadFromDatabase: Boot not yet complete -- call log db may not be available. Deferring loading until boot complete for user 0: TS.init@AAA
05-23 23:07:32.287   512   512 I Telecom : MissedCallNotifierImpl: reloadFromDatabase: Boot not yet complete -- call log db may not be available. Deferring loading until boot complete for user 0: TS.init@AAA
05-23 23:07:32.287   512   512 D BluetoothManagerService: Creating new ProfileServiceConnections object for profile: 1
05-23 23:07:32.287   512   512 D BluetoothManagerService: Unable to bindService while Bluetooth is disabled
05-23 23:07:32.288   512   512 I Telecom : Class: TelecomSystem.INSTANCE being set
05-23 23:07:32.290   512   512 W ContextImpl: Calling a method in the system process without a qualified user: android.app.ContextImpl.startService:1669 android.content.ContextWrapper.startService:720 com.android.server.telecom.components.TelecomService.initializeTelecomSystem:197 com.android.server.telecom.components.TelecomService.onBind:71 android.app.ActivityThread.handleBindService:4219 
05-23 23:07:32.290   512   512 D PackageWatchdog: Getting all observed packages pending health checks
05-23 23:07:32.290   512   512 I PackageWatchdog: Syncing health check requests for packages: {}
05-23 23:07:32.290   512   512 I ExplicitHealthCheckController: Service not ready to get health check supported packages. Binding...
05-23 23:07:32.290   512   512 I ExplicitHealthCheckController: Explicit health check service is bound
05-23 23:07:32.290   512   512 D BluetoothManagerService: Bluetooth Adapter name changed to sdk_gphone_arm64
05-23 23:07:32.290   512   512 D BluetoothManagerService: Stored Bluetooth name: sdk_gphone_arm64
05-23 23:07:32.297   512   512 D BluetoothManagerService: BluetoothServiceConnection: com.android.bluetooth.btservice.AdapterService
05-23 23:07:32.297   512   533 D BluetoothManagerService: MESSAGE_BLUETOOTH_SERVICE_CONNECTED: 1
05-23 23:07:32.298   512   533 D BluetoothManagerService: Broadcasting onBluetoothServiceUp() to 2 receivers.
05-23 23:07:32.300   512   533 D BluetoothManagerService: MESSAGE_BLUETOOTH_STATE_CHANGE: OFF > BLE_TURNING_ON
05-23 23:07:32.300   512   533 D BluetoothManagerService: Sending BLE State Change: OFF > BLE_TURNING_ON
05-23 23:07:32.301   512   512 E TrustManagerService: EXTRA_USER_HANDLE missing or invalid, value=0
05-23 23:07:32.302   512   540 I DropBoxManagerService: add tag=system_server_wtf isTagEnabled=true flags=0x2
05-23 23:07:32.303   512   512 V ConditionProviders: enabling condition provider for 0: ComponentInfo{com.google.android.apps.wellbeing/com.google.android.apps.wellbeing.dnd.impl.DndConditionProviderService}
05-23 23:07:32.303   512   512 V ConditionProviders: Not registering ComponentInfo{com.google.android.apps.wellbeing/com.google.android.apps.wellbeing.dnd.impl.DndConditionProviderService} is already bound
05-23 23:07:32.303   512   512 V NotificationListeners: enabling notification listener for 0: ComponentInfo{com.google.android.apps.nexuslauncher/com.android.launcher3.notification.NotificationListener}
05-23 23:07:32.303   512   512 V NotificationListeners: binding: Intent { act=android.service.notification.NotificationListenerService cmp=com.google.android.apps.nexuslauncher/com.android.launcher3.notification.NotificationListener (has extras) }
05-23 23:07:32.303   512   512 W ActivityManager: Unable to start service Intent { act=android.service.notification.NotificationListenerService cmp=com.google.android.apps.nexuslauncher/com.android.launcher3.notification.NotificationListener } U=0: not found
05-23 23:07:32.303   512   512 W NotificationListeners: Unable to bind notification listener service: Intent { act=android.service.notification.NotificationListenerService cmp=com.google.android.apps.nexuslauncher/com.android.launcher3.notification.NotificationListener (has extras) } in user 0
05-23 23:07:32.303   512   512 V NotificationAssistants: enabling notification assistant for 0: ComponentInfo{com.google.android.ext.services/android.ext.services.notification.Assistant}
05-23 23:07:32.303   512   512 V NotificationAssistants: binding: Intent { act=android.service.notification.NotificationAssistantService cmp=com.google.android.ext.services/android.ext.services.notification.Assistant (has extras) }
05-23 23:07:32.313   512   882 D ConnectivityService: requestNetwork for uid/pid:1073/852 NetworkRequest [ REQUEST id=12, [ Capabilities: INTERNET&NOT_RESTRICTED&TRUSTED&NOT_VPN AdministratorUids: [] RequestorUid: 1073 RequestorPackageName: com.google.android.networkstack] ]
05-23 23:07:32.313   512   622 D ConnectivityService: NetReassign [no changes]
05-23 23:07:32.313   512   512 W BroadcastQueue: Background execution not allowed: receiving Intent { act=android.intent.action.ACTION_POWER_DISCONNECTED flg=0x4000010 (has extras) } to com.google.android.gms/.chimera.GmsIntentOperationService$PersistentTrustedReceiver
05-23 23:07:32.314   512   512 D ConditionProviders.SCP: onSubscribe condition://android/schedule?days=1.2.3.4.5.6.7&start=22.0&end=7.0&exitAtAlarm=true
05-23 23:07:32.314   512   512 D ConditionProviders.SCP: setRegistered true
05-23 23:07:32.318   512   512 D ConditionProviders.SCP: evaluateSubscriptionLocked cal=ScheduleCalendar[mDays={1, 2, 3, 4, 5, 6, 7}, mSchedule=ScheduleInfo{days=[1, 2, 3, 4, 5, 6, 7], startHour=22, startMinute=0, endHour=7, endMinute=0, exitAtAlarm=true, nextAlarm=Thu Jan 01 08:00:00 GMT+08:00 1970 (0)}], now=Fri May 23 23:07:32 GMT+08:00 2025 (1748012852314), nextUserAlarmTime=Thu Jan 01 08:00:00 GMT+08:00 1970 (0)
05-23 23:07:32.318   512   512 D ConditionProviders.SCP: notifyCondition condition://android/schedule?days=1.2.3.4.5.6.7&start=22.0&end=7.0&exitAtAlarm=true STATE_TRUE reason=meetsSchedule
05-23 23:07:32.318   512   512 D ConditionProviders.SCP: Scheduling evaluate for Sat May 24 07:00:00 GMT+08:00 2025 (1748041200000), in +7h52m27s686ms, now=Fri May 23 23:07:32 GMT+08:00 2025 (1748012852314)
05-23 23:07:32.319   512   512 V FingerprintService: handleEnumeratedTemplate: 0
05-23 23:07:32.319   512   512 V FingerprintService: Matched: false
05-23 23:07:32.319   512   512 V FingerprintService: Done with client: android
05-23 23:07:32.319   512   512 V FingerprintService: clearEnumerateState()
05-23 23:07:32.320   512   512 I ConnectivityModuleConnector: Networking module service connected
05-23 23:07:32.320   512   512 I Telecom : WiredHeadsetManager: ACTION_HEADSET_PLUG event, plugged in: false, : WHC.oADA@AAE
05-23 23:07:32.321   512   628 W ActivityThread: Failed to find provider info for com.android.calendar (user not unlocked)
05-23 23:07:32.321   512   628 W ActivityThread: Failed to find provider info for com.android.calendar (user not unlocked)
05-23 23:07:32.323   512   512 I ExplicitHealthCheckController: Explicit health check service is connected ComponentInfo{com.google.android.ext.services/android.ext.services.watchdog.ExplicitHealthCheckServiceImpl}
05-23 23:07:32.323   512   512 I ExplicitHealthCheckController: Service initialized, syncing requests
05-23 23:07:32.323   512   512 I ContentCaptureManagerService: Updating for user 0: disabled=false
05-23 23:07:32.323   512   512 E ContentCapturePerUserService: Bad service name: com.google.android.as/com.google.android.apps.miphone.aiai.app.AiAiContentCaptureService
05-23 23:07:32.323   512   512 I chatty  : uid=1000 system_server identical 1 line
05-23 23:07:32.323   512   512 E ContentCapturePerUserService: Bad service name: com.google.android.as/com.google.android.apps.miphone.aiai.app.AiAiContentCaptureService
05-23 23:07:32.323   512   512 I ContentSuggestionsManagerService: Updating for user 0: disabled=false
05-23 23:07:32.323   512   512 E ContentSuggestionsPerUserService: Bad service name: com.google.android.as/com.google.android.apps.miphone.aiai.app.AiAiContentSuggestionsService
05-23 23:07:32.323   512   512 I AutofillManagerService: Updating for user 0: disabled=false
05-23 23:07:32.323   512   512 E AutofillManagerServiceImpl: Bad service name: com.google.android.gms/.autofill.service.AutofillService
05-23 23:07:32.323   512   512 E RemoteAugmentedAutofillService: Bad service name for flags 1048704: com.google.android.as/com.google.android.apps.miphone.aiai.app.AiAiAugmentedAutofillService
05-23 23:07:32.324   512   512 V NotificationAssistants: 0 notification assistant service connected: ComponentInfo{com.google.android.ext.services/android.ext.services.notification.Assistant}
05-23 23:07:32.324   512   512 I ConnectivityModuleConnector: Networking module service connected
05-23 23:07:32.324   512   512 W Looper  : Drained
05-23 23:07:32.325   512   512 D PackageWatchdog: Getting all observed packages pending health checks
05-23 23:07:32.325   512   512 I PackageWatchdog: Syncing health check requests for packages: {}
05-23 23:07:32.325   512   512 D ExplicitHealthCheckController: Getting health check supported packages
05-23 23:07:32.325   512   512 W ActivityManager: Unable to start service Intent { act=android.service.contentcapture.ContentCaptureService cmp=com.google.android.as/com.google.android.apps.miphone.aiai.app.AiAiContentCaptureService } U=0: not found
05-23 23:07:32.325   512   512 W RemoteContentCaptureService: could not bind to Intent { act=android.service.contentcapture.ContentCaptureService cmp=com.google.android.as/com.google.android.apps.miphone.aiai.app.AiAiContentCaptureService } using flags 67112961
05-23 23:07:32.325   512   512 W ContentCapturePerUserService: remote service died: RemoteContentCaptureService[ComponentInfo{com.google.android.as/com.google.android.apps.miphone.aiai.app.AiAiContentCaptureService} 34327909 (unbound)]
05-23 23:07:32.325   512   512 W ActivityManager: Unable to start service Intent { act=android.service.contentcapture.ContentCaptureService cmp=com.google.android.as/com.google.android.apps.miphone.aiai.app.AiAiContentCaptureService } U=0: not found
05-23 23:07:32.325   512   512 W RemoteContentCaptureService: could not bind to Intent { act=android.service.contentcapture.ContentCaptureService cmp=com.google.android.as/com.google.android.apps.miphone.aiai.app.AiAiContentCaptureService } using flags 67112961
05-23 23:07:32.325   512   512 W ContentCapturePerUserService: remote service died: RemoteContentCaptureService[ComponentInfo{com.google.android.as/com.google.android.apps.miphone.aiai.app.AiAiContentCaptureService} 137107179 (unbound)]
05-23 23:07:32.325   512   903 D ConnectivityService: requestNetwork for uid/pid:10158/691 NetworkRequest [ TRACK_DEFAULT id=14, [ Capabilities: INTERNET&NOT_RESTRICTED&TRUSTED Uid: 10158 AdministratorUids: [] RequestorUid: 10158 RequestorPackageName: com.android.systemui] ]
05-23 23:07:32.325   512   622 D ConnectivityService: NetReassign [no changes]
05-23 23:07:32.325   512   622 D ConnectivityService: NetReassign [no changes]
05-23 23:07:32.328   512   668 D ConnectivityService: requestNetwork for uid/pid:10158/691 NetworkRequest [ TRACK_DEFAULT id=15, [ Capabilities: INTERNET&NOT_RESTRICTED&TRUSTED Uid: 10158 AdministratorUids: [] RequestorUid: 10158 RequestorPackageName: com.android.systemui] ]
05-23 23:07:32.328   512   622 D ConnectivityService: NetReassign [no changes]
05-23 23:07:32.328   512   882 I ExplicitHealthCheckController: Explicit health check supported packages [PackageConfig{com.google.android.networkstack, 86400000}]
05-23 23:07:32.328   512   882 D PackageWatchdog: Received supported packages [PackageConfig{com.google.android.networkstack, 86400000}]
05-23 23:07:32.328   512   882 D ExplicitHealthCheckController: Getting health check requested packages
05-23 23:07:32.328   512   882 I ExplicitHealthCheckController: Explicit health check requested packages []
05-23 23:07:32.328   512   882 I ExplicitHealthCheckController: No more health check requests, unbinding...
05-23 23:07:32.328   512   882 I ExplicitHealthCheckController: Explicit health check service is unbound
05-23 23:07:32.340   512   668 D BluetoothManagerService: Creating new ProfileServiceConnections object for profile: 1
05-23 23:07:32.340   512   668 D BluetoothManagerService: Unable to bindService while Bluetooth is disabled
05-23 23:07:32.340   512   512 D BluetoothManagerService: Bluetooth Adapter address changed to 3C:5A:B4:01:02:03
05-23 23:07:32.340   512   512 D BluetoothManagerService: Stored Bluetoothaddress: 3C:5A:B4:01:02:03
05-23 23:07:32.340   512   512 D BluetoothManagerService: Bluetooth Adapter name changed to sdk_gphone_arm64
05-23 23:07:32.340   512   512 D BluetoothManagerService: Stored Bluetooth name: sdk_gphone_arm64
05-23 23:07:32.343   512   533 D BluetoothManagerService: MESSAGE_BLUETOOTH_STATE_CHANGE: BLE_TURNING_ON > BLE_ON
05-23 23:07:32.343   512   533 D BluetoothManagerService: Bluetooth is in LE only mode
05-23 23:07:32.343   512   533 D BluetoothManagerService: Binding Bluetooth GATT service
05-23 23:07:32.343   512   533 D BluetoothManagerService: Sending BLE State Change: BLE_TURNING_ON > BLE_ON
05-23 23:07:32.343   512   512 D BluetoothManagerService: BluetoothServiceConnection: com.android.bluetooth.gatt.GattService
05-23 23:07:32.344   512   533 D BluetoothManagerService: MESSAGE_BLUETOOTH_SERVICE_CONNECTED: 2
05-23 23:07:32.344   512   533 D BluetoothManagerService: continueFromBleOnState()
05-23 23:07:32.344   512   533 D BluetoothManagerService: Persisting Bluetooth Setting: 1
05-23 23:07:32.344   512   533 D BluetoothManagerService: MESSAGE_BLUETOOTH_STATE_CHANGE: BLE_ON > TURNING_ON
05-23 23:07:32.344   512   533 D BluetoothManagerService: Sending BLE State Change: BLE_ON > TURNING_ON
05-23 23:07:32.344   512   540 W BroadcastQueue: Background execution not allowed: receiving Intent { act=android.bluetooth.adapter.action.STATE_CHANGED flg=0x4000010 (has extras) } to com.google.android.gms/.chimera.GmsIntentOperationService$PersistentTrustedReceiver
05-23 23:07:32.353   512   534 I ActivityManagerTiming: FinishBooting
05-23 23:07:32.353   512   534 W KeyguardServiceDelegate: onScreenTurningOn(): no keyguard service!
05-23 23:07:32.354   512   903 I StatusBarManagerService: registerStatusBar bar=com.android.internal.statusbar.IStatusBar$Stub$Proxy@ee69a50
05-23 23:07:32.368   512   539 D CountryDetector: Using custom country detector class: com.android.server.location.ComprehensiveCountryDetector
05-23 23:07:32.371   512   903 D CompatibilityChangeReporter: Compat change id reported: 124107808; UID 1001; state: ENABLED
05-23 23:07:32.374   512   622 D ConnectivityService: NetReassign [no changes]
05-23 23:07:32.387   512   533 D BluetoothManagerService: MESSAGE_BLUETOOTH_STATE_CHANGE: TURNING_ON > ON
05-23 23:07:32.387   512   533 D BluetoothManagerService: Broadcasting onBluetoothStateChange(true) to 12 receivers.
05-23 23:07:32.387   512   533 D BluetoothManagerService: Creating new ProfileServiceConnections object for profile: 1
05-23 23:07:32.387   512   533 D BluetoothManagerService: Sending BLE State Change: TURNING_ON > ON
05-23 23:07:32.387   512   540 W BroadcastQueue: Background execution not allowed: receiving Intent { act=android.bluetooth.adapter.action.STATE_CHANGED flg=0x4000010 (has extras) } to com.google.android.gms/.chimera.GmsIntentOperationService$PersistentTrustedReceiver
05-23 23:07:32.387   512   512 I Telecom : BluetoothPhoneService: queryPhoneState: BPSI.qPS@AAI
05-23 23:07:32.389   669  1099 W ActivityThread: Failed to find provider info for com.android.contacts (user not unlocked)
05-23 23:07:32.398   512   622 D ConnectivityService: Got NetworkProvider Messenger for PhoneSwitcherNetworkRequstListener
05-23 23:07:32.400   512   622 D ConnectivityService: Got NetworkProvider Messenger for TelephonyNetworkFactory[0]
05-23 23:07:32.400   512   663 W ActivityManager: Receiver with filter android.content.IntentFilter@630a7e5 already registered for pid 691, callerPackage is com.android.systemui
05-23 23:07:32.403   898  1113 W ActivityThread: Failed to find provider info for com.android.contacts (user not unlocked)
05-24 16:27:46.774   512   512 D DevicePolicyManager: updateSystemUpdateFreezePeriodsRecord
05-24 16:27:46.774   512   512 I JobScheduler: RTC now valid; recalculating persisted job windows
05-24 16:27:46.783   512   540 D CompatibilityChangeReporter: Compat change id reported: 135634846; UID 10116; state: DISABLED
05-24 16:27:46.783   512   540 D CompatibilityChangeReporter: Compat change id reported: 135754954; UID 10116; state: DISABLED
05-24 16:27:46.784   512   541 D CompatibilityChangeReporter: Compat change id reported: 143937733; UID 10116; state: DISABLED
05-24 16:27:46.784   512   512 W SyncManager: Clock is valid now.
05-24 16:27:46.784   512   512 D ConditionProviders.SCP: onReceive android.intent.action.TIME_SET
05-24 16:27:46.784   512   512 D ConditionProviders.SCP: evaluateSubscriptionLocked cal=ScheduleCalendar[mDays={1, 2, 3, 4, 5, 6, 7}, mSchedule=ScheduleInfo{days=[1, 2, 3, 4, 5, 6, 7], startHour=22, startMinute=0, endHour=7, endMinute=0, exitAtAlarm=true, nextAlarm=Thu Jan 01 08:00:00 GMT+08:00 1970 (0)}], now=Sat May 24 16:27:46 GMT+08:00 2025 (1748075266784), nextUserAlarmTime=Thu Jan 01 08:00:00 GMT+08:00 1970 (0)
05-24 16:27:46.784   512   512 D ConditionProviders.SCP: notifyCondition condition://android/schedule?days=1.2.3.4.5.6.7&start=22.0&end=7.0&exitAtAlarm=true STATE_FALSE reason=!meetsSchedule
05-24 16:27:46.786   512   512 D ConditionProviders.SCP: Scheduling evaluate for Sat May 24 22:00:00 GMT+08:00 2025 (1748095200000), in +5h32m13s216ms, now=Sat May 24 16:27:46 GMT+08:00 2025 (1748075266784)
05-24 16:27:46.786   512   512 D ConditionProviders.SCP: onReceive ScheduleConditionProvider.EVALUATE
05-24 16:27:46.786   512   512 D ConditionProviders.SCP: evaluateSubscriptionLocked cal=ScheduleCalendar[mDays={1, 2, 3, 4, 5, 6, 7}, mSchedule=ScheduleInfo{days=[1, 2, 3, 4, 5, 6, 7], startHour=22, startMinute=0, endHour=7, endMinute=0, exitAtAlarm=true, nextAlarm=Thu Jan 01 08:00:00 GMT+08:00 1970 (0)}], now=Sat May 24 16:27:46 GMT+08:00 2025 (1748075266786), nextUserAlarmTime=Thu Jan 01 08:00:00 GMT+08:00 1970 (0)
05-24 16:27:46.786   512   512 D ConditionProviders.SCP: notifyCondition condition://android/schedule?days=1.2.3.4.5.6.7&start=22.0&end=7.0&exitAtAlarm=true STATE_FALSE reason=!meetsSchedule
05-24 16:27:46.786   512   512 D ConditionProviders.SCP: Scheduling evaluate for Sat May 24 22:00:00 GMT+08:00 2025 (1748095200000), in +5h32m13s214ms, now=Sat May 24 16:27:46 GMT+08:00 2025 (1748075266786)
05-24 16:27:46.786   512   628 W ActivityThread: Failed to find provider info for com.android.calendar (user not unlocked)
05-24 16:27:46.786   512   628 W ActivityThread: Failed to find provider info for com.android.calendar (user not unlocked)
05-24 16:27:46.787   512   541 I ActivityManager: Start proc 1121:com.google.android.apps.wellbeing/u0a116 for broadcast {com.google.android.apps.wellbeing/com.google.android.apps.wellbeing.winddown.impl.WindDownTimeChangedBroadcastReceiver_Receiver}
05-24 16:27:46.792   512   622 D ConnectivityService: NetReassign [no changes]
05-24 16:27:46.795   691  1045 W ActivityThread: Failed to find provider info for com.android.contacts (user not unlocked)
05-24 16:27:46.814   512   882 D ConnectivityService: requestNetwork for uid/pid:1001/898 NetworkRequest [ TRACK_DEFAULT id=18, [ Capabilities: INTERNET&NOT_RESTRICTED&TRUSTED Uid: 1001 AdministratorUids: [] RequestorUid: 1001 RequestorPackageName: com.android.phone] ]
05-24 16:27:46.814   512   622 D ConnectivityService: NetReassign [no changes]
05-24 16:27:46.818   512   882 V WindowManager: Orientation start waiting for draw, mDrawState=DRAW_PENDING in Window{fabfa1f u0 com.android.settings/com.android.settings.FallbackHome}, surfaceController Surface(name=com.android.settings/com.android.settings.FallbackHome)/@0x877fac8
05-24 16:27:46.834   512   903 W ActivityManager: Unable to start service Intent { act=com.google.android.gms.phenotype.service.START pkg=com.google.android.gms } U=0: not found
05-24 16:27:46.834   512   903 W ActivityManager: Unbind failed: could not find connection for android.os.BinderProxy@16f6ad1
05-24 16:27:46.836   512   778 W ActivityManager: Unable to start service Intent { act=com.google.android.gms.phenotype.service.START pkg=com.google.android.gms } U=0: not found
05-24 16:27:46.836   512   778 W ActivityManager: Unbind failed: could not find connection for android.os.BinderProxy@da25936
05-24 16:27:46.836   512   512 I Telecom : BluetoothPhoneService: updateHeadsetWithCallState numActive 0, numHeld 0, callState 6, ringing number ***, ringing type 128, ringing name null
05-24 16:27:46.837   512   512 I Telecom : BluetoothDeviceManager: Got BluetoothHeadset: com.android.server.telecom.BluetoothHeadsetProxy@36708d3: BMSL.oSC@AAY
05-24 16:27:46.838   512   512 V ConditionProviders: 0 condition provider service connected: ComponentInfo{com.google.android.apps.wellbeing/com.google.android.apps.wellbeing.dnd.impl.DndConditionProviderService}
05-24 16:27:46.838  1121  1167 W ActivityThread: Failed to find provider info for com.google.android.gsf.gservices (user not unlocked)
05-24 16:27:46.843   512   530 D CompatibilityChangeReporter: Compat change id reported: 135634846; UID 10123; state: DISABLED
05-24 16:27:46.843   512   530 D CompatibilityChangeReporter: Compat change id reported: 135754954; UID 10123; state: ENABLED
05-24 16:27:46.843   512   541 D CompatibilityChangeReporter: Compat change id reported: 143937733; UID 10123; state: ENABLED
05-24 16:27:46.845   512   541 I ActivityManager: Start proc 1172:com.google.android.gms.persistent/u0a123 for service {com.google.android.gms/com.google.android.gms.chimera.PersistentDirectBootAwareApiService}
05-24 16:27:46.850   512   903 I Telecom : PhoneAccountRegistrar: New phone account registered: [[ ] PhoneAccount: ComponentInfo{com.android.phone/com.android.services.telephony.TelephonyConnectionService}, ***, UserHandle{0} Capabilities: CallProvider MultiUser PlaceEmerg SimSub  Audio Routes: BESW Schemes: tel voicemail  Extras: Bundle[{android.telecom.extra.SUPPORTS_VIDEO_CALLING_FALLBACK=true}] GroupId: ***]: TSI.rPA@AAc
05-24 16:27:46.850   512   903 I Telecom : CallsManager: Sending phone-account ComponentInfo{com.android.phone/com.android.services.telephony.TelephonyConnectionService}, ***, UserHandle{0} registered intent as user: TSI.rPA@AAc
05-24 16:27:46.850   512   903 I Telecom : CallsManager: Sending phone-account registered intent to default dialer: TSI.rPA@AAc
05-24 16:27:46.851   512   903 W ActivityManager: Unable to start service Intent { act=com.google.android.contextmanager.service.ContextManagerService.START pkg=com.google.android.gms } U=0: not found
05-24 16:27:46.852   512   903 W ActivityManager: Unbind failed: could not find connection for android.os.BinderProxy@9b0766e
05-24 16:27:46.854   512   882 I Telecom : CallsManager: Sending phone-account ComponentInfo{com.android.phone/com.android.services.telephony.TelephonyConnectionService}, ***, UserHandle{0} unregistered intent as user: TSI.uPA@AAk
05-24 16:27:46.854   512   882 I Telecom : CallsManager: Sending phone-account unregistered intent to default dialer: TSI.uPA@AAk
05-24 16:27:46.855   512   903 I Telecom : PhoneAccountRegistrar: Modify account: [ComponentInfo{com.android.phone/com.android.services.telephony.TelephonyConnectionService}, ***, UserHandle{0}]: TSI.rPA@AAo
05-24 16:27:46.856   512   903 I Telecom : CallsManager: handlePhoneAccountChanged: phoneAccount=[[X] PhoneAccount: ComponentInfo{com.android.phone/com.android.services.telephony.TelephonyConnectionService}, ***, UserHandle{0} Capabilities: CallProvider MultiUser PlaceEmerg SimSub  Audio Routes: BESW Schemes: tel voicemail  Extras: Bundle[{android.telecom.extra.SUPPORTS_VIDEO_CALLING_FALLBACK=true}] GroupId: ***]: TSI.rPA@AAo
05-24 16:27:46.857   512   903 I Telecom : PhoneAccountRegistrar: Modify account: [ComponentInfo{com.android.phone/com.android.services.telephony.TelephonyConnectionService}, ***, UserHandle{0}]: TSI.rPA@AAw
05-24 16:27:46.858   512   903 I Telecom : CallsManager: handlePhoneAccountChanged: phoneAccount=[[X] PhoneAccount: ComponentInfo{com.android.phone/com.android.services.telephony.TelephonyConnectionService}, ***, UserHandle{0} Capabilities: CallProvider MultiUser PlaceEmerg SimSub  Audio Routes: BESW Schemes: tel voicemail  Extras: Bundle[{android.telecom.extra.SUPPORTS_VIDEO_CALLING_FALLBACK=true}] GroupId: ***]: TSI.rPA@AAw
05-24 16:27:46.866   512   882 E WindowManager: Window Session Crash
05-24 16:27:46.866   512   882 E WindowManager: java.lang.IllegalArgumentException: Requested window null does not exist
05-24 16:27:46.866   512   882 E WindowManager: 	at com.android.server.wm.WindowManagerService.windowForClientLocked(WindowManagerService.java:5433)
05-24 16:27:46.866   512   882 E WindowManager: 	at com.android.server.wm.Session.actionOnWallpaper(Session.java:356)
05-24 16:27:46.866   512   882 E WindowManager: 	at com.android.server.wm.Session.setWallpaperZoomOut(Session.java:382)
05-24 16:27:46.866   512   882 E WindowManager: 	at android.view.IWindowSession$Stub.onTransact(IWindowSession.java:1154)
05-24 16:27:46.866   512   882 E WindowManager: 	at com.android.server.wm.Session.onTransact(Session.java:139)
05-24 16:27:46.866   512   882 E WindowManager: 	at android.os.Binder.execTransactInternal(Binder.java:1159)
05-24 16:27:46.866   512   882 E WindowManager: 	at android.os.Binder.execTransact(Binder.java:1123)
05-24 16:27:46.867   512   540 I DropBoxManagerService: add tag=system_server_wtf isTagEnabled=true flags=0x2
05-24 16:27:46.869   512   882 I Telecom : PhoneAccountRegistrar: Modify account: [ComponentInfo{com.android.phone/com.android.services.telephony.TelephonyConnectionService}, ***, UserHandle{0}]: TSI.rPA@AA4
05-24 16:27:46.869   512   882 I Telecom : CallsManager: handlePhoneAccountChanged: phoneAccount=[[X] PhoneAccount: ComponentInfo{com.android.phone/com.android.services.telephony.TelephonyConnectionService}, ***, UserHandle{0} Capabilities: CallProvider MultiUser PlaceEmerg SimSub  Audio Routes: BESW Schemes: tel voicemail  Extras: Bundle[{android.telecom.extra.SUPPORTS_VIDEO_CALLING_FALLBACK=true}] GroupId: ***]: TSI.rPA@AA4
05-24 16:27:46.876   512   530 I Telecom : PhoneAccountRegistrar: Modify account: [ComponentInfo{com.android.phone/com.android.services.telephony.TelephonyConnectionService}, ***, UserHandle{0}]: TSI.rPA@AA8
05-24 16:27:46.876   512   530 I Telecom : CallsManager: handlePhoneAccountChanged: phoneAccount=[[X] PhoneAccount: ComponentInfo{com.android.phone/com.android.services.telephony.TelephonyConnectionService}, ***, UserHandle{0} Capabilities: CallProvider MultiUser PlaceEmerg SimSub  Audio Routes: BESW Schemes: tel voicemail  Extras: Bundle[{android.telecom.extra.SUPPORTS_VIDEO_CALLING_FALLBACK=true}] GroupId: ***]: TSI.rPA@AA8
05-24 16:27:46.878   512   530 I Telecom : PhoneAccountRegistrar: Modify account: [ComponentInfo{com.android.phone/com.android.services.telephony.TelephonyConnectionService}, ***, UserHandle{0}]: TSI.rPA@ABE
05-24 16:27:46.879   512   530 I Telecom : CallsManager: handlePhoneAccountChanged: phoneAccount=[[X] PhoneAccount: ComponentInfo{com.android.phone/com.android.services.telephony.TelephonyConnectionService}, ***, UserHandle{0} Capabilities: CallProvider MultiUser PlaceEmerg SimSub  Audio Routes: BESW Schemes: tel voicemail  Extras: Bundle[{android.telecom.extra.SUPPORTS_VIDEO_CALLING_FALLBACK=true}] GroupId: ***]: TSI.rPA@ABE
05-24 16:27:46.883   512   530 I Telecom : PhoneAccountRegistrar: Modify account: [ComponentInfo{com.android.phone/com.android.services.telephony.TelephonyConnectionService}, ***, UserHandle{0}]: TSI.rPA@ABI
05-24 16:27:46.884   512   530 I Telecom : CallsManager: handlePhoneAccountChanged: phoneAccount=[[X] PhoneAccount: ComponentInfo{com.android.phone/com.android.services.telephony.TelephonyConnectionService}, ***, UserHandle{0} Capabilities: CallProvider MultiUser PlaceEmerg SimSub  Audio Routes: BESW Schemes: tel voicemail  Extras: Bundle[{android.telecom.extra.SUPPORTS_VIDEO_CALLING_FALLBACK=true}] GroupId: ***]: TSI.rPA@ABI
05-24 16:27:46.887   512   530 I Telecom : PhoneAccountRegistrar: Modify account: [ComponentInfo{com.android.phone/com.android.services.telephony.TelephonyConnectionService}, ***, UserHandle{0}]: TSI.rPA@ABQ
05-24 16:27:46.887   512   530 I Telecom : CallsManager: handlePhoneAccountChanged: phoneAccount=[[X] PhoneAccount: ComponentInfo{com.android.phone/com.android.services.telephony.TelephonyConnectionService}, ***, UserHandle{0} Capabilities: CallProvider MultiUser PlaceEmerg SimSub  Audio Routes: BESW Schemes: tel voicemail  Extras: Bundle[{android.telecom.extra.SUPPORTS_VIDEO_CALLING_FALLBACK=true}] GroupId: ***]: TSI.rPA@ABQ
05-24 16:27:46.889   512   530 I ActivityTaskManager: Config changes=3 {1.0 310mcc260mnc [en_US] ldltr sw411dp w411dp h659dp 420dpi nrml port finger qwerty/v/v dpad/v winConfig={ mBounds=Rect(0, 0 - 1080, 1920) mAppBounds=Rect(0, 0 - 1080, 1794) mWindowingMode=fullscreen mDisplayWindowingMode=fullscreen mActivityType=undefined mAlwaysOnTop=undefined mRotation=ROTATION_0} s.8}
05-24 16:27:46.892   512   530 I WindowManager: Override config changes=3 {1.0 310mcc260mnc [en_US] ldltr sw411dp w411dp h659dp 420dpi nrml port finger qwerty/v/v dpad/v winConfig={ mBounds=Rect(0, 0 - 1080, 1920) mAppBounds=Rect(0, 0 - 1080, 1794) mWindowingMode=fullscreen mDisplayWindowingMode=fullscreen mActivityType=undefined mAlwaysOnTop=undefined mRotation=ROTATION_0} s.8} for displayId=0
05-24 16:27:46.893   512   530 V WindowManager: Orientation start waiting for draw, mDrawState=DRAW_PENDING in Window{fd68e36 u0 NavigationBar0}, surfaceController Surface(name=NavigationBar0)/@0xf7c8473
05-24 16:27:46.893   512   530 V WindowManager: Orientation start waiting for draw, mDrawState=DRAW_PENDING in Window{fabfa1f u0 com.android.settings/com.android.settings.FallbackHome}, surfaceController Surface(name=com.android.settings/com.android.settings.FallbackHome)/@0x877fac8
05-24 16:27:46.893   512   530 V WindowManager: Orientation start waiting for draw, mDrawState=DRAW_PENDING in Window{e9ada22 u0 com.android.systemui.ImageWallpaper}, surfaceController Surface(name=com.android.systemui.ImageWallpaper)/@0xc519f30
05-24 16:27:46.906   512   903 I Telecom : PhoneAccountRegistrar: Modify account: [ComponentInfo{com.android.phone/com.android.services.telephony.TelephonyConnectionService}, ***, UserHandle{0}(addr: tel:************ -> tel:)(subAddr: tel:************ -> tel:)]: TSI.rPA@ABU
05-24 16:27:46.906   512   903 I Telecom : CallsManager: handlePhoneAccountChanged: phoneAccount=[[X] PhoneAccount: ComponentInfo{com.android.phone/com.android.services.telephony.TelephonyConnectionService}, ***, UserHandle{0} Capabilities: CallProvider MultiUser PlaceEmerg SimSub  Audio Routes: BESW Schemes: tel voicemail  Extras: Bundle[{android.telecom.extra.SUPPORTS_VIDEO_CALLING_FALLBACK=true}] GroupId: ***]: TSI.rPA@ABU
05-24 16:27:46.907   512   534 D ColorDisplayService: Setting saturation level: 100
05-24 16:27:46.913   512   530 I Telecom : PhoneAccountRegistrar: Modify account: [ComponentInfo{com.android.phone/com.android.services.telephony.TelephonyConnectionService}, ***, UserHandle{0}]: TSI.rPA@ABc
05-24 16:27:46.914   512   530 I Telecom : CallsManager: handlePhoneAccountChanged: phoneAccount=[[X] PhoneAccount: ComponentInfo{com.android.phone/com.android.services.telephony.TelephonyConnectionService}, ***, UserHandle{0} Capabilities: CallProvider MultiUser PlaceEmerg SimSub  Audio Routes: BESW Schemes: tel voicemail  Extras: Bundle[{android.telecom.extra.SUPPORTS_VIDEO_CALLING_FALLBACK=true}] GroupId: ***]: TSI.rPA@ABc
05-24 16:27:46.916   512   903 D CompatibilityChangeReporter: Compat change id reported: 135634846; UID 10135; state: DISABLED
05-24 16:27:46.916   512   903 D CompatibilityChangeReporter: Compat change id reported: 135754954; UID 10135; state: DISABLED
05-24 16:27:46.917   512   541 D CompatibilityChangeReporter: Compat change id reported: 143937733; UID 10135; state: DISABLED
05-24 16:27:46.920   512   541 I ActivityManager: Start proc 1196:com.google.android.deskclock/u0a135 for broadcast {com.google.android.deskclock/com.android.deskclock.AlarmInitReceiver}
05-24 16:27:46.924   691   820 W ActivityThread: Failed to find provider info for com.android.contacts (user not unlocked)
05-24 16:27:46.936   512   903 W Telecom : PhoneAccountRegistrar: Trying to set nonexistent default outgoing ComponentInfo{com.android.phone/com.android.services.telephony.TelephonyConnectionService}, ***, UserHandle{0}: TSI.sUSOPA@ABk
05-24 16:27:46.949   512   539 I StatsPullAtomService: subId 1 added into historical sub list
05-24 16:27:46.973   512   535 V WindowManager: Orientation start waiting for draw, mDrawState=DRAW_PENDING in Window{fabfa1f u0 com.android.settings/com.android.settings.FallbackHome}, surfaceController Surface(name=com.android.settings/com.android.settings.FallbackHome)/@0x877fac8
05-24 16:27:46.973   512   535 V WindowManager: Orientation start waiting for draw, mDrawState=DRAW_PENDING in Window{e9ada22 u0 com.android.systemui.ImageWallpaper}, surfaceController Surface(name=com.android.systemui.ImageWallpaper)/@0xc519f30
05-24 16:27:46.978  1196  1222 W ActivityThread: Failed to find provider info for com.google.android.gsf.gservices (user not unlocked)
05-24 16:27:46.992   512   882 I Telecom : PhoneAccountRegistrar: New phone account registered: [[ ] PhoneAccount: ComponentInfo{com.android.phone/com.android.services.telephony.TelephonyConnectionService}, ***, UserHandle{0} Capabilities: CallProvider MultiUser PlaceEmerg SimSub  Audio Routes: BESW Schemes: tel voicemail  Extras: Bundle[{android.telecom.extra.SUPPORTS_VIDEO_CALLING_FALLBACK=true}] GroupId: ***]: TSI.rPA@ABo
05-24 16:27:46.992   512   882 I Telecom : CallsManager: Sending phone-account ComponentInfo{com.android.phone/com.android.services.telephony.TelephonyConnectionService}, ***, UserHandle{0} registered intent as user: TSI.rPA@ABo
05-24 16:27:46.992   512   882 I Telecom : CallsManager: Sending phone-account registered intent to default dialer: TSI.rPA@ABo
05-24 16:27:46.993   512   882 I Telecom : CallsManager: Sending phone-account ComponentInfo{com.android.phone/com.android.services.telephony.TelephonyConnectionService}, ***, UserHandle{0} unregistered intent as user: TSI.uPA@ABw
05-24 16:27:46.993   512   882 I Telecom : CallsManager: Sending phone-account unregistered intent to default dialer: TSI.uPA@ABw
05-24 16:27:46.998  1196  1226 W ActivityThread: Failed to find provider info for com.google.android.gsf.gservices (user not unlocked)
05-24 16:27:46.999  1196  1226 W ActivityThread: Failed to find provider info for com.google.android.gsf.gservices (user not unlocked)
05-24 16:27:47.009   512   903 I Telecom : PhoneAccountRegistrar: Modify account: [ComponentInfo{com.android.phone/com.android.services.telephony.TelephonyConnectionService}, ***, UserHandle{0}]: TSI.rPA@AB0
05-24 16:27:47.009   512   903 I Telecom : CallsManager: handlePhoneAccountChanged: phoneAccount=[[X] PhoneAccount: ComponentInfo{com.android.phone/com.android.services.telephony.TelephonyConnectionService}, ***, UserHandle{0} Capabilities: CallProvider MultiUser PlaceEmerg SimSub  Audio Routes: BESW Schemes: tel voicemail  Extras: Bundle[{android.telecom.extra.SUPPORTS_VIDEO_CALLING_FALLBACK=true}] GroupId: ***]: TSI.rPA@AB0
05-24 16:27:47.024   512   778 I Telecom : PhoneAccountRegistrar: Modify account: [ComponentInfo{com.android.phone/com.android.services.telephony.TelephonyConnectionService}, ***, UserHandle{0}]: TSI.rPA@AB8
05-24 16:27:47.025   512   778 I Telecom : CallsManager: handlePhoneAccountChanged: phoneAccount=[[X] PhoneAccount: ComponentInfo{com.android.phone/com.android.services.telephony.TelephonyConnectionService}, ***, UserHandle{0} Capabilities: CallProvider MultiUser PlaceEmerg SimSub  Audio Routes: BESW Schemes: tel voicemail  Extras: Bundle[{android.telecom.extra.SUPPORTS_VIDEO_CALLING_FALLBACK=true}] GroupId: ***]: TSI.rPA@AB8
05-24 16:27:47.027   512   778 I Telecom : PhoneAccountRegistrar: Modify account: [ComponentInfo{com.android.phone/com.android.services.telephony.TelephonyConnectionService}, ***, UserHandle{0}]: TSI.rPA@ACE
05-24 16:27:47.027   512   778 I Telecom : CallsManager: handlePhoneAccountChanged: phoneAccount=[[X] PhoneAccount: ComponentInfo{com.android.phone/com.android.services.telephony.TelephonyConnectionService}, ***, UserHandle{0} Capabilities: CallProvider MultiUser PlaceEmerg SimSub  Audio Routes: BESW Schemes: tel voicemail  Extras: Bundle[{android.telecom.extra.SUPPORTS_VIDEO_CALLING_FALLBACK=true}] GroupId: ***]: TSI.rPA@ACE
05-24 16:27:47.030   512   778 I Telecom : PhoneAccountRegistrar: Modify account: [ComponentInfo{com.android.phone/com.android.services.telephony.TelephonyConnectionService}, ***, UserHandle{0}]: TSI.rPA@ACM
05-24 16:27:47.030   512   778 I Telecom : CallsManager: handlePhoneAccountChanged: phoneAccount=[[X] PhoneAccount: ComponentInfo{com.android.phone/com.android.services.telephony.TelephonyConnectionService}, ***, UserHandle{0} Capabilities: CallProvider MultiUser PlaceEmerg SimSub  Audio Routes: BESW Schemes: tel voicemail  Extras: Bundle[{android.telecom.extra.SUPPORTS_VIDEO_CALLING_FALLBACK=true}] GroupId: ***]: TSI.rPA@ACM
05-24 16:27:47.034   512   778 I Telecom : PhoneAccountRegistrar: Modify account: [ComponentInfo{com.android.phone/com.android.services.telephony.TelephonyConnectionService}, ***, UserHandle{0}]: TSI.rPA@ACU
05-24 16:27:47.035   512   778 I Telecom : CallsManager: handlePhoneAccountChanged: phoneAccount=[[X] PhoneAccount: ComponentInfo{com.android.phone/com.android.services.telephony.TelephonyConnectionService}, ***, UserHandle{0} Capabilities: CallProvider MultiUser PlaceEmerg SimSub  Audio Routes: BESW Schemes: tel voicemail  Extras: Bundle[{android.telecom.extra.SUPPORTS_VIDEO_CALLING_FALLBACK=true}] GroupId: ***]: TSI.rPA@ACU
05-24 16:27:47.039   512   778 D ConnectivityService: requestNetwork for uid/pid:1001/898 NetworkRequest [ TRACK_DEFAULT id=19, [ Capabilities: INTERNET&NOT_RESTRICTED&TRUSTED Uid: 1001 AdministratorUids: [] RequestorUid: 1001 RequestorPackageName: com.android.phone] ]
05-24 16:27:47.039   512   622 D ConnectivityService: NetReassign [no changes]
05-24 16:27:47.041   512   540 D CompatibilityChangeReporter: Compat change id reported: 135634846; UID 10119; state: DISABLED
05-24 16:27:47.041   512   540 D CompatibilityChangeReporter: Compat change id reported: 135754954; UID 10119; state: DISABLED
05-24 16:27:47.041   512   541 D CompatibilityChangeReporter: Compat change id reported: 143937733; UID 10119; state: DISABLED
05-24 16:27:47.043   512   541 I ActivityManager: Start proc 1228:com.android.dialer/u0a119 for broadcast {com.android.dialer/com.android.dialer.app.voicemail.LegacyVoicemailNotificationReceiver}
05-24 16:27:47.060   512   778 I Telecom : PhoneAccountRegistrar: Modify account: [ComponentInfo{com.android.phone/com.android.services.telephony.TelephonyConnectionService}, ***, UserHandle{0}]: TSI.rPA@AC8
05-24 16:27:47.060   512   778 I Telecom : CallsManager: handlePhoneAccountChanged: phoneAccount=[[X] PhoneAccount: ComponentInfo{com.android.phone/com.android.services.telephony.TelephonyConnectionService}, ***, UserHandle{0} Capabilities: CallProvider MultiUser PlaceEmerg SimSub  Audio Routes: BESW Schemes: tel voicemail  Extras: Bundle[{android.telecom.extra.SUPPORTS_VIDEO_CALLING_FALLBACK=true}] GroupId: ***]: TSI.rPA@AC8
05-24 16:27:47.072   512   530 I Telecom : PhoneAccountRegistrar: Modify account: [ComponentInfo{com.android.phone/com.android.services.telephony.TelephonyConnectionService}, ***, UserHandle{0}]: TSI.rPA@ADM
05-24 16:27:47.072   512   530 I Telecom : CallsManager: handlePhoneAccountChanged: phoneAccount=[[X] PhoneAccount: ComponentInfo{com.android.phone/com.android.services.telephony.TelephonyConnectionService}, ***, UserHandle{0} Capabilities: CallProvider MultiUser PlaceEmerg SimSub  Audio Routes: BESW Schemes: tel voicemail  Extras: Bundle[{android.telecom.extra.SUPPORTS_VIDEO_CALLING_FALLBACK=true}] GroupId: ***]: TSI.rPA@ADM
05-24 16:27:47.085   512   778 I Telecom : PhoneAccountRegistrar: Modify account: [ComponentInfo{com.android.phone/com.android.services.telephony.TelephonyConnectionService}, ***, UserHandle{0}]: TSI.rPA@ADc
05-24 16:27:47.085   512   778 I Telecom : CallsManager: handlePhoneAccountChanged: phoneAccount=[[X] PhoneAccount: ComponentInfo{com.android.phone/com.android.services.telephony.TelephonyConnectionService}, ***, UserHandle{0} Capabilities: CallProvider MultiUser PlaceEmerg SimSub  Audio Routes: BESW Schemes: tel voicemail  Extras: Bundle[{android.telecom.extra.SUPPORTS_VIDEO_CALLING_FALLBACK=true}] GroupId: ***]: TSI.rPA@ADc
05-24 16:27:47.100   512   512 I Telecom : PhoneAccountRegistrar: getSimCallManager: SimCallManager for subId 1 queried, returning: null: TSI.gSCMFU@ADg
05-24 16:27:47.100   512   512 D CompatibilityChangeReporter: Compat change id reported: 135634846; UID 10078; state: DISABLED
05-24 16:27:47.100   512   512 D CompatibilityChangeReporter: Compat change id reported: 135754954; UID 10078; state: ENABLED
05-24 16:27:47.101   512   541 D CompatibilityChangeReporter: Compat change id reported: 143937733; UID 10078; state: ENABLED
05-24 16:27:47.103   512   541 I ActivityManager: Start proc 1254:android.process.acore/u0a78 for content provider {com.android.providers.blockednumber/com.android.providers.blockednumber.BlockedNumberProvider}
05-24 16:27:47.161   512   903 D CompatibilityChangeReporter: Compat change id reported: 135634846; UID 10165; state: DISABLED
05-24 16:27:47.161   512   903 D CompatibilityChangeReporter: Compat change id reported: 135754954; UID 10165; state: ENABLED
05-24 16:27:47.161   512   541 D CompatibilityChangeReporter: Compat change id reported: 143937733; UID 10165; state: ENABLED
05-24 16:27:47.164   512   541 I ActivityManager: Start proc 1277:com.google.android.cellbroadcastreceiver/u0a165 for broadcast {com.google.android.cellbroadcastreceiver/com.android.cellbroadcastreceiver.CellBroadcastReceiver}
05-24 16:27:47.191   512   903 I Telecom : PhoneAccountRegistrar: Modify account: [ComponentInfo{com.android.phone/com.android.services.telephony.TelephonyConnectionService}, ***, UserHandle{0}]: TSI.rPA@ADs
05-24 16:27:47.192   512   903 I Telecom : CallsManager: handlePhoneAccountChanged: phoneAccount=[[X] PhoneAccount: ComponentInfo{com.android.phone/com.android.services.telephony.TelephonyConnectionService}, ***, UserHandle{0} Capabilities: CallProvider MultiUser PlaceEmerg SimSub  Audio Routes: BESW Schemes: tel voicemail  Extras: Bundle[{android.telecom.extra.SUPPORTS_VIDEO_CALLING_FALLBACK=true}] GroupId: ***]: TSI.rPA@ADs
05-24 16:27:47.202   385   385 W iorapd  : Tracing disabled by system property
05-24 16:27:47.202   385   385 W iorapd  : Readahead disabled by system property
05-24 16:27:47.207   512   903 I Telecom : PhoneAccountRegistrar: Modify account: [ComponentInfo{com.android.phone/com.android.services.telephony.TelephonyConnectionService}, ***, UserHandle{0}]: TSI.rPA@AD8
05-24 16:27:47.208   512   903 I Telecom : CallsManager: handlePhoneAccountChanged: phoneAccount=[[X] PhoneAccount: ComponentInfo{com.android.phone/com.android.services.telephony.TelephonyConnectionService}, ***, UserHandle{0} Capabilities: CallProvider MultiUser PlaceEmerg SimSub  Audio Routes: BESW Schemes: tel voicemail  Extras: Bundle[{android.telecom.extra.SUPPORTS_VIDEO_CALLING_FALLBACK=true}] GroupId: ***]: TSI.rPA@AD8
05-24 16:27:47.222   385   385 W iorapd  : Reconnect to package manager service: 1 times
05-24 16:27:47.227  1300  1300 D iorap.prefetcherd: Installing minijail
05-24 16:27:47.227  1300  1300 W iorap.prefetcherd: No seccomp filter defined for this architecture.
05-24 16:27:47.230   512   882 D ConnectivityService: registerNetworkAgent NetworkAgentInfo{ ni{[type: MOBILE[], state: UNKNOWN/IDLE, reason: (unspecified), extra: epc.tmobile.com, failover: false, available: true, roaming: false]}  network{100}  nethandle{432902426637}  lp{{InterfaceName: radio0 LinkAddresses: [ fe80::b4d6:81ff:fea3:6610/64,10.0.2.18/24,fec0::b4d6:81ff:fea3:6610/64,fec0::e9a0:b30f:5772:354f/64 ] DnsAddresses: [ /10.0.2.3 ] Domains: null MTU: 1500 TcpBufferSizes: 524288,1048576,2097152,262144,524288,1048576 Routes: [ ::/0 -> fe80::2 radio0 mtu 1500,0.0.0.0/0 -> 10.0.2.2 radio0 mtu 1500,fe80::/64 -> :: radio0 mtu 0,10.0.2.0/24 -> 0.0.0.0 radio0 mtu 0,fec0::/64 -> :: radio0 mtu 0 ]}}  nc{[ Transports: CELLULAR Capabilities: MMS&SUPL&DUN&FOTA&IMS&CBS&INTERNET&NOT_RESTRICTED&TRUSTED&NOT_VPN&NOT_ROAMING&FOREGROUND&NOT_CONGESTED&NOT_SUSPENDED LinkUpBandwidth>=15000Kbps LinkDnBandwidth>=30000Kbps Specifier: <TelephonyNetworkSpecifier [mSubId = 1]> AdministratorUids: [] RequestorUid: -1 RequestorPackageName: null]}  Score{10}  everValidated{false}  lastValidated{false}  created{false} lingering{false} explicitlySelected{false} acceptUnvalidated{false} everCaptivePortalDetected{false} lastCaptivePortalDetected{false} partialConnectivity{false} acceptPartialConnectivity{false} clat{mBaseIface: null, mIface: null, mState: IDLE} }
05-24 16:27:47.240   512   903 I Telecom : PhoneAccountRegistrar: Modify account: [ComponentInfo{com.android.phone/com.android.services.telephony.TelephonyConnectionService}, ***, UserHandle{0}]: TSI.rPA@AEE
05-24 16:27:47.241   512   903 I Telecom : CallsManager: handlePhoneAccountChanged: phoneAccount=[[X] PhoneAccount: ComponentInfo{com.android.phone/com.android.services.telephony.TelephonyConnectionService}, ***, UserHandle{0} Capabilities: CallProvider MultiUser PlaceEmerg SimSub  Audio Routes: BESW Schemes: tel voicemail  Extras: Bundle[{android.telecom.extra.SUPPORTS_VIDEO_CALLING_FALLBACK=true}] GroupId: ***]: TSI.rPA@AEE
05-24 16:27:47.241   512   622 D ConnectivityService: [100 CELLULAR] EVENT_NETWORK_INFO_CHANGED, going from UNKNOWN to UNKNOWN
05-24 16:27:47.243   512   622 D ConnectivityService: [100 CELLULAR] EVENT_NETWORK_INFO_CHANGED, going from UNKNOWN to CONNECTED
05-24 16:27:47.243   512   622 W DnsManager: updatePrivateDns(100, PrivateDnsConfig{true:/[]})
05-24 16:27:47.243   512   622 D ConnectivityService: Setting DNS servers for network 100 to [/10.0.2.3]
05-24 16:27:47.243   512   622 D DnsManager: sendDnsConfigurationForNetwork(100, [10.0.2.3], [], 1800, 25, 8, 64, 0, 0, , [10.0.2.3])
05-24 16:27:47.244   512   622 D ConnectivityService: Adding iface radio0 to network 100
05-24 16:27:47.251  1172  1172 W ActivityThread: Failed to find provider info for com.google.android.gsf.gservices (user not unlocked)
05-24 16:27:47.287   512   622 D ConnectivityService: Setting DNS servers for network 100 to [/10.0.2.3]
05-24 16:27:47.287   512   622 D DnsManager: sendDnsConfigurationForNetwork(100, [10.0.2.3], [], 1800, 25, 8, 64, 0, 0, , [10.0.2.3])
05-24 16:27:47.295   512   903 W ActivityManager: Unable to start service Intent { act=com.google.android.chimera.BoundService.START dat=chimera-action:com.google.android.gms.phenotype.service.START cmp=com.google.android.gms/.chimera.PersistentApiService } U=0: not found
05-24 16:27:47.296   512   903 W ActivityManager: Unbind failed: could not find connection for android.os.BinderProxy@a41095
05-24 16:27:47.303   512   622 D ConnectivityService: NetReassign [12 : null  100, 10 : null  100, 9 : null  100, 14 : null  100, 15 : null  100, 18 : null  100, 19 : null  100, 2 : null  100, 1 : null  100]
05-24 16:27:47.335  1172  1191 W ActivityThread: Failed to find provider info for com.google.android.gsf.gservices (user not unlocked)
05-24 16:27:47.337  1121  1157 W ActivityThread: Failed to find provider info for com.google.android.gsf.gservices (user not unlocked)
05-24 16:27:47.344   512  1096 W BroadcastQueue: Background execution not allowed: receiving Intent { act=android.intent.action.USER_PRESENT flg=0x24200010 } to com.google.android.gms/.chimera.GmsIntentOperationService$PersistentTrustedReceiver
