05-24 16:27:47.374   512   778 W ActivityManager: Unable to start service Intent { act=com.google.android.chimera.BoundService.START dat=chimera-action:com.google.android.gms.clearcut.bootcount.service.START cmp=com.google.android.gms/.chimera.PersistentBoundBrokerService } U=0: not found
05-24 16:27:47.374   512  1096 W ActivityManager: Unbind failed: could not find connection for android.os.BinderProxy@d7b641a
05-24 16:27:47.382  1172  1191 W ActivityThread: Failed to find provider info for com.google.android.gsf.gservices (user not unlocked)
05-24 16:27:47.391  1172  1343 W ActivityThread: Failed to find provider info for com.google.android.gsf.gservices (user not unlocked)
05-24 16:27:47.391  1172  1343 I chatty  : uid=10123(com.google.android.gms) identical 1 line
05-24 16:27:47.392  1172  1343 W ActivityThread: Failed to find provider info for com.google.android.gsf.gservices (user not unlocked)
05-24 16:27:47.402   512   622 D ConnectivityService: Switching to new default network: NetworkAgentInfo{ ni{[type: MOBILE[LTE], state: CONNECTED/CONNECTED, reason: (unspecified), extra: epc.tmobile.com, failover: false, available: true, roaming: false]}  network{100}  nethandle{432902426637}  lp{{InterfaceName: radio0 LinkAddresses: [ fe80::b4d6:81ff:fea3:6610/64,10.0.2.18/24,fec0::b4d6:81ff:fea3:6610/64,fec0::e9a0:b30f:5772:354f/64 ] DnsAddresses: [ /10.0.2.3 ] Domains: null MTU: 1500 TcpBufferSizes: 524288,1048576,2097152,262144,524288,1048576 Routes: [ ::/0 -> fe80::2 radio0 mtu 1500,0.0.0.0/0 -> 10.0.2.2 radio0 mtu 1500,fe80::/64 -> :: radio0 mtu 0,10.0.2.0/24 -> 0.0.0.0 radio0 mtu 0,fec0::/64 -> :: radio0 mtu 0 ]}}  nc{[ Transports: CELLULAR Capabilities: MMS&SUPL&DUN&FOTA&IMS&CBS&INTERNET&NOT_RESTRICTED&TRUSTED&NOT_VPN&NOT_ROAMING&FOREGROUND&NOT_CONGESTED&NOT_SUSPENDED LinkUpBandwidth>=15000Kbps LinkDnBandwidth>=30000Kbps Specifier: <TelephonyNetworkSpecifier [mSubId = 1]> AdministratorUids: [] RequestorUid: -1 RequestorPackageName: null]}  Score{10}  everValidated{false}  lastValidated{false}  created{true} lingering{false} explicitlySelected{false} acceptUnvalidated{false} everCaptivePortalDetected{false} lastCaptivePortalDetected{false} partialConnectivity{false} acceptPartialConnectivity{false} clat{mBaseIface: null, mIface: null, mState: IDLE} }
05-24 16:27:47.447   512   622 D ConnectivityService: Sending CONNECTED broadcast for type 0 [100 CELLULAR] isDefaultNetwork=true
05-24 16:27:47.448   512   622 D ConnectivityService: [100 CELLULAR] EVENT_NETWORK_INFO_CHANGED, going from CONNECTED to CONNECTED
05-24 16:27:47.448   512   622 D ConnectivityService: [100 CELLULAR] EVENT_NETWORK_INFO_CHANGED, going from CONNECTED to CONNECTED
05-24 16:27:47.449   512   512 I SyncManager: Loaded persisted syncs: 0 periodic syncs, 0 oneshot syncs, 13 total system server jobs, JobStats: FirstLoad: 46/4/0 LastSave: -1/-1/-1
05-24 16:27:47.451   512   622 D ConnectivityService: releasing NetworkRequest [ TRACK_DEFAULT id=19, [ Capabilities: INTERNET&NOT_RESTRICTED&TRUSTED Uid: 1001 AdministratorUids: [] RequestorUid: 1001 RequestorPackageName: com.android.phone] ] (release request)
05-24 16:27:47.451   512   622 D ConnectivityService: releasing NetworkRequest [ TRACK_DEFAULT id=18, [ Capabilities: INTERNET&NOT_RESTRICTED&TRUSTED Uid: 1001 AdministratorUids: [] RequestorUid: 1001 RequestorPackageName: com.android.phone] ] (release request)
05-24 16:27:47.776   512   540 W BroadcastQueue: Background execution not allowed: receiving Intent { act=android.net.conn.NETWORK_CONDITIONS_MEASURED flg=0x10 (has extras) } to com.google.android.gms/.chimera.GmsIntentOperationService$PersistentTrustedReceiver
05-24 16:27:47.776   512   622 D ConnectivityService: [100 CELLULAR] validation passed
05-24 16:27:47.776   512   622 D ConnectivityService: NetReassign [no changes]
05-24 16:27:47.777   512   622 D ConnectivityService: Setting DNS servers for network 100 to [/10.0.2.3]
05-24 16:27:47.777   512   622 D DnsManager: sendDnsConfigurationForNetwork(100, [10.0.2.3], [], 1800, 25, 8, 64, 0, 0, , [10.0.2.3])
05-24 16:27:48.223   385   385 I iorapd  : iorapd (the prefetchening) readied up
05-24 16:27:49.912   512   534 D ColorDisplayService: GlobalSaturationTintController Animation cancelled: false to matrix: 
05-24 16:27:49.912   512   534 D ColorDisplayService:        1.000000 0.000000 0.000000 0.000000 0.000000 1.000000 0.000000 0.000000 0.000000 0.000000 1.000000 0.000000 0.000000 0.000000 0.000000 1.000000 min matrix coefficients: 
05-24 16:27:49.912   512   534 D ColorDisplayService:        1.000000 0.000000 0.000000 0.000000 0.000000 1.000000 0.000000 0.000000 0.000000 0.000000 1.000000 0.000000 0.000000 0.000000 0.000000 1.000000 max matrix coefficients: 
05-24 16:27:49.912   512   534 D ColorDisplayService:        1.000000 0.000000 0.000000 0.000000 0.000000 1.000000 0.000000 0.000000 0.000000 0.000000 1.000000 0.000000 0.000000 0.000000 0.000000 1.000000
05-24 16:27:50.566   512   534 I WindowManager: ******* TELLING SURFACE FLINGER WE ARE BOOTED!
05-24 16:27:50.569   512   534 I ActivityManagerTiming: FinishBooting
05-24 16:27:50.569   512   534 I ActivityManager: About to commit checkpoint
05-24 16:27:50.569   512   534 I SystemServiceManager: Starting phase 1000
05-24 16:27:50.569   512   534 I ActivityManagerTiming: OnBootPhase_1000
05-24 16:27:50.569   512   534 I ActivityManagerTiming: OnBootPhase_1000_com.android.server.security.FileIntegrityService
05-24 16:27:50.569   512   534 I ActivityManagerTiming: OnBootPhase_1000_com.android.server.pm.Installer
05-24 16:27:50.569   512   534 I ActivityManagerTiming: OnBootPhase_1000_com.android.server.os.DeviceIdentifiersPolicyService
05-24 16:27:50.569   512   534 I ActivityManagerTiming: OnBootPhase_1000_com.android.server.uri.UriGrantsManagerService$Lifecycle
05-24 16:27:50.569   512   534 I ActivityManagerTiming: OnBootPhase_1000_com.android.server.wm.ActivityTaskManagerService$Lifecycle
05-24 16:27:50.569   512   534 I ActivityManagerTiming: OnBootPhase_1000_com.android.server.am.ActivityManagerService$Lifecycle
05-24 16:27:50.569   512   534 I ActivityManagerTiming: OnBootPhase_1000_com.android.server.pm.DataLoaderManagerService
05-24 16:27:50.569   512   534 I ActivityManagerTiming: OnBootPhase_1000_com.android.server.power.PowerManagerService
05-24 16:27:50.570   512   534 I ActivityManagerTiming: OnBootPhase_1000_com.android.server.power.ThermalManagerService
05-24 16:27:50.570   512   534 I ActivityManagerTiming: OnBootPhase_1000_com.android.server.recoverysystem.RecoverySystemService$Lifecycle
05-24 16:27:50.570   512   534 I ActivityManagerTiming: OnBootPhase_1000_com.android.server.lights.LightsService
05-24 16:27:50.570   512   534 I ActivityManagerTiming: OnBootPhase_1000_com.android.server.display.DisplayManagerService
05-24 16:27:50.570   512   534 I ActivityManagerTiming: OnBootPhase_1000_com.android.server.pm.UserManagerService$LifeCycle
05-24 16:27:50.570   512   534 I ActivityManagerTiming: OnBootPhase_1000_com.android.server.om.OverlayManagerService
05-24 16:27:50.570   512   534 I ActivityManagerTiming: OnBootPhase_1000_com.android.server.SensorPrivacyService
05-24 16:27:50.570   512   534 I ActivityManagerTiming: OnBootPhase_1000_com.android.server.SystemConfigService
05-24 16:27:50.570   512   534 I ActivityManagerTiming: OnBootPhase_1000_com.android.server.BatteryService
05-24 16:27:50.570   512   534 I ActivityManagerTiming: OnBootPhase_1000_com.android.server.usage.UsageStatsService
05-24 16:27:50.570   512   534 I ActivityManagerTiming: OnBootPhase_1000_com.android.server.webkit.WebViewUpdateService
05-24 16:27:50.570   512   534 I ActivityManagerTiming: OnBootPhase_1000_com.android.server.CachedDeviceStateService
05-24 16:27:50.570   512   534 I ActivityManagerTiming: OnBootPhase_1000_com.android.server.BinderCallsStatsService$LifeCycle
05-24 16:27:50.570   512   534 I ActivityManagerTiming: OnBootPhase_1000_com.android.server.LooperStatsService$Lifecycle
05-24 16:27:50.570   512   534 I ActivityManagerTiming: OnBootPhase_1000_com.android.server.rollback.RollbackManagerService
05-24 16:27:50.570   512   554 V DisplayPowerController: Brightness [0.39763778] reason changing to: 'manual', previous reason: 'override'.
05-24 16:27:50.570   512   534 I ActivityManagerTiming: OnBootPhase_1000_com.android.server.os.BugreportManagerService
05-24 16:27:50.570   512   534 I ActivityManagerTiming: OnBootPhase_1000_com.android.server.gpu.GpuService
05-24 16:27:50.570   512   534 I ActivityManagerTiming: OnBootPhase_1000_com.android.server.security.KeyChainSystemService
05-24 16:27:50.570   512   534 I ActivityManagerTiming: OnBootPhase_1000_com.android.server.telecom.TelecomLoaderService
05-24 16:27:50.570   512   534 I ActivityManagerTiming: OnBootPhase_1000_com.android.server.accounts.AccountManagerService$Lifecycle
05-24 16:27:50.570   512   534 I ActivityManagerTiming: OnBootPhase_1000_com.android.server.content.ContentService$Lifecycle
05-24 16:27:50.570   512   534 I ActivityManagerTiming: OnBootPhase_1000_com.android.server.DropBoxManagerService
05-24 16:27:50.570   512   534 I ActivityManagerTiming: OnBootPhase_1000_com.android.server.AlarmManagerService
05-24 16:27:50.570   512   534 I ActivityManagerTiming: OnBootPhase_1000_com.android.server.BluetoothService
05-24 16:27:50.570   512   534 I ActivityManagerTiming: OnBootPhase_1000_com.android.server.connectivity.IpConnectivityMetrics
05-24 16:27:50.570   512   534 I ActivityManagerTiming: OnBootPhase_1000_com.android.server.net.watchlist.NetworkWatchlistService$Lifecycle
05-24 16:27:50.570   512   534 I ActivityManagerTiming: OnBootPhase_1000_com.android.server.PinnerService
05-24 16:27:50.570   512   534 I ActivityManagerTiming: OnBootPhase_1000_com.google.android.startop.iorap.IorapForwardingService
05-24 16:27:50.571   512   595 D RollbackManager: mRollbackLifetimeDurationInMillis=1209600000
05-24 16:27:50.571   512   534 I ActivityManagerTiming: OnBootPhase_1000_com.android.server.integrity.AppIntegrityManagerService
05-24 16:27:50.571   512   534 I ActivityManagerTiming: OnBootPhase_1000_com.android.server.inputmethod.InputMethodManagerService$Lifecycle
05-24 16:27:50.571   512   534 I ActivityManagerTiming: OnBootPhase_1000_com.android.server.accessibility.AccessibilityManagerService$Lifecycle
05-24 16:27:50.571   512   534 I ActivityManagerTiming: OnBootPhase_1000_com.android.server.StorageManagerService$Lifecycle
05-24 16:27:50.571   512   539 D AppStandbyController: Loading headless system app cache. appIdleEnabled=true
05-24 16:27:50.571   512   611 D StorageManagerService: Thinking about init, mBootCompleted=true, mDaemonConnected=true
05-24 16:27:50.571   512   611 D StorageManagerService: Thinking about reset, mBootCompleted=true, mDaemonConnected=true
05-24 16:27:50.571   512   611 I StorageSessionController: Started resetting external storage service...
05-24 16:27:50.571   512   611 I StorageSessionController: Finished resetting external storage service
05-24 16:27:50.571   512   611 I StorageManagerService: Resetting vold...
05-24 16:27:50.571   512   611 I StorageManagerService: Reset vold
05-24 16:27:50.571   512   534 D StorageManagerService: FUSE flags. Settings: true. Default: true
05-24 16:27:50.571   512   534 I ActivityManagerTiming: OnBootPhase_1000_com.android.server.usage.StorageStatsService$Lifecycle
05-24 16:27:50.571   512   534 I ActivityManagerTiming: OnBootPhase_1000_com.android.server.UiModeManagerService
05-24 16:27:50.571   512   534 I ActivityManagerTiming: OnBootPhase_1000_com.android.server.locksettings.LockSettingsService$Lifecycle
05-24 16:27:50.571   512   534 I ActivityManagerTiming: OnBootPhase_1000_com.android.server.testharness.TestHarnessModeService
05-24 16:27:50.571   512   534 D TestHarnessModeService: Completing Test Harness Mode setup.
05-24 16:27:50.571   512   534 D TestHarnessModeService: Getting PersistentDataBlockManagerInternal from LocalServices
05-24 16:27:50.571   512   534 E TestHarnessModeService: Failed to start Test Harness Mode; no implementation of PersistentDataBlockManagerInternal was bound!
05-24 16:27:50.571   512   534 I ActivityManagerTiming: OnBootPhase_1000_com.android.server.DeviceIdleController
05-24 16:27:50.571   512   534 I ActivityManagerTiming: OnBootPhase_1000_com.android.server.devicepolicy.DevicePolicyManagerService$Lifecycle
05-24 16:27:50.571   512   534 I ActivityManagerTiming: OnBootPhase_1000_com.android.server.contentcapture.ContentCaptureManagerService
05-24 16:27:50.571   512   534 I ActivityManagerTiming: OnBootPhase_1000_com.android.server.systemcaptions.SystemCaptionsManagerService
05-24 16:27:50.571   512   534 I ActivityManagerTiming: OnBootPhase_1000_com.android.server.appprediction.AppPredictionManagerService
05-24 16:27:50.571   512   534 I ActivityManagerTiming: OnBootPhase_1000_com.android.server.contentsuggestions.ContentSuggestionsManagerService
05-24 16:27:50.571   512   534 I ActivityManagerTiming: OnBootPhase_1000_com.android.server.textservices.TextServicesManagerService$Lifecycle
05-24 16:27:50.571   512   534 I ActivityManagerTiming: OnBootPhase_1000_com.android.server.textclassifier.TextClassificationManagerService$Lifecycle
05-24 16:27:50.571   512   534 I ActivityManagerTiming: OnBootPhase_1000_com.android.server.NetworkScoreService$Lifecycle
05-24 16:27:50.571   512   534 I ActivityManagerTiming: OnBootPhase_1000_com.android.server.wifi.WifiService
05-24 16:27:50.571   512   534 I ActivityManagerTiming: OnBootPhase_1000_com.android.server.wifi.scanner.WifiScanningService
05-24 16:27:50.571   512   534 I ActivityManagerTiming: OnBootPhase_1000_com.android.server.wifi.p2p.WifiP2pService
05-24 16:27:50.571   512   534 I ActivityManagerTiming: OnBootPhase_1000_com.android.server.notification.NotificationManagerService
05-24 16:27:50.571   512   534 I ActivityManagerTiming: OnBootPhase_1000_com.android.server.storage.DeviceStorageMonitorService
05-24 16:27:50.571   512   534 I ActivityManagerTiming: OnBootPhase_1000_com.android.server.location.LocationManagerService$Lifecycle
05-24 16:27:50.571   512   534 I ActivityManagerTiming: OnBootPhase_1000_com.android.server.timedetector.TimeDetectorService$Lifecycle
05-24 16:27:50.571   512   534 I ActivityManagerTiming: OnBootPhase_1000_com.android.server.timezonedetector.TimeZoneDetectorService$Lifecycle
05-24 16:27:50.571   512   534 I ActivityManagerTiming: OnBootPhase_1000_com.android.server.search.SearchManagerService$Lifecycle
05-24 16:27:50.571   512   534 I ActivityManagerTiming: OnBootPhase_1000_com.android.server.wallpaper.WallpaperManagerService$Lifecycle
05-24 16:27:50.571   512   534 I ActivityManagerTiming: OnBootPhase_1000_com.android.server.audio.AudioService$Lifecycle
05-24 16:27:50.571   512   534 I ActivityManagerTiming: OnBootPhase_1000_com.android.server.soundtrigger_middleware.SoundTriggerMiddlewareService$Lifecycle
05-24 16:27:50.571   512   534 I ActivityManagerTiming: OnBootPhase_1000_com.android.server.DockObserver
05-24 16:27:50.571   512   534 I ActivityManagerTiming: OnBootPhase_1000_com.android.server.midi.MidiService$Lifecycle
05-24 16:27:50.571   512   534 I ActivityManagerTiming: OnBootPhase_1000_com.android.server.adb.AdbService$Lifecycle
05-24 16:27:50.571   512   534 I ActivityManagerTiming: OnBootPhase_1000_com.android.server.usb.UsbService$Lifecycle
05-24 16:27:50.571   512   534 I ActivityManagerTiming: OnBootPhase_1000_com.android.server.twilight.TwilightService
05-24 16:27:50.571   512   534 I ActivityManagerTiming: OnBootPhase_1000_com.android.server.display.color.ColorDisplayService
05-24 16:27:50.571   512   534 I ActivityManagerTiming: OnBootPhase_1000_com.android.server.job.JobSchedulerService
05-24 16:27:50.571   512   534 I ActivityManagerTiming: OnBootPhase_1000_com.android.server.soundtrigger.SoundTriggerService
05-24 16:27:50.571   512   534 D SoundTriggerService: onBootPhase: 1000 : false
05-24 16:27:50.571   512   534 I ActivityManagerTiming: OnBootPhase_1000_com.android.server.trust.TrustManagerService
05-24 16:27:50.571   512   534 I ActivityManagerTiming: OnBootPhase_1000_com.android.server.backup.BackupManagerService$Lifecycle
05-24 16:27:50.571   512   534 I ActivityManagerTiming: OnBootPhase_1000_com.android.server.appwidget.AppWidgetService
05-24 16:27:50.571   512   534 I ActivityManagerTiming: OnBootPhase_1000_com.android.server.role.RoleManagerService
05-24 16:27:50.571   512   534 I ActivityManagerTiming: OnBootPhase_1000_com.android.server.voiceinteraction.VoiceInteractionManagerService
05-24 16:27:50.571   512   534 I ActivityManagerTiming: OnBootPhase_1000_com.android.server.GestureLauncherService
05-24 16:27:50.571   512   534 I ActivityManagerTiming: OnBootPhase_1000_com.android.server.SensorNotificationService
05-24 16:27:50.572   187   187 I vold    : onUserAdded: 0
05-24 16:27:50.574   512   534 I ActivityManagerTiming: OnBootPhase_1000_com.android.server.emergency.EmergencyAffordanceService
05-24 16:27:50.574   512   534 I ActivityManagerTiming: OnBootPhase_1000_com.android.server.dreams.DreamManagerService
05-24 16:27:50.574   512   534 I ActivityManagerTiming: OnBootPhase_1000_com.android.server.print.PrintManagerService
05-24 16:27:50.574   512   534 I ActivityManagerTiming: OnBootPhase_1000_com.android.server.companion.CompanionDeviceManagerService
05-24 16:27:50.574   512   534 I ActivityManagerTiming: OnBootPhase_1000_com.android.server.restrictions.RestrictionsManagerService
05-24 16:27:50.574   512   534 I ActivityManagerTiming: OnBootPhase_1000_com.android.server.blob.BlobStoreManagerService
05-24 16:27:50.574   512   534 I ActivityManagerTiming: OnBootPhase_1000_com.android.server.media.MediaSessionService
05-24 16:27:50.574   512   534 I ActivityManagerTiming: OnBootPhase_1000_com.android.server.media.MediaResourceMonitorService
05-24 16:27:50.574   512   534 I ActivityManagerTiming: OnBootPhase_1000_com.android.server.biometrics.fingerprint.FingerprintService
05-24 16:27:50.574   512   534 I ActivityManagerTiming: OnBootPhase_1000_com.android.server.biometrics.BiometricService
05-24 16:27:50.574   512   534 I ActivityManagerTiming: OnBootPhase_1000_com.android.server.biometrics.AuthService
05-24 16:27:50.574   512   534 I ActivityManagerTiming: OnBootPhase_1000_com.android.server.pm.ShortcutService$Lifecycle
05-24 16:27:50.574   512   534 I ActivityManagerTiming: OnBootPhase_1000_com.android.server.pm.LauncherAppsService
05-24 16:27:50.574   512   534 I ActivityManagerTiming: OnBootPhase_1000_com.android.server.pm.CrossProfileAppsService
05-24 16:27:50.574   512   534 I ActivityManagerTiming: OnBootPhase_1000_com.android.server.people.PeopleService
05-24 16:27:50.574   512   534 I ActivityManagerTiming: OnBootPhase_1000_com.android.server.media.projection.MediaProjectionManagerService
05-24 16:27:50.574   512   534 I ActivityManagerTiming: OnBootPhase_1000_com.android.server.slice.SliceManagerService$Lifecycle
05-24 16:27:50.574   512   534 I ActivityManagerTiming: OnBootPhase_1000_com.android.server.camera.CameraServiceProxy
05-24 16:27:50.574   512   534 I ActivityManagerTiming: OnBootPhase_1000_com.android.server.stats.StatsCompanion$Lifecycle
05-24 16:27:50.574   512   534 I ActivityManagerTiming: OnBootPhase_1000_com.android.server.stats.pull.StatsPullAtomService
05-24 16:27:50.574   512   534 I ActivityManagerTiming: OnBootPhase_1000_com.android.server.incident.IncidentCompanionService
05-24 16:27:50.574   512   534 I ActivityManagerTiming: OnBootPhase_1000_com.android.server.MmsServiceBroker
05-24 16:27:50.574   512   534 I ActivityManagerTiming: OnBootPhase_1000_com.android.server.autofill.AutofillManagerService
05-24 16:27:50.574   512   534 I ActivityManagerTiming: OnBootPhase_1000_com.android.server.clipboard.ClipboardService
05-24 16:27:50.574   512   534 I ActivityManagerTiming: OnBootPhase_1000_com.android.server.appbinding.AppBindingService$Lifecycle
05-24 16:27:50.574   512   534 I ActivityManagerTiming: OnBootPhase_1000_com.android.server.policy.PermissionPolicyService
05-24 16:27:50.574   512   534 I ActivityManagerTiming: OnBootPhase_1000_com.android.server.pm.StagingManager$Lifecycle
05-24 16:27:50.574   512   534 D ActivityManagerTiming: TotalBootTime took to complete: 5418ms
05-24 16:27:50.575   512   534 D SystemServerInitThreadPool: Shutdown requested
05-24 16:27:50.575   512   534 I SystemServerTiming: WaitInitThreadPoolShutdown
05-24 16:27:50.575   512   534 D SystemServerInitThreadPool: Shutdown successful
05-24 16:27:50.575   512   531 E AdbDebuggingManager: Expected keyStore, but got tag=null
05-24 16:27:50.575   512   531 E AdbDebuggingManager: Expected keyStore, but got tag=null
05-24 16:27:50.576   512   534 I ActivityManager: User 0 state changed from BOOTING to RUNNING_LOCKED
05-24 16:27:50.576   512   534 W ActivityManager: UserLifecycleEvent 4 received without an active userJourneySession.
05-24 16:27:50.576   512   534 D StorageManagerService: unlockUserKey: 0 isFileEncryptedNativeOrEmulated: true hasToken: false hasSecret: false
05-24 16:27:50.576   187   187 D vold    : fscrypt_unlock_user_key 0 serial=0 token_present=0
05-24 16:27:50.577   187   187 D vold    : Skipping non-key .
05-24 16:27:50.577   187   187 D vold    : Skipping non-key ..
05-24 16:27:50.577   187   187 D vold    : Trying user CE key /data/misc/vold/user_keys/ce/0/current
05-24 16:27:50.579   187   187 I vold    : List of Keymaster HALs found:
05-24 16:27:50.579   187   187 I vold    : Keymaster HAL #1: SoftwareKeymasterDevice from Google SecurityLevel: SOFTWARE HAL: android.hardware.keymaster@4.1::IKeymasterDevice/default
05-24 16:27:50.579   187   187 I vold    : Using SoftwareKeymasterDevice from Google for encryption.  Security level: SOFTWARE, HAL: android.hardware.keymaster@4.1::IKeymasterDevice/default
05-24 16:27:50.579   187   187 D vold    : Successfully retrieved key
05-24 16:27:50.580   187   187 D vold    : Installed fscrypt key with ref 204e501aa5c3d92e07e779d6fbe401d0 to /data
05-24 16:27:50.580   187   187 D vold    : Added fscrypt-provisioning key for 204e501aa5c3d92e07e779d6fbe401d0 to session keyring
05-24 16:27:50.580   187   187 D vold    : Installed ce key for user 0
05-24 16:27:50.581   512   534 W ActivityManager: UserLifecycleEvent 5 received without an active userJourneySession.
05-24 16:27:50.581   512   534 D ActivityManager: Started unlocking user 0
05-24 16:27:50.581   512   534 D ActivityManager: Unlocking user 0 progress 0
05-24 16:27:50.581   512   534 D ActivityManager: Unlocking user 0 progress 5
05-24 16:27:50.581   512   534 E UserspaceRebootLogger: Userspace reboot is not supported.
05-24 16:27:50.582   512   534 D ColorDisplayService: setUp: currentUser=0
05-24 16:27:50.584   512   663 D CompatibilityChangeReporter: Compat change id reported: 135634846; UID 10141; state: DISABLED
05-24 16:27:50.584   512   663 D CompatibilityChangeReporter: Compat change id reported: 135754954; UID 10141; state: DISABLED
05-24 16:27:50.584   512   541 D CompatibilityChangeReporter: Compat change id reported: 143937733; UID 10141; state: DISABLED
05-24 16:27:50.585   512  1369 D AdbDebuggingManager: Received connected key message: QAAAAP1D5GurzmUxnRb8wQOhjjJ3xrimXf3BUYIyY6xz3017C/PRV6cNpkXBnuwGuVfDBZ80v6EbV+KGbyCEP6qrCCgsGs+WgaM9kgIXh2YNdKVaP2FZ7Gq/MxKmuF430iWtUYViQ6lzHsqKtZqS8LBBGoBgdO+rcSuW6znTJ+Q+iVfR9dKPu1l2CtrPhSaO4wGL8KnTgGRH4Oh1WoouSTOJkOfDIY+f3nF8yZCV6STaLNMG70BGNG7fBqGsb+FPRPLPxx0YCw5Iu3ck38R1NO52+QFm+uW6Hyc/jw8NSOVH8dM1bdvMq5vHEOijRKvlFqIFp2CXt2wj2MofNFRzM3TR6NwQalTXS9tm5woPzc6JGYolrwbkAmwi3Sk4kD5abRJtk3+15wV/zEN9ymIrmXGvn7CTIUEvelgCha5qnE3qO93gH1KTuuFauTHjzQh++hgm+w2hPd2m6ySGdnrHNm+xc6JawtXaftYn92OeVs8BJv6lfZCcSBcmUOnFGje5SbNRVVf5rCmx237kEjJxl10LJGdYZHFOeFcNMzpbDlHyEGX3xPwVbwPeWIeWKtjkXlNGqMN6WOQPHxJR2+L4TrLQjXwTM7euZ8GnV1tWviyrVqojVr0c45KRastX0dluN0doPRdHmPTkExgROvM/x8/VMiQBrIl29FHGaTeTiB0OLbwXEOt7RwEAAQA= atmo@jiangjundeMacBook-Pro.local
05-24 16:27:50.585   512   622 D ConnectivityService: Got NetworkProvider Messenger for WifiNetworkFactory
05-24 16:27:50.585   512   622 D ConnectivityService: Got NetworkProvider Messenger for UntrustedWifiNetworkFactory
05-24 16:27:50.586   512   534 I WindowManager: Using new display size: 1080x1920
05-24 16:27:50.587   187   187 D vold    : fscrypt_prepare_user_storage for volume null, user 0, serial 0, flags 2
05-24 16:27:50.587   187   187 D vold    : Preparing: /data/system_ce/0
05-24 16:27:50.587   512   534 D ColorDisplayService: Setting saturation level: 100
05-24 16:27:50.587   187   187 D vold    : Preparing: /data/misc_ce/0
05-24 16:27:50.588   187   187 D vold    : Preparing: /data/vendor_ce/0
05-24 16:27:50.588   187   187 D vold    : Preparing: /data/media/0
05-24 16:27:50.588   187   187 D vold    : Preparing: /data/data
05-24 16:27:50.588   187   187 I vold    : Verified that /data/system_ce/0 has the encryption policy 204e501aa5c3d92e07e779d6fbe401d0 v2 modes 1/4 flags 0x2
05-24 16:27:50.588   187   187 I vold    : Verified that /data/misc_ce/0 has the encryption policy 204e501aa5c3d92e07e779d6fbe401d0 v2 modes 1/4 flags 0x2
05-24 16:27:50.589   187   187 I vold    : Verified that /data/vendor_ce/0 has the encryption policy 204e501aa5c3d92e07e779d6fbe401d0 v2 modes 1/4 flags 0x2
05-24 16:27:50.589   187   187 I vold    : Verified that /data/media/0 has the encryption policy 204e501aa5c3d92e07e779d6fbe401d0 v2 modes 1/4 flags 0x2
05-24 16:27:50.589   187   187 I vold    : Verified that /data/data has the encryption policy 204e501aa5c3d92e07e779d6fbe401d0 v2 modes 1/4 flags 0x2
05-24 16:27:50.589   187   187 D vold    : Starting restorecon of /data/system_ce/0
05-24 16:27:50.590   512   534 D ColorDisplayService: Setting saturation level: 100
05-24 16:27:50.590   512   534 D ColorDisplayService: GlobalSaturationTintController Animation cancelled: true to matrix: 
05-24 16:27:50.590   512   534 D ColorDisplayService:        1.000000 0.000000 0.000000 0.000000 0.000000 1.000000 0.000000 0.000000 0.000000 0.000000 1.000000 0.000000 0.000000 0.000000 0.000000 1.000000 min matrix coefficients: 
05-24 16:27:50.590   512   534 D ColorDisplayService:        1.000000 0.000000 0.000000 0.000000 0.000000 1.000000 0.000000 0.000000 0.000000 0.000000 1.000000 0.000000 0.000000 0.000000 0.000000 1.000000 max matrix coefficients: 
05-24 16:27:50.590   512   534 D ColorDisplayService:        1.000000 0.000000 0.000000 0.000000 0.000000 1.000000 0.000000 0.000000 0.000000 0.000000 1.000000 0.000000 0.000000 0.000000 0.000000 1.000000
05-24 16:27:50.592   512   541 I ActivityManager: Start proc 1371:com.google.android.inputmethod.latin/u0a141 for service {com.google.android.inputmethod.latin/com.android.inputmethod.latin.LatinIME}
05-24 16:27:50.600   187   187 D vold    : Finished restorecon of /data/system_ce/0
05-24 16:27:50.600   187   187 D vold    : Starting restorecon of /data/vendor_ce/0
05-24 16:27:50.602   187   187 D vold    : Finished restorecon of /data/vendor_ce/0
05-24 16:27:50.602   187   187 D vold    : Starting restorecon of /data/misc_ce/0
05-24 16:27:50.603   187   187 D vold    : Finished restorecon of /data/misc_ce/0
05-24 16:27:50.603   187   187 D vold    : /system/bin/vold_prepare_subdirs
05-24 16:27:50.603   187   187 D vold    :     prepare
05-24 16:27:50.603   187   187 D vold    :     
05-24 16:27:50.603   187   187 D vold    :     0
05-24 16:27:50.603   187   187 D vold    :     2
05-24 16:27:50.605  1196  1226 W ActivityThread: Failed to find provider info for com.google.android.gsf.gservices (user not unlocked)
05-24 16:27:50.605  1196  1226 W ActivityThread: Failed to find provider info for com.google.android.gsf.gservices (user not unlocked)
05-24 16:27:50.607   512  1357 D CompatibilityChangeReporter: Compat change id reported: 135634846; UID 10123; state: DISABLED
05-24 16:27:50.607   512  1357 D CompatibilityChangeReporter: Compat change id reported: 135754954; UID 10123; state: ENABLED
05-24 16:27:50.607   512   541 D CompatibilityChangeReporter: Compat change id reported: 143937733; UID 10123; state: ENABLED
05-24 16:27:50.609   512   531 V UserDataPreparer: Found /data/user/0 with serial number 0
05-24 16:27:50.609   512   531 V UserDataPreparer: Found /data/system_ce/0 with serial number 0
05-24 16:27:50.609   512   531 D UserDataPreparer: Setting property: sys.user.0.ce_available=true
05-24 16:27:50.609   512   531 V PackageManager: reconcileAppsData for null u0 0x2 migrateAppData=false
05-24 16:27:50.610   512   541 I ActivityManager: Start proc 1400:com.google.android.gms/u0a123 for service {com.google.android.gms/com.google.android.gms.chimera.GmsIntentOperationService}
05-24 16:27:50.651   512   531 V PackageManager: reconcileAppsData finished 205 packages
05-24 16:27:50.651   512   531 I ActivityManager: User 0 state changed from RUNNING_LOCKED to RUNNING_UNLOCKING
05-24 16:27:50.652   512   531 D ActivityManager: Unlocking user 0 progress 20
05-24 16:27:50.652   512   531 D AdbDebuggingManager: Logging key QAAAAP1D5GurzmUxnRb8wQOhjjJ3xrimXf3BUYIyY6xz3017C/PRV6cNpkXBnuwGuVfDBZ80v6EbV+KGbyCEP6qrCCgsGs+WgaM9kgIXh2YNdKVaP2FZ7Gq/MxKmuF430iWtUYViQ6lzHsqKtZqS8LBBGoBgdO+rcSuW6znTJ+Q+iVfR9dKPu1l2CtrPhSaO4wGL8KnTgGRH4Oh1WoouSTOJkOfDIY+f3nF8yZCV6STaLNMG70BGNG7fBqGsb+FPRPLPxx0YCw5Iu3ck38R1NO52+QFm+uW6Hyc/jw8NSOVH8dM1bdvMq5vHEOijRKvlFqIFp2CXt2wj2MofNFRzM3TR6NwQalTXS9tm5woPzc6JGYolrwbkAmwi3Sk4kD5abRJtk3+15wV/zEN9ymIrmXGvn7CTIUEvelgCha5qnE3qO93gH1KTuuFauTHjzQh++hgm+w2hPd2m6ySGdnrHNm+xc6JawtXaftYn92OeVs8BJv6lfZCcSBcmUOnFGje5SbNRVVf5rCmx237kEjJxl10LJGdYZHFOeFcNMzpbDlHyEGX3xPwVbwPeWIeWKtjkXlNGqMN6WOQPHxJR2+L4TrLQjXwTM7euZ8GnV1tWviyrVqojVr0c45KRastX0dluN0doPRdHmPTkExgROvM/x8/VMiQBrIl29FHGaTeTiB0OLbwXEOt7RwEAAQA= atmo@jiangjundeMacBook-Pro.local, state = 4, alwaysAllow = true, lastConnectionTime = 1748075270652, authWindow = 604800000
05-24 16:27:50.652   512   540 I SystemServerTimingAsync: ssm.UnlockingUser-0
05-24 16:27:50.652   512   540 I SystemServiceManager: Calling onUnlockingUser 0
05-24 16:27:50.652   512   540 I SystemServerTimingAsync: ssm.onUnlockingUser-0_com.android.server.security.FileIntegrityService
05-24 16:27:50.652   512   540 I SystemServerTimingAsync: ssm.onUnlockingUser-0_com.android.server.pm.Installer
05-24 16:27:50.652   512   540 I SystemServerTimingAsync: ssm.onUnlockingUser-0_com.android.server.os.DeviceIdentifiersPolicyService
05-24 16:27:50.652   512   540 I SystemServerTimingAsync: ssm.onUnlockingUser-0_com.android.server.uri.UriGrantsManagerService$Lifecycle
05-24 16:27:50.652   512   540 I SystemServerTimingAsync: ssm.onUnlockingUser-0_com.android.server.wm.ActivityTaskManagerService$Lifecycle
05-24 16:27:50.652   512   540 I LaunchParamsPersister: Didn't find launch param folder for user 0
05-24 16:27:50.652   512   540 I SystemServerTimingAsync: ssm.onUnlockingUser-0_com.android.server.am.ActivityManagerService$Lifecycle
05-24 16:27:50.652   512   540 I SystemServerTimingAsync: ssm.onUnlockingUser-0_com.android.server.pm.DataLoaderManagerService
05-24 16:27:50.652   512   540 I SystemServerTimingAsync: ssm.onUnlockingUser-0_com.android.server.power.PowerManagerService
05-24 16:27:50.652   512   540 I SystemServerTimingAsync: ssm.onUnlockingUser-0_com.android.server.power.ThermalManagerService
05-24 16:27:50.652   512   540 I SystemServerTimingAsync: ssm.onUnlockingUser-0_com.android.server.recoverysystem.RecoverySystemService$Lifecycle
05-24 16:27:50.652   512   540 I SystemServerTimingAsync: ssm.onUnlockingUser-0_com.android.server.lights.LightsService
05-24 16:27:50.652   512   540 I SystemServerTimingAsync: ssm.onUnlockingUser-0_com.android.server.display.DisplayManagerService
05-24 16:27:50.652   512   540 I SystemServerTimingAsync: ssm.onUnlockingUser-0_com.android.server.pm.UserManagerService$LifeCycle
05-24 16:27:50.652   512   540 I SystemServerTimingAsync: ssm.onUnlockingUser-0_com.android.server.om.OverlayManagerService
05-24 16:27:50.652   512   540 I SystemServerTimingAsync: ssm.onUnlockingUser-0_com.android.server.SensorPrivacyService
05-24 16:27:50.652   512   540 I SystemServerTimingAsync: ssm.onUnlockingUser-0_com.android.server.SystemConfigService
05-24 16:27:50.652   512   540 I SystemServerTimingAsync: ssm.onUnlockingUser-0_com.android.server.BatteryService
05-24 16:27:50.652   512   540 I SystemServerTimingAsync: ssm.onUnlockingUser-0_com.android.server.usage.UsageStatsService
05-24 16:27:50.652   512   540 I SystemServerTimingAsync: ssm.onUnlockingUser-0_com.android.server.webkit.WebViewUpdateService
05-24 16:27:50.652   512   540 I SystemServerTimingAsync: ssm.onUnlockingUser-0_com.android.server.CachedDeviceStateService
05-24 16:27:50.652   512   540 I SystemServerTimingAsync: ssm.onUnlockingUser-0_com.android.server.BinderCallsStatsService$LifeCycle
05-24 16:27:50.652   512   540 I SystemServerTimingAsync: ssm.onUnlockingUser-0_com.android.server.LooperStatsService$Lifecycle
05-24 16:27:50.652   512   540 I SystemServerTimingAsync: ssm.onUnlockingUser-0_com.android.server.rollback.RollbackManagerService
05-24 16:27:50.652   512   540 I SystemServerTimingAsync: ssm.onUnlockingUser-0_com.android.server.os.BugreportManagerService
05-24 16:27:50.652   512   540 I SystemServerTimingAsync: ssm.onUnlockingUser-0_com.android.server.gpu.GpuService
05-24 16:27:50.652   512   540 I SystemServerTimingAsync: ssm.onUnlockingUser-0_com.android.server.security.KeyChainSystemService
05-24 16:27:50.652   512   540 I SystemServerTimingAsync: ssm.onUnlockingUser-0_com.android.server.telecom.TelecomLoaderService
05-24 16:27:50.652   512   540 I SystemServerTimingAsync: ssm.onUnlockingUser-0_com.android.server.accounts.AccountManagerService$Lifecycle
05-24 16:27:50.652   512   540 I SystemServerTimingAsync: ssm.onUnlockingUser-0_com.android.server.content.ContentService$Lifecycle
05-24 16:27:50.652   512   540 I SystemServerTimingAsync: ssm.onUnlockingUser-0_com.android.server.DropBoxManagerService
05-24 16:27:50.652   512   540 I SystemServerTimingAsync: ssm.onUnlockingUser-0_com.android.server.AlarmManagerService
05-24 16:27:50.652   512   540 I SystemServerTimingAsync: ssm.onUnlockingUser-0_com.android.server.BluetoothService
05-24 16:27:50.652   512   540 D BluetoothManagerService: User 0 unlocked
05-24 16:27:50.652   512   540 I SystemServerTimingAsync: ssm.onUnlockingUser-0_com.android.server.connectivity.IpConnectivityMetrics
05-24 16:27:50.652   512   540 I SystemServerTimingAsync: ssm.onUnlockingUser-0_com.android.server.net.watchlist.NetworkWatchlistService$Lifecycle
05-24 16:27:50.652   512   533 D BluetoothManagerService: MESSAGE_USER_UNLOCKED
05-24 16:27:50.652   512   540 I SystemServerTimingAsync: ssm.onUnlockingUser-0_com.android.server.PinnerService
05-24 16:27:50.652   512   540 I SystemServerTimingAsync: ssm.onUnlockingUser-0_com.google.android.startop.iorap.IorapForwardingService
05-24 16:27:50.652   512   540 I SystemServerTimingAsync: ssm.onUnlockingUser-0_com.android.server.integrity.AppIntegrityManagerService
05-24 16:27:50.652   512   540 I SystemServerTimingAsync: ssm.onUnlockingUser-0_com.android.server.inputmethod.InputMethodManagerService$Lifecycle
05-24 16:27:50.652   512   540 I SystemServerTimingAsync: ssm.onUnlockingUser-0_com.android.server.accessibility.AccessibilityManagerService$Lifecycle
05-24 16:27:50.652   512   540 I SystemServerTimingAsync: ssm.onUnlockingUser-0_com.android.server.StorageManagerService$Lifecycle
05-24 16:27:50.652   512   540 D StorageManagerService: onUnlockUser 0
05-24 16:27:50.652   512   540 I StorageSessionController: On user unlock 0
05-24 16:27:50.652   512   540 I StorageSessionController: Initialialising...
05-24 16:27:50.653   187   187 I vold    : onUserStarted: 0
05-24 16:27:50.653   512   663 V StorageManagerService: Found primary storage at VolumeInfo{emulated;0}:
05-24 16:27:50.653   512   663 V StorageManagerService:     type=EMULATED diskId=null partGuid= mountFlags=0 mountUserId=0 
05-24 16:27:50.653   512   663 V StorageManagerService:     state=UNMOUNTED 
05-24 16:27:50.653   512   663 V StorageManagerService:     fsType=null fsUuid=null fsLabel=null 
05-24 16:27:50.653   512   663 V StorageManagerService:     path=null internalPath=null 
05-24 16:27:50.653   512   611 I StorageManagerService: Mounting volume VolumeInfo{emulated;0}:
05-24 16:27:50.653   512   611 I StorageManagerService:     type=EMULATED diskId=null partGuid= mountFlags=PRIMARY|VISIBLE 
05-24 16:27:50.653   512   611 I StorageManagerService:     mountUserId=0 state=UNMOUNTED 
05-24 16:27:50.653   512   611 I StorageManagerService:     fsType=null fsUuid=null fsLabel=null 
05-24 16:27:50.653   512   611 I StorageManagerService:     path=null internalPath=null 
05-24 16:27:50.653   187   189 I vold    : Mounting emulated fuse volume
05-24 16:27:50.655   187   189 I vold    : Bind mounting /data/media to /mnt/pass_through/0/emulated
05-24 16:27:50.655   512   611 I StorageSessionController: On volume mount VolumeInfo{emulated;0}:
05-24 16:27:50.655   512   611 I StorageSessionController:     type=EMULATED diskId=null partGuid= mountFlags=PRIMARY|VISIBLE 
05-24 16:27:50.655   512   611 I StorageSessionController:     mountUserId=0 state=CHECKING 
05-24 16:27:50.655   512   611 I StorageSessionController:     fsType=null fsUuid=null fsLabel=null 
05-24 16:27:50.655   512   611 I StorageSessionController:     path=/storage/emulated internalPath=/data/media 
05-24 16:27:50.656   512   611 I StorageSessionController: Creating connection for user: 0
05-24 16:27:50.656   512   611 I StorageSessionController: Creating and starting session with id: emulated;0
05-24 16:27:50.656   512   611 I StorageUserConnection: Binding to the ExternalStorageService for user 0
05-24 16:27:50.656   512   512 W InputMethodManagerService: Illegal subtype state: old subtype = null, new subtype = android.view.inputmethod.InputMethodSubtype@70bfcd7e
05-24 16:27:50.656   512   611 D CompatibilityChangeReporter: Compat change id reported: 135634846; UID 10167; state: DISABLED
05-24 16:27:50.656   512   611 D CompatibilityChangeReporter: Compat change id reported: 135754954; UID 10167; state: ENABLED
05-24 16:27:50.656   512   541 D CompatibilityChangeReporter: Compat change id reported: 143937733; UID 10167; state: ENABLED
05-24 16:27:50.656   512   540 I SystemServerTimingAsync: ssm.onUnlockingUser-0_com.android.server.usage.StorageStatsService$Lifecycle
05-24 16:27:50.656   512   540 I SystemServerTimingAsync: ssm.onUnlockingUser-0_com.android.server.UiModeManagerService
05-24 16:27:50.656   512   540 I SystemServerTimingAsync: ssm.onUnlockingUser-0_com.android.server.locksettings.LockSettingsService$Lifecycle
05-24 16:27:50.657   512   540 I SystemServerTimingAsync: ssm.onUnlockingUser-0_com.android.server.testharness.TestHarnessModeService
05-24 16:27:50.657   512   540 I SystemServerTimingAsync: ssm.onUnlockingUser-0_com.android.server.DeviceIdleController
05-24 16:27:50.657   512   540 I SystemServerTimingAsync: ssm.onUnlockingUser-0_com.android.server.devicepolicy.DevicePolicyManagerService$Lifecycle
05-24 16:27:50.657   512   540 I SystemServerTimingAsync: ssm.onUnlockingUser-0_com.android.server.contentcapture.ContentCaptureManagerService
05-24 16:27:50.657   512   540 E ContentCapturePerUserService: Bad service name: com.google.android.as/com.google.android.apps.miphone.aiai.app.AiAiContentCaptureService
05-24 16:27:50.657   512   540 I chatty  : uid=1000 system_server identical 1 line
05-24 16:27:50.657   512   540 E ContentCapturePerUserService: Bad service name: com.google.android.as/com.google.android.apps.miphone.aiai.app.AiAiContentCaptureService
05-24 16:27:50.657   512   540 I SystemServerTimingAsync: ssm.onUnlockingUser-0_com.android.server.systemcaptions.SystemCaptionsManagerService
05-24 16:27:50.657   512   611 I StorageUserConnection: Bound to the ExternalStorageService for user 0
05-24 16:27:50.657   512   540 E SystemCaptionsManagerPerUserService: Bad service name: com.google.android.as/com.google.android.apps.miphone.aiai.captions.SystemCaptionsManagerService
05-24 16:27:50.657   512   540 I SystemServerTimingAsync: ssm.onUnlockingUser-0_com.android.server.appprediction.AppPredictionManagerService
05-24 16:27:50.657   512   540 E AppPredictionPerUserService: Bad service name: com.google.android.as/com.google.android.apps.miphone.aiai.app.AiAiPredictionService
05-24 16:27:50.657   512   540 I SystemServerTimingAsync: ssm.onUnlockingUser-0_com.android.server.contentsuggestions.ContentSuggestionsManagerService
05-24 16:27:50.657   512   540 E ContentSuggestionsPerUserService: Bad service name: com.google.android.as/com.google.android.apps.miphone.aiai.app.AiAiContentSuggestionsService
05-24 16:27:50.657   512   540 I SystemServerTimingAsync: ssm.onUnlockingUser-0_com.android.server.textservices.TextServicesManagerService$Lifecycle
05-24 16:27:50.657   512   540 I SystemServerTimingAsync: ssm.onUnlockingUser-0_com.android.server.textclassifier.TextClassificationManagerService$Lifecycle
05-24 16:27:50.657   512   540 I SystemServerTimingAsync: ssm.onUnlockingUser-0_com.android.server.NetworkScoreService$Lifecycle
05-24 16:27:50.657   512   540 I SystemServerTimingAsync: ssm.onUnlockingUser-0_com.android.server.wifi.WifiService
05-24 16:27:50.657   512   540 I SystemServerTimingAsync: ssm.onUnlockingUser-0_com.android.server.wifi.scanner.WifiScanningService
05-24 16:27:50.657   512   540 I SystemServerTimingAsync: ssm.onUnlockingUser-0_com.android.server.wifi.p2p.WifiP2pService
05-24 16:27:50.657   512   540 I SystemServerTimingAsync: ssm.onUnlockingUser-0_com.android.server.notification.NotificationManagerService
05-24 16:27:50.657   512   540 I SystemServerTimingAsync: ssm.onUnlockingUser-0_com.android.server.storage.DeviceStorageMonitorService
05-24 16:27:50.657   512   540 I SystemServerTimingAsync: ssm.onUnlockingUser-0_com.android.server.location.LocationManagerService$Lifecycle
05-24 16:27:50.657   512   540 I SystemServerTimingAsync: ssm.onUnlockingUser-0_com.android.server.timedetector.TimeDetectorService$Lifecycle
05-24 16:27:50.657   512   540 I SystemServerTimingAsync: ssm.onUnlockingUser-0_com.android.server.timezonedetector.TimeZoneDetectorService$Lifecycle
05-24 16:27:50.657   512   540 I SystemServerTimingAsync: ssm.onUnlockingUser-0_com.android.server.search.SearchManagerService$Lifecycle
05-24 16:27:50.657   512   540 I SystemServerTimingAsync: ssm.onUnlockingUser-0_com.android.server.wallpaper.WallpaperManagerService$Lifecycle
05-24 16:27:50.657   512   540 I WallpaperManagerService: on-unlock-user-0
05-24 16:27:50.657   512   540 I SystemServerTimingAsync: ssm.onUnlockingUser-0_com.android.server.audio.AudioService$Lifecycle
05-24 16:27:50.657   512   540 I SystemServerTimingAsync: ssm.onUnlockingUser-0_com.android.server.soundtrigger_middleware.SoundTriggerMiddlewareService$Lifecycle
05-24 16:27:50.657   512   540 I SystemServerTimingAsync: ssm.onUnlockingUser-0_com.android.server.DockObserver
05-24 16:27:50.657   512   540 I SystemServerTimingAsync: ssm.onUnlockingUser-0_com.android.server.midi.MidiService$Lifecycle
05-24 16:27:50.657   512   540 I SystemServerTimingAsync: ssm.onUnlockingUser-0_com.android.server.adb.AdbService$Lifecycle
05-24 16:27:50.657   512   540 I SystemServerTimingAsync: ssm.onUnlockingUser-0_com.android.server.usb.UsbService$Lifecycle
05-24 16:27:50.657   512   540 I SystemServerTimingAsync: ssm.onUnlockingUser-0_com.android.server.twilight.TwilightService
05-24 16:27:50.657   512   540 I SystemServerTimingAsync: ssm.onUnlockingUser-0_com.android.server.display.color.ColorDisplayService
05-24 16:27:50.657   512   540 I SystemServerTimingAsync: ssm.onUnlockingUser-0_com.android.server.job.JobSchedulerService
05-24 16:27:50.657   512   540 I SystemServerTimingAsync: ssm.onUnlockingUser-0_com.android.server.soundtrigger.SoundTriggerService
05-24 16:27:50.657   512   540 I SystemServerTimingAsync: ssm.onUnlockingUser-0_com.android.server.trust.TrustManagerService
05-24 16:27:50.657   512   540 I SystemServerTimingAsync: ssm.onUnlockingUser-0_com.android.server.backup.BackupManagerService$Lifecycle
05-24 16:27:50.657   512   540 I SystemServerTimingAsync: ssm.onUnlockingUser-0_com.android.server.appwidget.AppWidgetService
05-24 16:27:50.657   512   540 I SystemServerTimingAsync: ssm.onUnlockingUser-0_com.android.server.role.RoleManagerService
05-24 16:27:50.657   512   540 I SystemServerTimingAsync: ssm.onUnlockingUser-0_com.android.server.voiceinteraction.VoiceInteractionManagerService
05-24 16:27:50.658   512   540 D CompatibilityChangeReporter: Compat change id reported: 135634846; UID 10124; state: DISABLED
05-24 16:27:50.658   512   540 D CompatibilityChangeReporter: Compat change id reported: 135754954; UID 10124; state: ENABLED
05-24 16:27:50.658   512   540 I SystemServerTimingAsync: ssm.onUnlockingUser-0_com.android.server.GestureLauncherService
05-24 16:27:50.658   512   540 I SystemServerTimingAsync: ssm.onUnlockingUser-0_com.android.server.SensorNotificationService
05-24 16:27:50.658   512   540 I SystemServerTimingAsync: ssm.onUnlockingUser-0_com.android.server.emergency.EmergencyAffordanceService
05-24 16:27:50.658   512   540 I SystemServerTimingAsync: ssm.onUnlockingUser-0_com.android.server.dreams.DreamManagerService
05-24 16:27:50.658   512   540 I SystemServerTimingAsync: ssm.onUnlockingUser-0_com.android.server.print.PrintManagerService
05-24 16:27:50.658   512   540 I SystemServerTimingAsync: ssm.onUnlockingUser-0_com.android.server.companion.CompanionDeviceManagerService
05-24 16:27:50.658   512   540 I SystemServerTimingAsync: ssm.onUnlockingUser-0_com.android.server.restrictions.RestrictionsManagerService
05-24 16:27:50.658   512   540 I SystemServerTimingAsync: ssm.onUnlockingUser-0_com.android.server.blob.BlobStoreManagerService
05-24 16:27:50.658   512   540 I SystemServerTimingAsync: ssm.onUnlockingUser-0_com.android.server.media.MediaSessionService
05-24 16:27:50.658   512   540 I SystemServerTimingAsync: ssm.onUnlockingUser-0_com.android.server.media.MediaResourceMonitorService
05-24 16:27:50.658   512   540 I SystemServerTimingAsync: ssm.onUnlockingUser-0_com.android.server.biometrics.fingerprint.FingerprintService
05-24 16:27:50.658   512   540 I SystemServerTimingAsync: ssm.onUnlockingUser-0_com.android.server.biometrics.BiometricService
05-24 16:27:50.658   512   540 I SystemServerTimingAsync: ssm.onUnlockingUser-0_com.android.server.biometrics.AuthService
05-24 16:27:50.658   512   540 I SystemServerTimingAsync: ssm.onUnlockingUser-0_com.android.server.pm.ShortcutService$Lifecycle
05-24 16:27:50.658   512   540 I SystemServerTimingAsync: ssm.onUnlockingUser-0_com.android.server.pm.LauncherAppsService
05-24 16:27:50.658   512   540 I SystemServerTimingAsync: ssm.onUnlockingUser-0_com.android.server.pm.CrossProfileAppsService
05-24 16:27:50.658   512   540 I SystemServerTimingAsync: ssm.onUnlockingUser-0_com.android.server.people.PeopleService
05-24 16:27:50.658   512   540 I SystemServerTimingAsync: ssm.onUnlockingUser-0_com.android.server.media.projection.MediaProjectionManagerService
05-24 16:27:50.658   512   540 I SystemServerTimingAsync: ssm.onUnlockingUser-0_com.android.server.slice.SliceManagerService$Lifecycle
05-24 16:27:50.658   512   540 I SystemServerTimingAsync: ssm.onUnlockingUser-0_com.android.server.camera.CameraServiceProxy
05-24 16:27:50.658   512   540 I SystemServerTimingAsync: ssm.onUnlockingUser-0_com.android.server.stats.StatsCompanion$Lifecycle
05-24 16:27:50.658   512   540 I SystemServerTimingAsync: ssm.onUnlockingUser-0_com.android.server.stats.pull.StatsPullAtomService
05-24 16:27:50.658   512   540 I SystemServerTimingAsync: ssm.onUnlockingUser-0_com.android.server.incident.IncidentCompanionService
05-24 16:27:50.658   512   540 I SystemServerTimingAsync: ssm.onUnlockingUser-0_com.android.server.MmsServiceBroker
05-24 16:27:50.658   512   540 I SystemServerTimingAsync: ssm.onUnlockingUser-0_com.android.server.autofill.AutofillManagerService
05-24 16:27:50.659   512   642 I BackupManagerService: Starting service for user: 0
05-24 16:27:50.659   512   642 V BackupManagerService: [UserID:0] Starting with transport com.google.android.gms/.backup.BackupTransportService
05-24 16:27:50.659   512   642 D BackupManagerService: [UserID:0] Started thread backup-0
05-24 16:27:50.659   512   540 E RemoteAugmentedAutofillService: Bad service name for flags 1048704: com.google.android.as/com.google.android.apps.miphone.aiai.app.AiAiAugmentedAutofillService
05-24 16:27:50.659   512   540 E RemoteAugmentedAutofillService: Bad service name for flags 1048704: com.google.android.as/com.google.android.apps.miphone.aiai.app.AiAiAugmentedAutofillService
05-24 16:27:50.659   512   540 I SystemServerTimingAsync: ssm.onUnlockingUser-0_com.android.server.clipboard.ClipboardService
05-24 16:27:50.659   512   540 I SystemServerTimingAsync: ssm.onUnlockingUser-0_com.android.server.appbinding.AppBindingService$Lifecycle
05-24 16:27:50.659   512   540 I SystemServerTimingAsync: ssm.onUnlockingUser-0_com.android.server.policy.PermissionPolicyService
05-24 16:27:50.659   512   540 I SystemServerTimingAsync: ssm.onUnlockingUser-0_com.android.server.pm.StagingManager$Lifecycle
05-24 16:27:50.659   512   540 W ActivityManager: UserLifecycleEvent 5 received without an active userJourneySession.
05-24 16:27:50.659   512   540 W ActivityManager: UserLifecycleEvent 6 received without an active userJourneySession.
05-24 16:27:50.659   512   540 I ActivityManager: User 0 state changed from RUNNING_UNLOCKING to RUNNING_UNLOCKED
05-24 16:27:50.659   512   540 D SystemServerTiming: SystemUserUnlock took to complete: 79ms
05-24 16:27:50.660   512   531 I ActivityTaskManager: Loading recents for user 0 into memory.
05-24 16:27:50.664   512   541 I Watchdog: Interesting Java process com.google.android.providers.media.module started. Pid 1429
